<html>
<body>
<pre>
<h1>µVision Build Log</h1>
<h2>Project:</h2>
S:\COE718\Lab_3a\Part1\Lab3a_1.uvproj
Project File Date:  10/28/2019

<h2>Output:</h2>
Rebuild target 'LPC1768'
assembling startup_LPC17xx.s...
compiling system_LPC17xx.c...
compiling ADC.c...
compiling GLCD_SPI_LPC1700.c...
compiling Joystick.c...
compiling KDB.c...
compiling LED.c...
compiling Demo.c...
compiling RTX_Conf_CM.c...
U:\coe718\labs\lab3a-task\lab3a_1\RTX_Conf_CM.c(277): warning:  #1-D: last line of file ends without a newline
   *---------------------------------------------------------------------------*/
U:\coe718\labs\lab3a-task\lab3a_1\RTX_Conf_CM.c: 1 warning, 0 errors
linking...
Program Size: Code=6632 RO-data=348 RW-data=96 ZI-data=3664  
".\Lab3a_1.axf" - 0 Error(s), 1 Warning(s).
</pre>
</body>
</html>
art (referred from rtx_conf_cm.o).
.\Lab3a_1.axf: Error: L6218E: Undefined symbol osThreadCreate (referred from rtx_conf_cm.o).
.\Lab3a_1.axf: Error: L6218E: Undefined symbol osTimerThread (referred from rtx_conf_cm.o).
.\Lab3a_1.axf: Error: L6218E: Undefined symbol rt_mut_init (referred from rtx_conf_cm.o).
.\Lab3a_1.axf: Error: L6218E: Undefined symbol rt_mut_release (referred from rtx_conf_cm.o).
.\Lab3a_1.axf: Error: L6218E: Undefined symbol rt_mut_wait (referred from rtx_conf_cm.o).
.\Lab3a_1.axf: Error: L6218E: Undefined symbol rt_tsk_self (referred from rtx_conf_cm.o).
Not enough information to list image symbols.
Finished: 1 information, 0 warning and 12 error messages.
".\Lab3a_1.axf" - 12 Error(s), 0 Warning(s).
Target not created
rom rtx_conf_cm.o).
.\Lab3a_1.axf: Error: L6218E: Undefined symbol osThreadCreate (referred from rtx_conf_cm.o).
.\Lab3a_1.axf: Error: L6218E: Undefined symbol osTimerThread (referred from rtx_conf_cm.o).
.\Lab3a_1.axf: Error: L6218E: Undefined symbol rt_mut_init (referred from rtx_conf_cm.o).
.\Lab3a_1.axf: Error: L6218E: Undefined symbol rt_mut_release (referred from rtx_conf_cm.o).
.\Lab3a_1.axf: Error: L6218E: Undefined symbol rt_mut_wait (referred from rtx_conf_cm.o).
.\Lab3a_1.axf: Error: L6218E: Undefined symbol rt_tsk_self (referred from rtx_conf_cm.o).
Not enough information to list image symbols.
Finished: 1 information, 0 warning and 18 error messages.
".\Lab3a_1.axf" - 18 Error(s), 1 Warning(s).
Target not created

