<html>
<body>
<pre>
<h1>µVision Build Log</h1>
<h2>Project:</h2>
S:\COE718\Lab_3a\Part2\part2.uvproj
Project File Date:  10/28/2019

<h2>Output:</h2>
Rebuild target 'LPC1768'
assembling startup_LPC17xx.s...
compiling system_LPC17xx.c...
compiling Demo2.c...
compiling ADC.c...
compiling GLCD_SPI_LPC1700.c...
compiling Joystick.c...
compiling KDB.c...
compiling LED.c...
compiling RTX_Conf_CM.c...
U:\coe718\labs\lab3a-task\lab3a_2\RTX_Conf_CM.c(277): warning:  #1-D: last line of file ends without a newline
   *---------------------------------------------------------------------------*/
U:\coe718\labs\lab3a-task\lab3a_2\RTX_Conf_CM.c: 1 warning, 0 errors
linking...
Program Size: Code=8316 RO-data=348 RW-data=172 ZI-data=3684  
".\part2.axf" - 0 Error(s), 1 Warning(s).
</pre>
</body>
</html>
.o).
Not enough information to list image symbols.
Finished: 1 information, 0 warning and 2 error messages.
".\part2.axf" - 2 Error(s), 1 Warning(s).
Target not created
\part2.axf" - 3 Error(s), 1 Warning(s).
Target not created
