ARM Linker, 5.03 [Build 76] [MDK-ARM Professional]

==============================================================================

Section Cross References

    startup_lpc17xx.o(STACK) refers (Special) to heapauxi.o(.text) for __use_two_region_memory
    startup_lpc17xx.o(HEAP) refers (Special) to heapauxi.o(.text) for __use_two_region_memory
    startup_lpc17xx.o(RESET) refers (Special) to heapauxi.o(.text) for __use_two_region_memory
    startup_lpc17xx.o(RESET) refers to startup_lpc17xx.o(STACK) for __initial_sp
    startup_lpc17xx.o(RESET) refers to startup_lpc17xx.o(.text) for Reset_Handler
    startup_lpc17xx.o(RESET) refers to hal_cm3.o(.emb_text) for SVC_Handler
    startup_lpc17xx.o(.ARM.__at_0x02FC) refers (Special) to heapauxi.o(.text) for __use_two_region_memory
    startup_lpc17xx.o(.text) refers (Special) to heapauxi.o(.text) for __use_two_region_memory
    startup_lpc17xx.o(.text) refers to system_lpc17xx.o(.text) for SystemInit
    startup_lpc17xx.o(.text) refers to __main.o(!!!main) for __main
    startup_lpc17xx.o(.text) refers to startup_lpc17xx.o(HEAP) for Heap_Mem
    startup_lpc17xx.o(.text) refers to startup_lpc17xx.o(STACK) for Stack_Mem
    system_lpc17xx.o(.text) refers to lludivv7m.o(.text) for __aeabi_uldivmod
    system_lpc17xx.o(.text) refers to system_lpc17xx.o(.data) for SystemCoreClock
    rtx_conf_cm.o(.emb_text) refers to sys_stackheap_outer.o(.text) for __user_setup_stackheap
    rtx_conf_cm.o(.emb_text) refers to libinit.o(.ARM.Collect$$libinit$$00000000) for __rt_lib_init
    rtx_conf_cm.o(.emb_text) refers to rt_cmsis.o(i.osKernelInitialize) for osKernelInitialize
    rtx_conf_cm.o(.emb_text) refers to rt_cmsis.o(i.osThreadCreate) for osThreadCreate
    rtx_conf_cm.o(.emb_text) refers to rt_cmsis.o(i.osKernelStart) for osKernelStart
    rtx_conf_cm.o(.emb_text) refers to exit.o(.text) for exit
    rtx_conf_cm.o(.emb_text) refers to rtx_conf_cm.o(.data) for os_thread_def_main
    rtx_conf_cm.o(.text) refers to rt_task.o(i.rt_tsk_self) for rt_tsk_self
    rtx_conf_cm.o(.text) refers to rt_mutex.o(i.rt_mut_init) for rt_mut_init
    rtx_conf_cm.o(.text) refers to rtx_conf_cm.o(.bss) for .bss
    rtx_conf_cm.o(.text) refers to libspace.o(.bss) for __libspace_start
    rtx_conf_cm.o(.text) refers to rtx_conf_cm.o(.data) for .data
    rtx_conf_cm.o(.text) refers to rt_mutex.o(i.rt_mut_wait) for rt_mut_wait
    rtx_conf_cm.o(.text) refers to rt_mutex.o(i.rt_mut_release) for rt_mut_release
    rtx_conf_cm.o(.constdata) refers to rt_cmsis.o(i.osTimerThread) for osTimerThread
    rtx_conf_cm.o(.constdata) refers to rtx_conf_cm.o(.bss) for os_messageQ_q_osTimerMessageQ
    rtx_conf_cm.o(.data) refers to a2.o(.text) for main
    adc.o(.text) refers to adc.o(.data) for AD_last
    glcd_spi_lpc1700.o(.text) refers to glcd_spi_lpc1700.o(.data) for Himax
    glcd_spi_lpc1700.o(.text) refers to glcd_spi_lpc1700.o(.constdata) for Font_6x8_h
    joystick.o(.text) refers to kdb.o(.text) for KDB_button
    joystick.o(.text) refers to strcpy.o(.text) for strcpy
    joystick.o(.text) refers to joystick.o(.data) for KBD_neutral
    led.o(.text) refers to led.o(.constdata) for led_mask
    a2.o(.text) refers to rt_cmsis.o(i.osSignalSet) for osSignalSet
    a2.o(.text) refers to led.o(.text) for LED_On
    a2.o(.text) refers to rt_cmsis.o(i.osSignalWait) for osSignalWait
    a2.o(.text) refers to rt_cmsis.o(i.osThreadSetPriority) for osThreadSetPriority
    a2.o(.text) refers to rt_cmsis.o(i.osSemaphoreWait) for osSemaphoreWait
    a2.o(.text) refers to rt_cmsis.o(i.osSemaphoreRelease) for osSemaphoreRelease
    a2.o(.text) refers to rt_cmsis.o(i.osTimerCreate) for osTimerCreate
    a2.o(.text) refers to rt_cmsis.o(i.osSemaphoreCreate) for osSemaphoreCreate
    a2.o(.text) refers to rt_cmsis.o(i.osTimerStart) for osTimerStart
    a2.o(.text) refers to rt_cmsis.o(i.osThreadCreate) for osThreadCreate
    a2.o(.text) refers to rt_cmsis.o(i.osKernelStart) for osKernelStart
    a2.o(.text) refers to rt_cmsis.o(i.osDelay) for osDelay
    a2.o(.text) refers to a2.o(.data) for TRB
    a2.o(.text) refers to a2.o(.constdata) for os_timer_def_tms
    a2.o(.constdata) refers to a2.o(.data) for os_semaphore_cb_download_more_ram
    a2.o(.constdata) refers to a2.o(.text) for thr_At
    a2.o(.constdata) refers to a2.o(.bss) for os_timer_cb_tms
    rt_cmsis.o(i.isrMessagePut) refers to rt_mailbox.o(i.rt_mbx_check) for rt_mbx_check
    rt_cmsis.o(i.isrMessagePut) refers to rt_mailbox.o(i.isr_mbx_send) for isr_mbx_send
    rt_cmsis.o(i.osDelay) refers to rt_cmsis.o(i.svcDelay) for svcDelay
    rt_cmsis.o(i.osKernelInitialize) refers to rt_cmsis.o(i.svcKernelInitialize) for svcKernelInitialize
    rt_cmsis.o(i.osKernelRunning) refers to rt_cmsis.o(i.svcKernelRunning) for svcKernelRunning
    rt_cmsis.o(i.osKernelRunning) refers to rt_cmsis.o(.data) for .data
    rt_cmsis.o(i.osKernelStart) refers to rtx_conf_cm.o(.constdata) for os_flags
[...]
    libinit.o(.ARM.Collect$$libinit$$00000000) refers (Special) to libinit2.o(.ARM.Collect$$libinit$$00000023) for __rt_lib_init_stdio_1
    libinit.o(.ARM.Collect$$libinit$$00000000) refers (Special) to libinit2.o(.ARM.Collect$$libinit$$0000000A) for __rt_lib_init_user_alloc_1
    __main.o(!!!main) refers to rtx_conf_cm.o(.emb_text) for __rt_entry
    rtexit.o(.ARM.Collect$$rtexit$$00000000) refers (Special) to rtexit2.o(.ARM.Collect$$rtexit$$00000004) for __rt_exit_exit
    rtexit.o(.ARM.Collect$$rtexit$$00000000) refers (Special) to rtexit2.o(.ARM.Collect$$rtexit$$00000003) for __rt_exit_ls
    rtexit.o(.ARM.Collect$$rtexit$$00000000) refers (Special) to rtexit2.o(.ARM.Collect$$rtexit$$00000002) for __rt_exit_prels_1
    rtexit.o(.ARM.exidx) refers (Special) to rtexit2.o(.ARM.Collect$$rtexit$$00000004) for __rt_exit_exit
    rtexit.o(.ARM.exidx) refers (Special) to rtexit2.o(.ARM.Collect$$rtexit$$00000003) for __rt_exit_ls
    rtexit.o(.ARM.exidx) refers (Special) to rtexit2.o(.ARM.Collect$$rtexit$$00000002) for __rt_exit_prels_1
    rtexit.o(.ARM.exidx) refers to rtexit.o(.ARM.Collect$$rtexit$$00000000) for .ARM.Collect$$rtexit$$00000000
    aeabi_ldiv0_sigfpe.o(.text) refers to rt_div0.o(.text) for __rt_div0
    libinit2.o(.ARM.Collect$$libinit$$0000000E) refers to libinit2.o(.ARM.Collect$$libinit$$0000000D) for .ARM.Collect$$libinit$$0000000D
    libinit2.o(.ARM.Collect$$libinit$$00000010) refers to libinit2.o(.ARM.Collect$$libinit$$0000000D) for .ARM.Collect$$libinit$$0000000D
    libinit2.o(.ARM.Collect$$libinit$$00000012) refers to libinit2.o(.ARM.Collect$$libinit$$0000000D) for .ARM.Collect$$libinit$$0000000D
    libinit2.o(.ARM.Collect$$libinit$$00000014) refers to libinit2.o(.ARM.Collect$$libinit$$0000000D) for .ARM.Collect$$libinit$$0000000D
    libinit2.o(.ARM.Collect$$libinit$$00000016) refers to libinit2.o(.ARM.Collect$$libinit$$0000000D) for .ARM.Collect$$libinit$$0000000D
    libinit2.o(.ARM.Collect$$libinit$$00000024) refers to argv_veneer.o(.emb_text) for __ARM_argv_veneer
    libinit2.o(.ARM.Collect$$libinit$$00000025) refers to argv_veneer.o(.emb_text) for __ARM_argv_veneer
    rtexit2.o(.ARM.Collect$$rtexit$$00000003) refers to libshutdown.o(.ARM.Collect$$libshutdown$$00000000) for __rt_lib_shutdown
    rtexit2.o(.ARM.Collect$$rtexit$$00000004) refers to sys_exit.o(.text) for _sys_exit
    rtexit2.o(.ARM.exidx) refers to rtexit2.o(.ARM.Collect$$rtexit$$00000001) for .ARM.Collect$$rtexit$$00000001
    rtexit2.o(.ARM.exidx) refers to rtexit2.o(.ARM.Collect$$rtexit$$00000003) for .ARM.Collect$$rtexit$$00000003
    rtexit2.o(.ARM.exidx) refers to rtexit2.o(.ARM.Collect$$rtexit$$00000004) for .ARM.Collect$$rtexit$$00000004
    rt_div0.o(.text) refers to defsig_fpe_outer.o(.text) for __rt_SIGFPE
    argv_veneer.o(.emb_text) refers to no_argv.o(.text) for __ARM_get_argv
    sys_exit.o(.text) refers (Special) to use_no_semi.o(.text) for __I$use$semihosting
    sys_exit.o(.text) refers (Special) to indicate_semi.o(.text) for __semihosting_library_function
    defsig_fpe_outer.o(.text) refers to defsig_fpe_inner.o(.text) for __rt_SIGFPE_inner
    defsig_fpe_outer.o(.text) refers to defsig_exit.o(.text) for __sig_exit
    defsig_fpe_formal.o(.text) refers to rt_raise.o(.text) for __rt_raise
    _get_argv_nomalloc.o(.text) refers (Special) to hrguard.o(.text) for __heap_region$guard
    _get_argv_nomalloc.o(.text) refers to defsig_rtmem_outer.o(.text) for __rt_SIGRTMEM
    _get_argv_nomalloc.o(.text) refers to sys_command.o(.text) for _sys_command_string
    libshutdown.o(.ARM.Collect$$libshutdown$$00000000) refers (Special) to libshutdown2.o(.ARM.Collect$$libshutdown$$00000006) for __rt_lib_shutdown_fp_trap_1
    libshutdown.o(.ARM.Collect$$libshutdown$$00000000) refers (Special) to libshutdown2.o(.ARM.Collect$$libshutdown$$0000000E) for __rt_lib_shutdown_heap_1
    libshutdown.o(.ARM.Collect$$libshutdown$$00000000) refers (Special) to libshutdown2.o(.ARM.Collect$$libshutdown$$0000000F) for __rt_lib_shutdown_return
    libshutdown.o(.ARM.Collect$$libshutdown$$00000000) refers (Special) to libshutdown2.o(.ARM.Collect$$libshutdown$$00000009) for __rt_lib_shutdown_signal_1
    libshutdown.o(.ARM.Collect$$libshutdown$$00000000) refers (Special) to libshutdown2.o(.ARM.Collect$$libshutdown$$00000003) for __rt_lib_shutdown_stdio_1
    libshutdown.o(.ARM.Collect$$libshutdown$$00000000) refers (Special) to libshutdown2.o(.ARM.Collect$$libshutdown$$0000000B) for __rt_lib_shutdown_user_alloc_1
    sys_command.o(.text) refers (Special) to use_no_semi.o(.text) for __I$use$semihosting
    sys_command.o(.text) refers (Special) to indicate_semi.o(.text) for __semihosting_library_function
    rt_raise.o(.text) refers to __raise.o(.text) for __raise
    rt_raise.o(.text) refers to sys_exit.o(.text) for _sys_exit
    defsig_exit.o(.text) refers to sys_exit.o(.text) for _sys_exit
    defsig_fpe_inner.o(.text) refers to defsig_general.o(.text) for __default_signal_display
    defsig_rtmem_outer.o(.text) refers to defsig_rtmem_inner.o(.text) for __rt_SIGRTMEM_inner
    defsig_rtmem_outer.o(.text) refers to defsig_exit.o(.text) for __sig_exit
    defsig_rtmem_formal.o(.text) refers to rt_raise.o(.text) for __rt_raise
    __raise.o(.text) refers to defsig.o(CL$$defsig) for __default_signal_handler
    defsig_general.o(.text) refers to sys_wrch.o(.text) for _ttywrch
    defsig_rtmem_inner.o(.text) refers to defsig_general.o(.text) for __default_signal_display
    sys_wrch.o(.text) refers (Special) to use_no_semi.o(.text) for __I$use$semihosting
    sys_wrch.o(.text) refers (Special) to indicate_semi.o(.text) for __semihosting_library_function
    defsig.o(CL$$defsig) refers to defsig_fpe_inner.o(.text) for __rt_SIGFPE_inner
    defsig.o(CL$$defsig) refers to defsig_rtmem_inner.o(.text) for __rt_SIGRTMEM_inner
    defsig_abrt_inner.o(.text) refers to defsig_general.o(.text) for __default_signal_display
    defsig_rtred_inner.o(.text) refers to defsig_general.o(.text) for __default_signal_display
    defsig_stak_inner.o(.text) refers to defsig_general.o(.text) for __default_signal_display
    defsig_pvfn_inner.o(.text) refers to defsig_general.o(.text) for __default_signal_display
    defsig_cppl_inner.o(.text) refers to defsig_general.o(.text) for __default_signal_display
    defsig_segv_inner.o(.text) refers to defsig_general.o(.text) for __default_signal_display
    defsig_other.o(.text) refers to defsig_general.o(.text) for __default_signal_display


==============================================================================

Removing Unused input sections from the image.

    Removing system_lpc17xx.o(.rev16_text), (4 bytes).
    Removing system_lpc17xx.o(.revsh_text), (4 bytes).
    Removing adc.o(.rev16_text), (4 bytes).
    Removing adc.o(.revsh_text), (4 bytes).
    Removing adc.o(.text), (168 bytes).
    Removing adc.o(.data), (4 bytes).
    Removing glcd_spi_lpc1700.o(.rev16_text), (4 bytes).
    Removing glcd_spi_lpc1700.o(.revsh_text), (4 bytes).
    Removing glcd_spi_lpc1700.o(.text), (2980 bytes).
    Removing glcd_spi_lpc1700.o(.constdata), (6272 bytes).
    Removing glcd_spi_lpc1700.o(.data), (5 bytes).
    Removing joystick.o(.text), (172 bytes).
    Removing joystick.o(.data), (10 bytes).
    Removing kdb.o(.rev16_text), (4 bytes).
    Removing kdb.o(.revsh_text), (4 bytes).
    Removing kdb.o(.text), (96 bytes).
    Removing kdb.o(.data), (4 bytes).
    Removing led.o(.rev16_text), (4 bytes).
    Removing led.o(.revsh_text), (4 bytes).
    Removing a2.o(.rev16_text), (4 bytes).
    Removing a2.o(.revsh_text), (4 bytes).
    Removing rt_cmsis.o(.rev16_text), (4 bytes).
    Removing rt_cmsis.o(.revsh_text), (4 bytes).
    Removing rt_cmsis.o(i.osKernelRunning), (36 bytes).
    Removing rt_cmsis.o(i.osKernelSysTick), (24 bytes).
    Removing rt_cmsis.o(i.osMailAlloc), (32 bytes).
    Removing rt_cmsis.o(i.osMailCAlloc), (32 bytes).
    Removing rt_cmsis.o(i.osMailCreate), (48 bytes).
    Removing rt_cmsis.o(i.osMailFree), (28 bytes).
    Removing rt_cmsis.o(i.osMailGet), (22 bytes).
    Removing rt_cmsis.o(i.osMailPut), (20 bytes).
    Removing rt_cmsis.o(i.osMessageCreate), (48 bytes).
    Removing rt_cmsis.o(i.osMessagePut), (24 bytes).
    Removing rt_cmsis.o(i.osMutexCreate), (48 bytes).
    Removing rt_cmsis.o(i.osMutexDelete), (24 bytes).
    Removing rt_cmsis.o(i.osMutexRelease), (24 bytes).
    Removing rt_cmsis.o(i.osMutexWait), (24 bytes).
    Removing rt_cmsis.o(i.osPoolAlloc), (36 bytes).
    Removing rt_cmsis.o(i.osPoolCAlloc), (36 bytes).
    Removing rt_cmsis.o(i.osPoolCreate), (48 bytes).
    Removing rt_cmsis.o(i.osPoolFree), (32 bytes).
    Removing rt_cmsis.o(i.osSemaphoreDelete), (24 bytes).
    Removing rt_cmsis.o(i.osSignalClear), (24 bytes).
    Removing rt_cmsis.o(i.osThreadGetId), (24 bytes).
    Removing rt_cmsis.o(i.osThreadGetPriority), (24 bytes).
    Removing rt_cmsis.o(i.osThreadTerminate), (24 bytes).
    Removing rt_cmsis.o(i.osThreadYield), (24 bytes).
    Removing rt_cmsis.o(i.osTimerDelete), (24 bytes).
    Removing rt_cmsis.o(i.osTimerStop), (24 bytes).
    Removing rt_cmsis.o(i.osWait), (4 bytes).
    Removing rt_cmsis.o(i.rt_clr_box), (20 bytes).
    Removing rt_cmsis.o(i.svcKernelRunning), (12 bytes).
    Removing rt_cmsis.o(i.svcKernelSysTick), (56 bytes).
    Removing rt_cmsis.o(i.svcMailCreate), (66 bytes).
    Removing rt_cmsis.o(i.svcMessagePut), (54 bytes).
    Removing rt_cmsis.o(i.svcMutexCreate), (28 bytes).
    Removing rt_cmsis.o(i.svcMutexDelete), (26 bytes).
    Removing rt_cmsis.o(i.svcMutexRelease), (34 bytes).
    Removing rt_cmsis.o(i.svcMutexWait), (54 bytes).
    Removing rt_cmsis.o(i.svcPoolCreate), (40 bytes).
    Removing rt_cmsis.o(i.svcSemaphoreDelete), (26 bytes).
    Removing rt_cmsis.o(i.svcSignalClear), (36 bytes).
    Removing rt_cmsis.o(i.svcThreadGetPriority), (18 bytes).
    Removing rt_cmsis.o(i.svcThreadYield), (10 bytes).
    Removing rt_cmsis.o(i.svcTimerDelete), (40 bytes).
    Removing rt_cmsis.o(i.svcTimerStop), (36 bytes).
    Removing rt_cmsis.o(i.sysMailAlloc), (112 bytes).
    Removing rt_cmsis.o(i.sysMailFree), (102 bytes).
    Removing rt_cmsis.o(i.sysPoolAlloc), (32 bytes).
    Removing rt_cmsis.o(i.sysPoolFree), (20 bytes).
    Removing rt_task.o(i.rt_tsk_pass), (48 bytes).
    Removing rt_mutex.o(i.rt_mut_delete), (120 bytes).
    Removing rt_system.o(.emb_text), (0 bytes).
    Removing rt_system.o(i.os_tick_ovf), (16 bytes).
    Removing rt_system.o(i.os_tick_val), (20 bytes).
    Removing rt_system.o(i.rt_resume), (128 bytes).
    Removing rt_system.o(i.rt_suspend), (28 bytes).
    Removing rt_system.o(i.rt_tsk_lock), (80 bytes).
    Removing rt_system.o(i.rt_tsk_unlock), (80 bytes).
    Removing rt_event.o(i.rt_evt_clr), (28 bytes).
    Removing rt_event.o(i.rt_evt_get), (12 bytes).
    Removing rt_list.o(i.rt_get_same_rdy_prio), (36 bytes).
    Removing rt_mailbox.o(i.rt_mbx_send), (152 bytes).
    Removing rt_semaphore.o(i.rt_sem_delete), (92 bytes).
    Removing rt_time.o(i.rt_itv_set), (24 bytes).
    Removing rt_time.o(i.rt_itv_wait), (44 bytes).
    Removing rt_time.o(i.rt_time_get), (12 bytes).
    Removing rt_membox.o(i._calloc_box), (30 bytes).
    Removing rt_robin.o(i.rt_chk_robin), (72 bytes).
    Removing rt_robin.o(i.rt_init_robin), (24 bytes).
    Removing rt_robin.o(.data), (8 bytes).

91 unused section(s) (total 12425 bytes) removed from the image.

==============================================================================

Image Symbol Table

    Local Symbols

    Symbol Name                              Value     Ov Type        Size  Object(Section)

    RESET                                    0x00000000   Section      204  startup_lpc17xx.o(RESET)
    ../clib/angel/boardlib.s                 0x00000000   Number         0  boardshut.o ABSOLUTE
    ../clib/angel/handlers.s                 0x00000000   Number         0  __scatter_copy.o ABSOLUTE
    ../clib/angel/handlers.s                 0x00000000   Number         0  __scatter_zi.o ABSOLUTE
    ../clib/angel/kernel.s                   0x00000000   Number         0  rtexit2.o ABSOLUTE
    ../clib/angel/kernel.s                   0x00000000   Number         0  rtexit.o ABSOLUTE
    ../clib/angel/rt.s                       0x00000000   Number         0  rt_div0.o ABSOLUTE
    ../clib/angel/rt.s                       0x00000000   Number         0  rt_raise.o ABSOLUTE
    ../clib/angel/rt.s                       0x00000000   Number         0  aeabi_ldiv0_sigfpe.o ABSOLUTE
    ../clib/angel/rt.s                       0x00000000   Number         0  aeabi_ldiv0.o ABSOLUTE
    ../clib/angel/scatter.s                  0x00000000   Number         0  __scatter.o ABSOLUTE
    ../clib/angel/startup.s                  0x00000000   Number         0  __main.o ABSOLUTE
    ../clib/angel/sys.s                      0x00000000   Number         0  indicate_semi.o ABSOLUTE
    ../clib/angel/sys.s                      0x00000000   Number         0  libspace.o ABSOLUTE
    ../clib/angel/sys.s                      0x00000000   Number         0  sys_stackheap_outer.o ABSOLUTE
    ../clib/angel/sys.s                      0x00000000   Number         0  use_no_semi.o ABSOLUTE
    ../clib/angel/sysapp.c                   0x00000000   Number         0  sys_command.o ABSOLUTE
    ../clib/angel/sysapp.c                   0x00000000   Number         0  sys_wrch.o ABSOLUTE
    ../clib/angel/sysapp.c                   0x00000000   Number         0  sys_exit.o ABSOLUTE
    ../clib/armsys.c                         0x00000000   Number         0  no_argv.o ABSOLUTE
    ../clib/armsys.c                         0x00000000   Number         0  _get_argv_nomalloc.o ABSOLUTE
    ../clib/armsys.c                         0x00000000   Number         0  argv_veneer.o ABSOLUTE
    ../clib/armsys.c                         0x00000000   Number         0  argv_veneer.o ABSOLUTE
    ../clib/heapalloc.c                      0x00000000   Number         0  hrguard.o ABSOLUTE
    ../clib/heapaux.c                        0x00000000   Number         0  heapauxi.o ABSOLUTE
    ../clib/libinit.s                        0x00000000   Number         0  libshutdown2.o ABSOLUTE
    ../clib/libinit.s                        0x00000000   Number         0  libshutdown.o ABSOLUTE
    ../clib/libinit.s                        0x00000000   Number         0  libinit2.o ABSOLUTE
    ../clib/libinit.s                        0x00000000   Number         0  libinit.o ABSOLUTE
    ../clib/longlong.s                       0x00000000   Number         0  lludivv7m.o ABSOLUTE
    ../clib/signal.c                         0x00000000   Number         0  defsig_exit.o ABSOLUTE
    ../clib/signal.c                         0x00000000   Number         0  defsig_other.o ABSOLUTE
    ../clib/signal.c                         0x00000000   Number         0  defsig_segv_inner.o ABSOLUTE
    ../clib/signal.c                         0x00000000   Number         0  defsig_cppl_inner.o ABSOLUTE
    ../clib/signal.c                         0x00000000   Number         0  defsig_pvfn_inner.o ABSOLUTE
    ../clib/signal.c                         0x00000000   Number         0  defsig_rtred_inner.o ABSOLUTE
    ../clib/signal.c                         0x00000000   Number         0  defsig_fpe_formal.o ABSOLUTE
    ../clib/signal.c                         0x00000000   Number         0  defsig_fpe_outer.o ABSOLUTE
    ../clib/signal.c                         0x00000000   Number         0  defsig_abrt_inner.o ABSOLUTE
    ../clib/signal.c                         0x00000000   Number         0  defsig_rtmem_inner.o ABSOLUTE
    ../clib/signal.c                         0x00000000   Number         0  defsig_general.o ABSOLUTE
    ../clib/signal.c                         0x00000000   Number         0  __raise.o ABSOLUTE
    ../clib/signal.c                         0x00000000   Number         0  defsig_rtmem_formal.o ABSOLUTE
    ../clib/signal.c                         0x00000000   Number         0  defsig_rtmem_outer.o ABSOLUTE
    ../clib/signal.c                         0x00000000   Number         0  defsig_fpe_inner.o ABSOLUTE
    ../clib/signal.c                         0x00000000   Number         0  defsig_stak_inner.o ABSOLUTE
    ../clib/signal.s                         0x00000000   Number         0  defsig.o ABSOLUTE
    ../clib/stdlib.c                         0x00000000   Number         0  exit.o ABSOLUTE
    ../clib/string.c                         0x00000000   Number         0  strcpy.o ABSOLUTE
    ../fplib/fpinit.s                        0x00000000   Number         0  fpinit.o ABSOLUTE
    ..\HAL_CM.c                              0x00000000   Number         0  hal_cm.o ABSOLUTE
    ..\\rt_CMSIS.c                           0x00000000   Number         0  rt_cmsis.o ABSOLUTE
    ..\\rt_System.c                          0x00000000   Number         0  rt_system.o ABSOLUTE
    ..\rt_CMSIS.c                            0x00000000   Number         0  rt_cmsis.o ABSOLUTE
    ..\rt_Event.c                            0x00000000   Number         0  rt_event.o ABSOLUTE
    ..\rt_List.c                             0x00000000   Number         0  rt_list.o ABSOLUTE
    ..\rt_Mailbox.c                          0x00000000   Number         0  rt_mailbox.o ABSOLUTE
    ..\rt_MemBox.c                           0x00000000   Number         0  rt_membox.o ABSOLUTE
    ..\rt_Memory.c                           0x00000000   Number         0  rt_memory.o ABSOLUTE
    ..\rt_Mutex.c                            0x00000000   Number         0  rt_mutex.o ABSOLUTE
    ..\rt_Robin.c                            0x00000000   Number         0  rt_robin.o ABSOLUTE
    ..\rt_Semaphore.c                        0x00000000   Number         0  rt_semaphore.o ABSOLUTE
    ..\rt_System.c                           0x00000000   Number         0  rt_system.o ABSOLUTE
    ..\rt_Task.c                             0x00000000   Number         0  rt_task.o ABSOLUTE
    ..\rt_Time.c                             0x00000000   Number         0  rt_time.o ABSOLUTE
    ADC.c                                    0x00000000   Number         0  adc.o ABSOLUTE
    ADC.c                                    0x00000000   Number         0  adc.o ABSOLUTE
    GLCD_SPI_LPC1700.c                       0x00000000   Number         0  glcd_spi_lpc1700.o ABSOLUTE
    GLCD_SPI_LPC1700.c                       0x00000000   Number         0  glcd_spi_lpc1700.o ABSOLUTE
    HAL_CM3.c                                0x00000000   Number         0  hal_cm3.o ABSOLUTE
    HAL_CM3.c                                0x00000000   Number         0  hal_cm3.o ABSOLUTE
    Joystick.c                               0x00000000   Number         0  joystick.o ABSOLUTE
    KDB.c                                    0x00000000   Number         0  kdb.o ABSOLUTE
    KDB.c                                    0x00000000   Number         0  kdb.o ABSOLUTE
    LED.c                                    0x00000000   Number         0  led.o ABSOLUTE
    LED.c                                    0x00000000   Number         0  led.o ABSOLUTE
    RTX_Conf_CM.c                            0x00000000   Number         0  rtx_conf_cm.o ABSOLUTE
    RTX_Conf_CM.c                            0x00000000   Number         0  rtx_conf_cm.o ABSOLUTE
    SVC_Table.s                              0x00000000   Number         0  SVC_Table.o ABSOLUTE
    a2.c                                     0x00000000   Number         0  a2.o ABSOLUTE
    a2.c                                     0x00000000   Number         0  a2.o ABSOLUTE
    dc.s                                     0x00000000   Number         0  dc.o ABSOLUTE
    startup_LPC17xx.s                        0x00000000   Number         0  startup_lpc17xx.o ABSOLUTE
    system_LPC17xx.c                         0x00000000   Number         0  system_lpc17xx.o ABSOLUTE
    system_LPC17xx.c                         0x00000000   Number         0  system_lpc17xx.o ABSOLUTE
    !!!main                                  0x000000cc   Section        8  __main.o(!!!main)
    !!!scatter                               0x000000d4   Section       52  __scatter.o(!!!scatter)
    !!handler_copy                           0x00000108   Section       26  __scatter_copy.o(!!handler_copy)
    !!handler_zi                             0x00000124   Section       28  __scatter_zi.o(!!handler_zi)
    .ARM.Collect$$libinit$$00000000          0x00000140   Section        2  libinit.o(.ARM.Collect$$libinit$$00000000)
    .ARM.Collect$$libinit$$00000002          0x00000142   Section        0  libinit2.o(.ARM.Collect$$libinit$$00000002)
    .ARM.Collect$$libinit$$00000008          0x00000142   Section        0  libinit2.o(.ARM.Collect$$libinit$$00000008)
    .ARM.Collect$$libinit$$0000000A          0x00000142   Section        0  libinit2.o(.ARM.Collect$$libinit$$0000000A)
    .ARM.Collect$$libinit$$0000000C          0x00000142   Section        0  libinit2.o(.ARM.Collect$$libinit$$0000000C)
    .ARM.Collect$$libinit$$0000000F          0x00000142   Section        0  libinit2.o(.ARM.Collect$$libinit$$0000000F)
    .ARM.Collect$$libinit$$00000011          0x00000142   Section        0  libinit2.o(.ARM.Collect$$libinit$$00000011)
    .ARM.Collect$$libinit$$00000013          0x00000142   Section        0  libinit2.o(.ARM.Collect$$libinit$$00000013)
    .ARM.Collect$$libinit$$00000015          0x00000142   Section        0  libinit2.o(.ARM.Collect$$libinit$$00000015)
    .ARM.Collect$$libinit$$00000017          0x00000142   Section        0  libinit2.o(.ARM.Collect$$libinit$$00000017)
    .ARM.Collect$$libinit$$00000019          0x00000142   Section        0  libinit2.o(.ARM.Collect$$libinit$$00000019)
    .ARM.Collect$$libinit$$0000001B          0x00000142   Section        0  libinit2.o(.ARM.Collect$$libinit$$0000001B)
    .ARM.Collect$$libinit$$0000001D          0x00000142   Section        0  libinit2.o(.ARM.Collect$$libinit$$0000001D)
    .ARM.Collect$$libinit$$0000001F          0x00000142   Section        0  libinit2.o(.ARM.Collect$$libinit$$0000001F)
    .ARM.Collect$$libinit$$00000021          0x00000142   Section        0  libinit2.o(.ARM.Collect$$libinit$$00000021)
    .ARM.Collect$$libinit$$00000023          0x00000142   Section        0  libinit2.o(.ARM.Collect$$libinit$$00000023)
    .ARM.Collect$$libinit$$0000002A          0x00000142   Section        0  libinit2.o(.ARM.Collect$$libinit$$0000002A)
    .ARM.Collect$$libinit$$0000002C          0x00000142   Section        0  libinit2.o(.ARM.Collect$$libinit$$0000002C)
    .ARM.Collect$$libinit$$0000002E          0x00000142   Section        0  libinit2.o(.ARM.Collect$$libinit$$0000002E)
    .ARM.Collect$$libinit$$00000030          0x00000142   Section        0  libinit2.o(.ARM.Collect$$libinit$$00000030)
    .ARM.Collect$$libinit$$00000031          0x00000142   Section        2  libinit2.o(.ARM.Collect$$libinit$$00000031)
    .ARM.Collect$$libshutdown$$00000000      0x00000144   Section        2  libshutdown.o(.ARM.Collect$$libshutdown$$00000000)
    .ARM.Collect$$libshutdown$$00000003      0x00000146   Section        0  libshutdown2.o(.ARM.Collect$$libshutdown$$00000003)
    .ARM.Collect$$libshutdown$$00000006      0x00000146   Section        0  libshutdown2.o(.ARM.Collect$$libshutdown$$00000006)
    .ARM.Collect$$libshutdown$$00000009      0x00000146   Section        0  libshutdown2.o(.ARM.Collect$$libshutdown$$00000009)
    .ARM.Collect$$libshutdown$$0000000B      0x00000146   Section        0  libshutdown2.o(.ARM.Collect$$libshutdown$$0000000B)
    .ARM.Collect$$libshutdown$$0000000E      0x00000146   Section        0  libshutdown2.o(.ARM.Collect$$libshutdown$$0000000E)
    .ARM.Collect$$libshutdown$$0000000F      0x00000146   Section        2  libshutdown2.o(.ARM.Collect$$libshutdown$$0000000F)
    .ARM.Collect$$rtexit$$00000000           0x00000148   Section        2  rtexit.o(.ARM.Collect$$rtexit$$00000000)
    .ARM.Collect$$rtexit$$00000002           0x0000014a   Section        0  rtexit2.o(.ARM.Collect$$rtexit$$00000002)
    .ARM.Collect$$rtexit$$00000003           0x0000014a   Section        4  rtexit2.o(.ARM.Collect$$rtexit$$00000003)
    .ARM.Collect$$rtexit$$00000004           0x0000014e   Section        6  rtexit2.o(.ARM.Collect$$rtexit$$00000004)
    .emb_text                                0x00000154   Section       36  rtx_conf_cm.o(.emb_text)
    .emb_text                                0x00000178   Section      304  hal_cm3.o(.emb_text)
    .text                                    0x000002a8   Section       60  startup_lpc17xx.o(.text)
    .text                                    0x000002e4   Section        8  libspace.o(.text)
    .text                                    0x000002ec   Section        0  exit.o(.text)
    .text                                    0x000002f8   Section        2  use_no_semi.o(.text)
    .text                                    0x000002fa   Section        0  indicate_semi.o(.text)
    i.os_tick_irqack                         0x000002fa   Section        0  rt_system.o(i.os_tick_irqack)
    .ARM.__at_0x02FC                         0x000002fc   Section        4  startup_lpc17xx.o(.ARM.__at_0x02FC)
    .text                                    0x00000300   Section        0  system_lpc17xx.o(.text)
    .text                                    0x00000618   Section        0  rtx_conf_cm.o(.text)
    __tagsym$$used                           0x00000665   Number         0  rtx_conf_cm.o(.text)
    __tagsym$$used                           0x0000067f   Number         0  rtx_conf_cm.o(.text)
    .text                                    0x000006ac   Section        0  led.o(.text)
    .text                                    0x00000754   Section        0  a2.o(.text)
    .text                                    0x000009a8   Section       74  sys_stackheap_outer.o(.text)
    .text                                    0x000009f2   Section      238  lludivv7m.o(.text)
    .text                                    0x00000ae0   Section        0  heapauxi.o(.text)
    .text                                    0x00000ae8   Section        0  sys_exit.o(.text)
    SVC_TABLE                                0x00000af4   Section        4  SVC_Table.o(SVC_TABLE)
    i._init_box                              0x00000af8   Section        0  rt_membox.o(i._init_box)
    i.dbg_init                               0x00000b40   Section        0  hal_cm.o(i.dbg_init)
    i.dbg_task_notify                        0x00000b70   Section        0  hal_cm.o(i.dbg_task_notify)
    i.dbg_task_switch                        0x00000b90   Section        0  hal_cm.o(i.dbg_task_switch)
    i.isrMessagePut                          0x00000ba0   Section        0  rt_cmsis.o(i.isrMessagePut)
    isrMessagePut                            0x00000ba1   Thumb Code    44  rt_cmsis.o(i.isrMessagePut)
    i.isr_evt_set                            0x00000bcc   Section        0  rt_event.o(i.isr_evt_set)
    i.isr_mbx_receive                        0x00000bf4   Section        0  rt_mailbox.o(i.isr_mbx_receive)
    i.isr_mbx_send                           0x00000c44   Section        0  rt_mailbox.o(i.isr_mbx_send)
    i.isr_sem_send                           0x00000c52   Section        0  rt_semaphore.o(i.isr_sem_send)
    i.osDelay                                0x00000c64   Section        0  rt_cmsis.o(i.osDelay)
    i.osKernelInitialize                     0x00000c7c   Section        0  rt_cmsis.o(i.osKernelInitialize)
    i.osKernelStart                          0x00000ca0   Section        0  rt_cmsis.o(i.osKernelStart)
    i.osMessageGet                           0x00000d0c   Section        0  rt_cmsis.o(i.osMessageGet)
    i.osSemaphoreCreate                      0x00000d50   Section        0  rt_cmsis.o(i.osSemaphoreCreate)
    i.osSemaphoreRelease                     0x00000d80   Section        0  rt_cmsis.o(i.osSemaphoreRelease)
    i.osSemaphoreWait                        0x00000dbc   Section        0  rt_cmsis.o(i.osSemaphoreWait)
    i.osSignalSet                            0x00000dd4   Section        0  rt_cmsis.o(i.osSignalSet)
    i.osSignalWait                           0x00000e08   Section        0  rt_cmsis.o(i.osSignalWait)
    i.osThreadCreate                         0x00000e20   Section        0  rt_cmsis.o(i.osThreadCreate)
    i.osThreadExit                           0x00000e50   Section        0  rt_cmsis.o(i.osThreadExit)
    i.osThreadSetPriority                    0x00000e68   Section        0  rt_cmsis.o(i.osThreadSetPriority)
    i.osTimerCall                            0x00000e80   Section        0  rt_cmsis.o(i.osTimerCall)
    i.osTimerCreate                          0x00000e8c   Section        0  rt_cmsis.o(i.osTimerCreate)
    i.osTimerStart                           0x00000ec0   Section        0  rt_cmsis.o(i.osTimerStart)
    i.osTimerThread                          0x00000ed8   Section        0  rt_cmsis.o(i.osTimerThread)
    i.os_tick_init                           0x00000f04   Section        0  rt_system.o(i.os_tick_init)
    i.rt_alloc_box                           0x00000f2c   Section        0  rt_membox.o(i.rt_alloc_box)
    i.rt_alloc_mem                           0x00000f46   Section        0  rt_memory.o(i.rt_alloc_mem)
    i.rt_block                               0x00000f84   Section        0  rt_task.o(i.rt_block)
    i.rt_dec_dly                             0x00000fbc   Section        0  rt_list.o(i.rt_dec_dly)
    i.rt_dispatch                            0x0000102c   Section        0  rt_task.o(i.rt_dispatch)
    i.rt_dly_wait                            0x00001070   Section        0  rt_time.o(i.rt_dly_wait)
    i.rt_evt_psh                             0x00001078   Section        0  rt_event.o(i.rt_evt_psh)
    i.rt_evt_set                             0x000010c8   Section        0  rt_event.o(i.rt_evt_set)
    i.rt_evt_wait                            0x00001124   Section        0  rt_event.o(i.rt_evt_wait)
    i.rt_free_box                            0x00001160   Section        0  rt_membox.o(i.rt_free_box)
    i.rt_free_mem                            0x00001180   Section        0  rt_memory.o(i.rt_free_mem)
    i.rt_get_first                           0x000011a8   Section        0  rt_list.o(i.rt_get_first)
    i.rt_id2obj                              0x000011d0   Section        0  rt_cmsis.o(i.rt_id2obj)
    rt_id2obj                                0x000011d1   Thumb Code     8  rt_cmsis.o(i.rt_id2obj)
    i.rt_init_context                        0x000011d8   Section        0  rt_task.o(i.rt_init_context)
    rt_init_context                          0x000011d9   Thumb Code    60  rt_task.o(i.rt_init_context)
    i.rt_init_mem                            0x00001218   Section        0  rt_memory.o(i.rt_init_mem)
    i.rt_init_stack                          0x00001234   Section        0  hal_cm.o(i.rt_init_stack)
    i.rt_mbx_check                           0x00001284   Section        0  rt_mailbox.o(i.rt_mbx_check)
    i.rt_mbx_init                            0x0000128c   Section        0  rt_mailbox.o(i.rt_mbx_init)
    i.rt_mbx_psh                             0x000012a8   Section        0  rt_mailbox.o(i.rt_mbx_psh)
    i.rt_mbx_wait                            0x00001398   Section        0  rt_mailbox.o(i.rt_mbx_wait)
    i.rt_ms2tick                             0x00001448   Section        0  rt_cmsis.o(i.rt_ms2tick)
    rt_ms2tick                               0x00001449   Thumb Code    50  rt_cmsis.o(i.rt_ms2tick)
    i.rt_mut_init                            0x00001484   Section        0  rt_mutex.o(i.rt_mut_init)
    i.rt_mut_release                         0x00001494   Section        0  rt_mutex.o(i.rt_mut_release)
    i.rt_mut_wait                            0x00001534   Section        0  rt_mutex.o(i.rt_mut_wait)
    i.rt_pop_req                             0x00001598   Section        0  rt_system.o(i.rt_pop_req)
    i.rt_psh_req                             0x00001610   Section        0  rt_system.o(i.rt_psh_req)
    i.rt_psq_enq                             0x00001630   Section        0  rt_list.o(i.rt_psq_enq)
    i.rt_put_dly                             0x00001688   Section        0  rt_list.o(i.rt_put_dly)
    i.rt_put_prio                            0x000016d0   Section        0  rt_list.o(i.rt_put_prio)
    i.rt_put_rdy_first                       0x00001708   Section        0  rt_list.o(i.rt_put_rdy_first)
    i.rt_resort_prio                         0x0000171c   Section        0  rt_list.o(i.rt_resort_prio)
    i.rt_ret_val                             0x00001750   Section        0  hal_cm.o(i.rt_ret_val)
    i.rt_ret_val2                            0x00001756   Section        0  hal_cm.o(i.rt_ret_val2)
    i.rt_rmv_dly                             0x0000175e   Section        0  rt_list.o(i.rt_rmv_dly)
    i.rt_rmv_list                            0x00001788   Section        0  rt_list.o(i.rt_rmv_list)
    i.rt_sem_init                            0x000017b8   Section        0  rt_semaphore.o(i.rt_sem_init)
    i.rt_sem_psh                             0x000017c4   Section        0  rt_semaphore.o(i.rt_sem_psh)
    i.rt_sem_send                            0x000017f8   Section        0  rt_semaphore.o(i.rt_sem_send)
    i.rt_sem_wait                            0x00001824   Section        0  rt_semaphore.o(i.rt_sem_wait)
    i.rt_stk_check                           0x00001860   Section        0  rt_system.o(i.rt_stk_check)
    i.rt_switch_req                          0x00001884   Section        0  rt_task.o(i.rt_switch_req)
    i.rt_sys_init                            0x000018ac   Section        0  rt_task.o(i.rt_sys_init)
    i.rt_sys_start                           0x000019b8   Section        0  rt_task.o(i.rt_sys_start)
    i.rt_systick                             0x000019ec   Section        0  rt_system.o(i.rt_systick)
    i.rt_tid2ptcb                            0x00001a28   Section        0  rt_cmsis.o(i.rt_tid2ptcb)
    rt_tid2ptcb                              0x00001a29   Thumb Code    18  rt_cmsis.o(i.rt_tid2ptcb)
    i.rt_timer_insert                        0x00001a3c   Section        0  rt_cmsis.o(i.rt_timer_insert)
    rt_timer_insert                          0x00001a3d   Thumb Code    50  rt_cmsis.o(i.rt_timer_insert)
    i.rt_timer_remove                        0x00001a74   Section        0  rt_cmsis.o(i.rt_timer_remove)
    rt_timer_remove                          0x00001a75   Thumb Code    56  rt_cmsis.o(i.rt_timer_remove)
    i.rt_tsk_create                          0x00001ab0   Section        0  rt_task.o(i.rt_tsk_create)
    i.rt_tsk_delete                          0x00001b34   Section        0  rt_task.o(i.rt_tsk_delete)
    i.rt_tsk_prio                            0x00001bf0   Section        0  rt_task.o(i.rt_tsk_prio)
    i.rt_tsk_self                            0x00001c64   Section        0  rt_task.o(i.rt_tsk_self)
    i.svcDelay                               0x00001c74   Section        0  rt_cmsis.o(i.svcDelay)
    i.svcKernelInitialize                    0x00001c88   Section        0  rt_cmsis.o(i.svcKernelInitialize)
    i.svcKernelStart                         0x00001cf8   Section        0  rt_cmsis.o(i.svcKernelStart)
    i.svcMessageCreate                       0x00001d30   Section        0  rt_cmsis.o(i.svcMessageCreate)
    i.svcMessageGet                          0x00001d54   Section        0  rt_cmsis.o(i.svcMessageGet)
    i.svcSemaphoreCreate                     0x00001d8e   Section        0  rt_cmsis.o(i.svcSemaphoreCreate)
    i.svcSemaphoreRelease                    0x00001db2   Section        0  rt_cmsis.o(i.svcSemaphoreRelease)
    i.svcSemaphoreWait                       0x00001dda   Section        0  rt_cmsis.o(i.svcSemaphoreWait)
    i.svcSignalSet                           0x00001e0c   Section        0  rt_cmsis.o(i.svcSignalSet)
    i.svcSignalWait                          0x00001e30   Section        0  rt_cmsis.o(i.svcSignalWait)
    i.svcThreadCreate                        0x00001e84   Section        0  rt_cmsis.o(i.svcThreadCreate)
    i.svcThreadGetId                         0x00001ef4   Section        0  rt_cmsis.o(i.svcThreadGetId)
    i.svcThreadSetPriority                   0x00001f10   Section        0  rt_cmsis.o(i.svcThreadSetPriority)
    i.svcThreadTerminate                     0x00001f40   Section        0  rt_cmsis.o(i.svcThreadTerminate)
    i.svcTimerCall                           0x00001f78   Section        0  rt_cmsis.o(i.svcTimerCall)
    i.svcTimerCreate                         0x00001f90   Section        0  rt_cmsis.o(i.svcTimerCreate)
    i.svcTimerStart                          0x00001fc4   Section        0  rt_cmsis.o(i.svcTimerStart)
    i.sysTimerTick                           0x0000200c   Section        0  rt_cmsis.o(i.sysTimerTick)
    .constdata                               0x00002060   Section       78  rtx_conf_cm.o(.constdata)
    __tagsym$$used                           0x0000207c   Number         0  rtx_conf_cm.o(.constdata)
    __tagsym$$used                           0x00002080   Number         0  rtx_conf_cm.o(.constdata)
    .constdata                               0x000020b0   Section       32  led.o(.constdata)
    .constdata                               0x000020d0   Section       84  a2.o(.constdata)
    .data                                    0x10000000   Section        4  system_lpc17xx.o(.data)
    .data                                    0x10000004   Section       40  rtx_conf_cm.o(.data)
    nr_mutex                                 0x10000028   Data           4  rtx_conf_cm.o(.data)
    .data                                    0x1000002c   Section       24  a2.o(.data)
    .data                                    0x10000044   Section        8  rt_cmsis.o(.data)
    .data                                    0x1000004c   Section        8  rt_task.o(.data)
    .data                                    0x10000054   Section        8  rt_system.o(.data)
    os_lock                                  0x10000054   Data           1  rt_system.o(.data)
    os_psh_flag                              0x10000055   Data           1  rt_system.o(.data)
    pend_flags                               0x10000056   Data           1  rt_system.o(.data)
    .data                                    0x1000005c   Section        4  rt_time.o(.data)
    .data                                    0x10000060   Section        1  hal_cm.o(.data)
    .bss                                     0x10000068   Section    30232  rtx_conf_cm.o(.bss)
    std_libspace                             0x10007380   Data         672  rtx_conf_cm.o(.bss)
    std_libmutex                             0x10007620   Data          96  rtx_conf_cm.o(.bss)
    .bss                                     0x10007680   Section       80  a2.o(.bss)
    .bss                                     0x100076d0   Section       48  rt_task.o(.bss)
    .bss                                     0x10007700   Section       48  rt_list.o(.bss)
    .bss                                     0x10007730   Section       96  libspace.o(.bss)
    HEAP                                     0x10007790   Section        0  startup_lpc17xx.o(HEAP)
    STACK                                    0x10007790   Section      512  startup_lpc17xx.o(STACK)
    Heap_Mem                                 0x10007790   Data           0  startup_lpc17xx.o(HEAP)
    Stack_Mem                                0x10007790   Data         512  startup_lpc17xx.o(STACK)
    __initial_sp                             0x10007990   Data           0  startup_lpc17xx.o(STACK)

    Global Symbols

    Symbol Name                              Value     Ov Type        Size  Object(Section)

    BuildAttributes$$THM_ISAv4$P$D$K$B$S$PE$A:L22UL41UL21$X:L11$S22US41US21$IEEE1$IW$USESV6$~STKCKD$USESV7$~SHL$OSPACE$ROPI$EBA8$UX$STANDARDLIB$REQ8$PRES8$EABIv2 0x00000000   Number         0  anon$$obj.o ABSOLUTE
    __ARM_use_no_argv                        0x00000000   Number         0  a2.o ABSOLUTE
    __Vectors                                0x00000000   Data           4  startup_lpc17xx.o(RESET)
    __ARM_exceptions_init                     - Undefined Weak Reference
    __alloca_initialize                       - Undefined Weak Reference
    __cpp_initialize__aeabi_                  - Undefined Weak Reference
    __cxa_finalize                            - Undefined Weak Reference
    __rt_locale                               - Undefined Weak Reference
    __sigvec_lookup                           - Undefined Weak Reference
    _atexit_init                              - Undefined Weak Reference
    _call_atexit_fns                          - Undefined Weak Reference
    _clock_init                               - Undefined Weak Reference
    _fp_trap_init                             - Undefined Weak Reference
    _fp_trap_shutdown                         - Undefined Weak Reference
    _get_lc_collate                           - Undefined Weak Reference
    _get_lc_ctype                             - Undefined Weak Reference
    _get_lc_monetary                          - Undefined Weak Reference
    _get_lc_numeric                           - Undefined Weak Reference
    _get_lc_time                              - Undefined Weak Reference
    _getenv_init                              - Undefined Weak Reference
    _handle_redirection                       - Undefined Weak Reference
    _init_alloc                               - Undefined Weak Reference
    _init_user_alloc                          - Undefined Weak Reference
    _initio                                   - Undefined Weak Reference
    _rand_init                                - Undefined Weak Reference
    _signal_finish                            - Undefined Weak Reference
    _signal_init                              - Undefined Weak Reference
    _terminate_alloc                          - Undefined Weak Reference
    _terminate_user_alloc                     - Undefined Weak Reference
    _terminateio                              - Undefined Weak Reference
    __main                                   0x000000cd   Thumb Code     8  __main.o(!!!main)
    __scatterload                            0x000000d5   Thumb Code     0  __scatter.o(!!!scatter)
    __scatterload_rt2                        0x000000d5   Thumb Code    44  __scatter.o(!!!scatter)
    __scatterload_rt2_thumb_only             0x000000d5   Thumb Code     0  __scatter.o(!!!scatter)
    __scatterload_null                       0x000000e3   Thumb Code     0  __scatter.o(!!!scatter)
    __scatterload_copy                       0x00000109   Thumb Code    26  __scatter_copy.o(!!handler_copy)
    __scatterload_zeroinit                   0x00000125   Thumb Code    28  __scatter_zi.o(!!handler_zi)
    __rt_lib_init                            0x00000141   Thumb Code     0  libinit.o(.ARM.Collect$$libinit$$00000000)
    __rt_lib_init_alloca_1                   0x00000143   Thumb Code     0  libinit2.o(.ARM.Collect$$libinit$$0000002C)
    __rt_lib_init_argv_1                     0x00000143   Thumb Code     0  libinit2.o(.ARM.Collect$$libinit$$0000002A)
    __rt_lib_init_atexit_1                   0x00000143   Thumb Code     0  libinit2.o(.ARM.Collect$$libinit$$00000019)
    __rt_lib_init_clock_1                    0x00000143   Thumb Code     0  libinit2.o(.ARM.Collect$$libinit$$0000001F)
    __rt_lib_init_cpp_1                      0x00000143   Thumb Code     0  libinit2.o(.ARM.Collect$$libinit$$00000030)
    __rt_lib_init_exceptions_1               0x00000143   Thumb Code     0  libinit2.o(.ARM.Collect$$libinit$$0000002E)
    __rt_lib_init_fp_1                       0x00000143   Thumb Code     0  libinit2.o(.ARM.Collect$$libinit$$00000002)
    __rt_lib_init_fp_trap_1                  0x00000143   Thumb Code     0  libinit2.o(.ARM.Collect$$libinit$$0000001D)
    __rt_lib_init_getenv_1                   0x00000143   Thumb Code     0  libinit2.o(.ARM.Collect$$libinit$$00000021)
    __rt_lib_init_heap_1                     0x00000143   Thumb Code     0  libinit2.o(.ARM.Collect$$libinit$$00000008)
    __rt_lib_init_lc_collate_1               0x00000143   Thumb Code     0  libinit2.o(.ARM.Collect$$libinit$$0000000F)
    __rt_lib_init_lc_ctype_1                 0x00000143   Thumb Code     0  libinit2.o(.ARM.Collect$$libinit$$00000011)
    __rt_lib_init_lc_monetary_1              0x00000143   Thumb Code     0  libinit2.o(.ARM.Collect$$libinit$$00000013)
    __rt_lib_init_lc_numeric_1               0x00000143   Thumb Code     0  libinit2.o(.ARM.Collect$$libinit$$00000015)
    __rt_lib_init_lc_time_1                  0x00000143   Thumb Code     0  libinit2.o(.ARM.Collect$$libinit$$00000017)
    __rt_lib_init_rand_1                     0x00000143   Thumb Code     0  libinit2.o(.ARM.Collect$$libinit$$0000000C)
    __rt_lib_init_return                     0x00000143   Thumb Code     0  libinit2.o(.ARM.Collect$$libinit$$00000031)
    __rt_lib_init_signal_1                   0x00000143   Thumb Code     0  libinit2.o(.ARM.Collect$$libinit$$0000001B)
    __rt_lib_init_stdio_1                    0x00000143   Thumb Code     0  libinit2.o(.ARM.Collect$$libinit$$00000023)
    __rt_lib_init_user_alloc_1               0x00000143   Thumb Code     0  libinit2.o(.ARM.Collect$$libinit$$0000000A)
    __rt_lib_shutdown                        0x00000145   Thumb Code     0  libshutdown.o(.ARM.Collect$$libshutdown$$00000000)
    __rt_lib_shutdown_fp_trap_1              0x00000147   Thumb Code     0  libshutdown2.o(.ARM.Collect$$libshutdown$$00000006)
    __rt_lib_shutdown_heap_1                 0x00000147   Thumb Code     0  libshutdown2.o(.ARM.Collect$$libshutdown$$0000000E)
    __rt_lib_shutdown_return                 0x00000147   Thumb Code     0  libshutdown2.o(.ARM.Collect$$libshutdown$$0000000F)
    __rt_lib_shutdown_signal_1               0x00000147   Thumb Code     0  libshutdown2.o(.ARM.Collect$$libshutdown$$00000009)
    __rt_lib_shutdown_stdio_1                0x00000147   Thumb Code     0  libshutdown2.o(.ARM.Collect$$libshutdown$$00000003)
    __rt_lib_shutdown_user_alloc_1           0x00000147   Thumb Code     0  libshutdown2.o(.ARM.Collect$$libshutdown$$0000000B)
    __rt_exit                                0x00000149   Thumb Code     0  rtexit.o(.ARM.Collect$$rtexit$$00000000)
    __rt_exit_ls                             0x0000014b   Thumb Code     0  rtexit2.o(.ARM.Collect$$rtexit$$00000003)
    __rt_exit_prels_1                        0x0000014b   Thumb Code     0  rtexit2.o(.ARM.Collect$$rtexit$$00000002)
    __rt_exit_exit                           0x0000014f   Thumb Code     0  rtexit2.o(.ARM.Collect$$rtexit$$00000004)
    __rt_entry                               0x00000155   Thumb Code    32  rtx_conf_cm.o(.emb_text)
    rt_set_PSP                               0x00000179   Thumb Code     6  hal_cm3.o(.emb_text)
    rt_get_PSP                               0x0000017f   Thumb Code     6  hal_cm3.o(.emb_text)
    os_set_env                               0x00000185   Thumb Code    24  hal_cm3.o(.emb_text)
    _alloc_box                               0x000001a1   Thumb Code    28  hal_cm3.o(.emb_text)
    _free_box                                0x000001c1   Thumb Code    28  hal_cm3.o(.emb_text)
    SVC_Handler                              0x000001e1   Thumb Code   108  hal_cm3.o(.emb_text)
    PendSV_Handler                           0x00000259   Thumb Code    56  hal_cm3.o(.emb_text)
    SysTick_Handler                          0x00000295   Thumb Code     8  hal_cm3.o(.emb_text)
    OS_Tick_Handler                          0x0000029d   Thumb Code    12  hal_cm3.o(.emb_text)
    Reset_Handler                            0x000002a9   Thumb Code     8  startup_lpc17xx.o(.text)
    NMI_Handler                              0x000002b1   Thumb Code     2  startup_lpc17xx.o(.text)
    HardFault_Handler                        0x000002b3   Thumb Code     2  startup_lpc17xx.o(.text)
    MemManage_Handler                        0x000002b5   Thumb Code     2  startup_lpc17xx.o(.text)
    BusFault_Handler                         0x000002b7   Thumb Code     2  startup_lpc17xx.o(.text)
    UsageFault_Handler                       0x000002b9   Thumb Code     2  startup_lpc17xx.o(.text)
    DebugMon_Handler                         0x000002bd   Thumb Code     2  startup_lpc17xx.o(.text)
    ADC_IRQHandler                           0x000002c3   Thumb Code     0  startup_lpc17xx.o(.text)
    BOD_IRQHandler                           0x000002c3   Thumb Code     0  startup_lpc17xx.o(.text)
    CANActivity_IRQHandler                   0x000002c3   Thumb Code     0  startup_lpc17xx.o(.text)
    CAN_IRQHandler                           0x000002c3   Thumb Code     0  startup_lpc17xx.o(.text)
    DMA_IRQHandler                           0x000002c3   Thumb Code     0  startup_lpc17xx.o(.text)
    EINT0_IRQHandler                         0x000002c3   Thumb Code     0  startup_lpc17xx.o(.text)
    EINT1_IRQHandler                         0x000002c3   Thumb Code     0  startup_lpc17xx.o(.text)
    EINT2_IRQHandler                         0x000002c3   Thumb Code     0  startup_lpc17xx.o(.text)
    EINT3_IRQHandler                         0x000002c3   Thumb Code     0  startup_lpc17xx.o(.text)
    ENET_IRQHandler                          0x000002c3   Thumb Code     0  startup_lpc17xx.o(.text)
    I2C0_IRQHandler                          0x000002c3   Thumb Code     0  startup_lpc17xx.o(.text)
    I2C1_IRQHandler                          0x000002c3   Thumb Code     0  startup_lpc17xx.o(.text)
    I2C2_IRQHandler                          0x000002c3   Thumb Code     0  startup_lpc17xx.o(.text)
    I2S_IRQHandler                           0x000002c3   Thumb Code     0  startup_lpc17xx.o(.text)
    MCPWM_IRQHandler                         0x000002c3   Thumb Code     0  startup_lpc17xx.o(.text)
    PLL0_IRQHandler                          0x000002c3   Thumb Code     0  startup_lpc17xx.o(.text)
    PLL1_IRQHandler                          0x000002c3   Thumb Code     0  startup_lpc17xx.o(.text)
    PWM1_IRQHandler                          0x000002c3   Thumb Code     0  startup_lpc17xx.o(.text)
    QEI_IRQHandler                           0x000002c3   Thumb Code     0  startup_lpc17xx.o(.text)
    RIT_IRQHandler                           0x000002c3   Thumb Code     0  startup_lpc17xx.o(.text)
    RTC_IRQHandler                           0x000002c3   Thumb Code     0  startup_lpc17xx.o(.text)
    SPI_IRQHandler                           0x000002c3   Thumb Code     0  startup_lpc17xx.o(.text)
    SSP0_IRQHandler                          0x000002c3   Thumb Code     0  startup_lpc17xx.o(.text)
    SSP1_IRQHandler                          0x000002c3   Thumb Code     0  startup_lpc17xx.o(.text)
    TIMER0_IRQHandler                        0x000002c3   Thumb Code     0  startup_lpc17xx.o(.text)
    TIMER1_IRQHandler                        0x000002c3   Thumb Code     0  startup_lpc17xx.o(.text)
    TIMER2_IRQHandler                        0x000002c3   Thumb Code     0  startup_lpc17xx.o(.text)
    TIMER3_IRQHandler                        0x000002c3   Thumb Code     0  startup_lpc17xx.o(.text)
    UART0_IRQHandler                         0x000002c3   Thumb Code     0  startup_lpc17xx.o(.text)
    UART1_IRQHandler                         0x000002c3   Thumb Code     0  startup_lpc17xx.o(.text)
    UART2_IRQHandler                         0x000002c3   Thumb Code     0  startup_lpc17xx.o(.text)
    UART3_IRQHandler                         0x000002c3   Thumb Code     0  startup_lpc17xx.o(.text)
    USBActivity_IRQHandler                   0x000002c3   Thumb Code     0  startup_lpc17xx.o(.text)
    USB_IRQHandler                           0x000002c3   Thumb Code     0  startup_lpc17xx.o(.text)
    WDT_IRQHandler                           0x000002c3   Thumb Code     0  startup_lpc17xx.o(.text)
    __user_initial_stackheap                 0x000002c5   Thumb Code     0  startup_lpc17xx.o(.text)
    __user_libspace                          0x000002e5   Thumb Code     8  libspace.o(.text)
    __user_perproc_libspace                  0x000002e5   Thumb Code     0  libspace.o(.text)
    exit                                     0x000002ed   Thumb Code    12  exit.o(.text)
    __I$use$semihosting                      0x000002f9   Thumb Code     0  use_no_semi.o(.text)
    __use_no_semihosting_swi                 0x000002f9   Thumb Code     2  use_no_semi.o(.text)
    __semihosting_library_function           0x000002fb   Thumb Code     0  indicate_semi.o(.text)
    os_tick_irqack                           0x000002fb   Thumb Code     2  rt_system.o(i.os_tick_irqack)
    SystemCoreClockUpdate                    0x00000301   Thumb Code   424  system_lpc17xx.o(.text)
    __RL_RTX_VER                             0x00000450   Number         0  rt_system.o ABSOLUTE
    SystemInit                               0x000004a9   Thumb Code   290  system_lpc17xx.o(.text)
    os_idle_demon                            0x00000619   Thumb Code     4  rtx_conf_cm.o(.text)
    os_error                                 0x0000061d   Thumb Code     4  rtx_conf_cm.o(.text)
    rt_init_robin                            0x00000621   Thumb Code     2  rtx_conf_cm.o(.text)
    rt_chk_robin                             0x00000623   Thumb Code     2  rtx_conf_cm.o(.text)
    __user_perthread_libspace                0x00000625   Thumb Code    26  rtx_conf_cm.o(.text)
    _mutex_initialize                        0x0000063f   Thumb Code    38  rtx_conf_cm.o(.text)
    _mutex_acquire                           0x00000665   Thumb Code    26  rtx_conf_cm.o(.text)
    _mutex_release                           0x0000067f   Thumb Code    22  rtx_conf_cm.o(.text)
    LED_Init                                 0x000006ad   Thumb Code    38  led.o(.text)
    LED_On                                   0x000006d3   Thumb Code    40  led.o(.text)
    LED_Off                                  0x000006fb   Thumb Code    40  led.o(.text)
    LED_Out                                  0x00000723   Thumb Code    34  led.o(.text)
    t_s                                      0x00000755   Thumb Code    36  a2.o(.text)
    thr_A                                    0x00000779   Thumb Code    16  a2.o(.text)
    thr_B                                    0x00000789   Thumb Code    16  a2.o(.text)
    thr_C                                    0x00000799   Thumb Code    16  a2.o(.text)
    thr_At                                   0x000007a9   Thumb Code   110  a2.o(.text)
    thr_Bt                                   0x00000817   Thumb Code    90  a2.o(.text)
    thr_Ct                                   0x00000871   Thumb Code   110  a2.o(.text)
    main                                     0x000008df   Thumb Code   154  a2.o(.text)
    __user_setup_stackheap                   0x000009a9   Thumb Code    74  sys_stackheap_outer.o(.text)
    __aeabi_uldivmod                         0x000009f3   Thumb Code     0  lludivv7m.o(.text)
    _ll_udiv                                 0x000009f3   Thumb Code   238  lludivv7m.o(.text)
    __use_two_region_memory                  0x00000ae1   Thumb Code     2  heapauxi.o(.text)
    __rt_heap_escrow$2region                 0x00000ae3   Thumb Code     2  heapauxi.o(.text)
    __rt_heap_expand$2region                 0x00000ae5   Thumb Code     2  heapauxi.o(.text)
    _sys_exit                                0x00000ae9   Thumb Code     8  sys_exit.o(.text)
    SVC_Count                                0x00000af4   Data           4  SVC_Table.o(SVC_TABLE)
    SVC_Table                                0x00000af8   Data           0  SVC_Table.o(SVC_TABLE)
    _init_box                                0x00000af9   Thumb Code    70  rt_membox.o(i._init_box)
    dbg_init                                 0x00000b41   Thumb Code    34  hal_cm.o(i.dbg_init)
    dbg_task_notify                          0x00000b71   Thumb Code    32  hal_cm.o(i.dbg_task_notify)
    dbg_task_switch                          0x00000b91   Thumb Code    16  hal_cm.o(i.dbg_task_switch)
    isr_evt_set                              0x00000bcd   Thumb Code    34  rt_event.o(i.isr_evt_set)
    isr_mbx_receive                          0x00000bf5   Thumb Code    80  rt_mailbox.o(i.isr_mbx_receive)
    isr_mbx_send                             0x00000c45   Thumb Code    14  rt_mailbox.o(i.isr_mbx_send)
    isr_sem_send                             0x00000c53   Thumb Code    16  rt_semaphore.o(i.isr_sem_send)
    osDelay                                  0x00000c65   Thumb Code    18  rt_cmsis.o(i.osDelay)
    osKernelInitialize                       0x00000c7d   Thumb Code    30  rt_cmsis.o(i.osKernelInitialize)
    osKernelStart                            0x00000ca1   Thumb Code    98  rt_cmsis.o(i.osKernelStart)
    osMessageGet                             0x00000d0d   Thumb Code    62  rt_cmsis.o(i.osMessageGet)
    osSemaphoreCreate                        0x00000d51   Thumb Code    38  rt_cmsis.o(i.osSemaphoreCreate)
    osSemaphoreRelease                       0x00000d81   Thumb Code    54  rt_cmsis.o(i.osSemaphoreRelease)
    osSemaphoreWait                          0x00000dbd   Thumb Code    20  rt_cmsis.o(i.osSemaphoreWait)
    osSignalSet                              0x00000dd5   Thumb Code    48  rt_cmsis.o(i.osSignalSet)
    osSignalWait                             0x00000e09   Thumb Code    18  rt_cmsis.o(i.osSignalWait)
    osThreadCreate                           0x00000e21   Thumb Code    38  rt_cmsis.o(i.osThreadCreate)
    osThreadExit                             0x00000e51   Thumb Code    14  rt_cmsis.o(i.osThreadExit)
    osThreadSetPriority                      0x00000e69   Thumb Code    18  rt_cmsis.o(i.osThreadSetPriority)
    osTimerCall                              0x00000e81   Thumb Code     8  rt_cmsis.o(i.osTimerCall)
    osTimerCreate                            0x00000e8d   Thumb Code    44  rt_cmsis.o(i.osTimerCreate)
    osTimerStart                             0x00000ec1   Thumb Code    18  rt_cmsis.o(i.osTimerStart)
    osTimerThread                            0x00000ed9   Thumb Code    38  rt_cmsis.o(i.osTimerThread)
    os_tick_init                             0x00000f05   Thumb Code    32  rt_system.o(i.os_tick_init)
    rt_alloc_box                             0x00000f2d   Thumb Code    26  rt_membox.o(i.rt_alloc_box)
    rt_alloc_mem                             0x00000f47   Thumb Code    60  rt_memory.o(i.rt_alloc_mem)
    rt_block                                 0x00000f85   Thumb Code    48  rt_task.o(i.rt_block)
    rt_dec_dly                               0x00000fbd   Thumb Code   102  rt_list.o(i.rt_dec_dly)
    rt_dispatch                              0x0000102d   Thumb Code    60  rt_task.o(i.rt_dispatch)
    rt_dly_wait                              0x00001071   Thumb Code     6  rt_time.o(i.rt_dly_wait)
    rt_evt_psh                               0x00001079   Thumb Code    76  rt_event.o(i.rt_evt_psh)
    rt_evt_set                               0x000010c9   Thumb Code    88  rt_event.o(i.rt_evt_set)
    rt_evt_wait                              0x00001125   Thumb Code    56  rt_event.o(i.rt_evt_wait)
    rt_free_box                              0x00001161   Thumb Code    32  rt_membox.o(i.rt_free_box)
    rt_free_mem                              0x00001181   Thumb Code    40  rt_memory.o(i.rt_free_mem)
    rt_get_first                             0x000011a9   Thumb Code    40  rt_list.o(i.rt_get_first)
    rt_init_mem                              0x00001219   Thumb Code    26  rt_memory.o(i.rt_init_mem)
    rt_init_stack                            0x00001235   Thumb Code    70  hal_cm.o(i.rt_init_stack)
    rt_mbx_check                             0x00001285   Thumb Code     8  rt_mailbox.o(i.rt_mbx_check)
    rt_mbx_init                              0x0000128d   Thumb Code    28  rt_mailbox.o(i.rt_mbx_init)
    rt_mbx_psh                               0x000012a9   Thumb Code   234  rt_mailbox.o(i.rt_mbx_psh)
    rt_mbx_wait                              0x00001399   Thumb Code   170  rt_mailbox.o(i.rt_mbx_wait)
    rt_mut_init                              0x00001485   Thumb Code    16  rt_mutex.o(i.rt_mut_init)
    rt_mut_release                           0x00001495   Thumb Code   150  rt_mutex.o(i.rt_mut_release)
    rt_mut_wait                              0x00001535   Thumb Code    96  rt_mutex.o(i.rt_mut_wait)
    rt_pop_req                               0x00001599   Thumb Code   106  rt_system.o(i.rt_pop_req)
    rt_psh_req                               0x00001611   Thumb Code    22  rt_system.o(i.rt_psh_req)
    rt_psq_enq                               0x00001631   Thumb Code    82  rt_list.o(i.rt_psq_enq)
    rt_put_dly                               0x00001689   Thumb Code    68  rt_list.o(i.rt_put_dly)
    rt_put_prio                              0x000016d1   Thumb Code    54  rt_list.o(i.rt_put_prio)
    rt_put_rdy_first                         0x00001709   Thumb Code    14  rt_list.o(i.rt_put_rdy_first)
    rt_resort_prio                           0x0000171d   Thumb Code    46  rt_list.o(i.rt_resort_prio)
    rt_ret_val                               0x00001751   Thumb Code     6  hal_cm.o(i.rt_ret_val)
    rt_ret_val2                              0x00001757   Thumb Code     8  hal_cm.o(i.rt_ret_val2)
    rt_rmv_dly                               0x0000175f   Thumb Code    40  rt_list.o(i.rt_rmv_dly)
    rt_rmv_list                              0x00001789   Thumb Code    44  rt_list.o(i.rt_rmv_list)
    rt_sem_init                              0x000017b9   Thumb Code    12  rt_semaphore.o(i.rt_sem_init)
    rt_sem_psh                               0x000017c5   Thumb Code    48  rt_semaphore.o(i.rt_sem_psh)
    rt_sem_send                              0x000017f9   Thumb Code    42  rt_semaphore.o(i.rt_sem_send)
    rt_sem_wait                              0x00001825   Thumb Code    56  rt_semaphore.o(i.rt_sem_wait)
    rt_stk_check                             0x00001861   Thumb Code    28  rt_system.o(i.rt_stk_check)
    rt_switch_req                            0x00001885   Thumb Code    30  rt_task.o(i.rt_switch_req)
    rt_sys_init                              0x000018ad   Thumb Code   200  rt_task.o(i.rt_sys_init)
    rt_sys_start                             0x000019b9   Thumb Code    44  rt_task.o(i.rt_sys_start)
    rt_systick                               0x000019ed   Thumb Code    48  rt_system.o(i.rt_systick)
    rt_tsk_create                            0x00001ab1   Thumb Code   116  rt_task.o(i.rt_tsk_create)
    rt_tsk_delete                            0x00001b35   Thumb Code   162  rt_task.o(i.rt_tsk_delete)
    rt_tsk_prio                              0x00001bf1   Thumb Code    98  rt_task.o(i.rt_tsk_prio)
    rt_tsk_self                              0x00001c65   Thumb Code    12  rt_task.o(i.rt_tsk_self)
    svcDelay                                 0x00001c75   Thumb Code    20  rt_cmsis.o(i.svcDelay)
    svcKernelInitialize                      0x00001c89   Thumb Code    78  rt_cmsis.o(i.svcKernelInitialize)
    svcKernelStart                           0x00001cf9   Thumb Code    46  rt_cmsis.o(i.svcKernelStart)
    svcMessageCreate                         0x00001d31   Thumb Code    36  rt_cmsis.o(i.svcMessageCreate)
    svcMessageGet                            0x00001d55   Thumb Code    58  rt_cmsis.o(i.svcMessageGet)
    svcSemaphoreCreate                       0x00001d8f   Thumb Code    36  rt_cmsis.o(i.svcSemaphoreCreate)
    svcSemaphoreRelease                      0x00001db3   Thumb Code    40  rt_cmsis.o(i.svcSemaphoreRelease)
    svcSemaphoreWait                         0x00001ddb   Thumb Code    50  rt_cmsis.o(i.svcSemaphoreWait)
    svcSignalSet                             0x00001e0d   Thumb Code    36  rt_cmsis.o(i.svcSignalSet)
    svcSignalWait                            0x00001e31   Thumb Code    80  rt_cmsis.o(i.svcSignalWait)
    svcThreadCreate                          0x00001e85   Thumb Code   100  rt_cmsis.o(i.svcThreadCreate)
    svcThreadGetId                           0x00001ef5   Thumb Code    22  rt_cmsis.o(i.svcThreadGetId)
    svcThreadSetPriority                     0x00001f11   Thumb Code    46  rt_cmsis.o(i.svcThreadSetPriority)
    svcThreadTerminate                       0x00001f41   Thumb Code    50  rt_cmsis.o(i.svcThreadTerminate)
    svcTimerCall                             0x00001f79   Thumb Code    24  rt_cmsis.o(i.svcTimerCall)
    svcTimerCreate                           0x00001f91   Thumb Code    48  rt_cmsis.o(i.svcTimerCreate)
    svcTimerStart                            0x00001fc5   Thumb Code    72  rt_cmsis.o(i.svcTimerStart)
    sysTimerTick                             0x0000200d   Thumb Code    76  rt_cmsis.o(i.sysTimerTick)
    os_maxtaskrun                            0x00002060   Data           2  rtx_conf_cm.o(.constdata)
    os_stackinfo                             0x00002064   Data           4  rtx_conf_cm.o(.constdata)
    os_rrobin                                0x00002068   Data           4  rtx_conf_cm.o(.constdata)
    os_tickfreq                              0x0000206c   Data           4  rtx_conf_cm.o(.constdata)
    os_tickus_i                              0x00002070   Data           2  rtx_conf_cm.o(.constdata)
    os_tickus_f                              0x00002072   Data           2  rtx_conf_cm.o(.constdata)
    os_trv                                   0x00002074   Data           4  rtx_conf_cm.o(.constdata)
    os_flags                                 0x00002078   Data           1  rtx_conf_cm.o(.constdata)
    os_clockrate                             0x0000207c   Data           4  rtx_conf_cm.o(.constdata)
    os_timernum                              0x00002080   Data           4  rtx_conf_cm.o(.constdata)
    mp_tcb_size                              0x00002084   Data           2  rtx_conf_cm.o(.constdata)
    mp_stk_size                              0x00002088   Data           4  rtx_conf_cm.o(.constdata)
    os_stack_sz                              0x0000208c   Data           4  rtx_conf_cm.o(.constdata)
    os_fifo_size                             0x00002090   Data           1  rtx_conf_cm.o(.constdata)
    os_thread_def_osTimerThread              0x00002094   Data          16  rtx_conf_cm.o(.constdata)
    os_messageQ_def_osTimerMessageQ          0x000020a4   Data           8  rtx_conf_cm.o(.constdata)
    mp_tmr_size                              0x000020ac   Data           2  rtx_conf_cm.o(.constdata)
    led_mask                                 0x000020b0   Data          32  led.o(.constdata)
    os_semaphore_def_download_more_ram       0x000020d0   Data           4  a2.o(.constdata)
    os_thread_def_thr_At                     0x000020d4   Data          16  a2.o(.constdata)
    os_thread_def_thr_Bt                     0x000020e4   Data          16  a2.o(.constdata)
    os_thread_def_thr_Ct                     0x000020f4   Data          16  a2.o(.constdata)
    os_timer_def_tms                         0x00002104   Data           8  a2.o(.constdata)
    os_timer_def_tm0                         0x0000210c   Data           8  a2.o(.constdata)
    os_timer_def_tm1                         0x00002114   Data           8  a2.o(.constdata)
    os_timer_def_tm2                         0x0000211c   Data           8  a2.o(.constdata)
    Region$$Table$$Base                      0x00002124   Number         0  anon$$obj.o(Region$$Table)
    Region$$Table$$Limit                     0x00002144   Number         0  anon$$obj.o(Region$$Table)
    SystemCoreClock                          0x10000000   Data           4  system_lpc17xx.o(.data)
    countIDLE                                0x10000004   Data           4  rtx_conf_cm.o(.data)
    os_tmr                                   0x10000008   Data           4  rtx_conf_cm.o(.data)
    m_tmr                                    0x1000000c   Data           4  rtx_conf_cm.o(.data)
    os_thread_def_main                       0x10000010   Data          16  rtx_conf_cm.o(.data)
    osThreadId_osTimerThread                 0x10000020   Data           4  rtx_conf_cm.o(.data)
    osMessageQId_osTimerMessageQ             0x10000024   Data           4  rtx_conf_cm.o(.data)
    download_more_ram                        0x1000002c   Data           4  a2.o(.data)
    os_semaphore_cb_download_more_ram        0x10000030   Data           8  a2.o(.data)
    TRA                                      0x10000038   Data           4  a2.o(.data)
    TRB                                      0x1000003c   Data           4  a2.o(.data)
    TRC                                      0x10000040   Data           4  a2.o(.data)
    os_initialized                           0x10000044   Data           1  rt_cmsis.o(.data)
    os_running                               0x10000045   Data           1  rt_cmsis.o(.data)
    os_timer_head                            0x10000048   Data           4  rt_cmsis.o(.data)
    os_tsk                                   0x1000004c   Data           8  rt_task.o(.data)
    os_tick_irqn                             0x10000058   Data           4  rt_system.o(.data)
    os_time                                  0x1000005c   Data           4  rt_time.o(.data)
    dbg_msg                                  0x10000060   Data           1  hal_cm.o(.data)
    mp_tcb                                   0x10000068   Data         348  rtx_conf_cm.o(.bss)
    mp_stk                                   0x100001c8   Data       24592  rtx_conf_cm.o(.bss)
    os_stack_mem                             0x100061d8   Data        4328  rtx_conf_cm.o(.bss)
    os_fifo                                  0x100072c0   Data         132  rtx_conf_cm.o(.bss)
    os_active_TCB                            0x10007344   Data          28  rtx_conf_cm.o(.bss)
    os_messageQ_q_osTimerMessageQ            0x10007360   Data          32  rtx_conf_cm.o(.bss)
    os_timer_cb_tms                          0x10007680   Data          20  a2.o(.bss)
    os_timer_cb_tm0                          0x10007694   Data          20  a2.o(.bss)
    os_timer_cb_tm1                          0x100076a8   Data          20  a2.o(.bss)
    os_timer_cb_tm2                          0x100076bc   Data          20  a2.o(.bss)
    os_idle_TCB                              0x100076d0   Data          48  rt_task.o(.bss)
    os_rdy                                   0x10007700   Data          24  rt_list.o(.bss)
    os_dly                                   0x10007718   Data          24  rt_list.o(.bss)
    __libspace_start                         0x10007730   Data          96  libspace.o(.bss)
    __temporary_stack_top$libspace           0x10007790   Data           0  libspace.o(.bss)



==============================================================================

Memory Map of the image

  Image Entry point : 0x000000cd

  Load Region LR_IROM1 (Base: 0x00000000, Size: 0x000021a8, Max: 0x00080000, ABSOLUTE)

    Execution Region ER_IROM1 (Base: 0x00000000, Size: 0x00002144, Max: 0x00080000, ABSOLUTE)

    Base Addr    Size         Type   Attr      Idx    E Section Name        Object

    0x00000000   0x000000cc   Data   RO            3    RESET               startup_lpc17xx.o
    0x000000cc   0x00000008   Code   RO         1450  * !!!main             c_w.l(__main.o)
    0x000000d4   0x00000034   Code   RO         1585    !!!scatter          c_w.l(__scatter.o)
    0x00000108   0x0000001a   Code   RO         1587    !!handler_copy      c_w.l(__scatter_copy.o)
    0x00000122   0x00000002   PAD
    0x00000124   0x0000001c   Code   RO         1589    !!handler_zi        c_w.l(__scatter_zi.o)
    0x00000140   0x00000002   Code   RO         1449    .ARM.Collect$$libinit$$00000000  c_w.l(libinit.o)
    0x00000142   0x00000000   Code   RO         1459    .ARM.Collect$$libinit$$00000002  c_w.l(libinit2.o)
    0x00000142   0x00000000   Code   RO         1462    .ARM.Collect$$libinit$$00000008  c_w.l(libinit2.o)
    0x00000142   0x00000000   Code   RO         1464    .ARM.Collect$$libinit$$0000000A  c_w.l(libinit2.o)
    0x00000142   0x00000000   Code   RO         1466    .ARM.Collect$$libinit$$0000000C  c_w.l(libinit2.o)
    0x00000142   0x00000000   Code   RO         1469    .ARM.Collect$$libinit$$0000000F  c_w.l(libinit2.o)
    0x00000142   0x00000000   Code   RO         1471    .ARM.Collect$$libinit$$00000011  c_w.l(libinit2.o)
    0x00000142   0x00000000   Code   RO         1473    .ARM.Collect$$libinit$$00000013  c_w.l(libinit2.o)
    0x00000142   0x00000000   Code   RO         1475    .ARM.Collect$$libinit$$00000015  c_w.l(libinit2.o)
    0x00000142   0x00000000   Code   RO         1477    .ARM.Collect$$libinit$$00000017  c_w.l(libinit2.o)
    0x00000142   0x00000000   Code   RO         1479    .ARM.Collect$$libinit$$00000019  c_w.l(libinit2.o)
    0x00000142   0x00000000   Code   RO         1481    .ARM.Collect$$libinit$$0000001B  c_w.l(libinit2.o)
    0x00000142   0x00000000   Code   RO         1483    .ARM.Collect$$libinit$$0000001D  c_w.l(libinit2.o)
    0x00000142   0x00000000   Code   RO         1485    .ARM.Collect$$libinit$$0000001F  c_w.l(libinit2.o)
    0x00000142   0x00000000   Code   RO         1487    .ARM.Collect$$libinit$$00000021  c_w.l(libinit2.o)
    0x00000142   0x00000000   Code   RO         1489    .ARM.Collect$$libinit$$00000023  c_w.l(libinit2.o)
    0x00000142   0x00000000   Code   RO         1493    .ARM.Collect$$libinit$$0000002A  c_w.l(libinit2.o)
    0x00000142   0x00000000   Code   RO         1495    .ARM.Collect$$libinit$$0000002C  c_w.l(libinit2.o)
    0x00000142   0x00000000   Code   RO         1497    .ARM.Collect$$libinit$$0000002E  c_w.l(libinit2.o)
    0x00000142   0x00000000   Code   RO         1499    .ARM.Collect$$libinit$$00000030  c_w.l(libinit2.o)
    0x00000142   0x00000002   Code   RO         1500    .ARM.Collect$$libinit$$00000031  c_w.l(libinit2.o)
    0x00000144   0x00000002   Code   RO         1526    .ARM.Collect$$libshutdown$$00000000  c_w.l(libshutdown.o)
    0x00000146   0x00000000   Code   RO         1546    .ARM.Collect$$libshutdown$$00000003  c_w.l(libshutdown2.o)
    0x00000146   0x00000000   Code   RO         1549    .ARM.Collect$$libshutdown$$00000006  c_w.l(libshutdown2.o)
    0x00000146   0x00000000   Code   RO         1552    .ARM.Collect$$libshutdown$$00000009  c_w.l(libshutdown2.o)
    0x00000146   0x00000000   Code   RO         1554    .ARM.Collect$$libshutdown$$0000000B  c_w.l(libshutdown2.o)
    0x00000146   0x00000000   Code   RO         1557    .ARM.Collect$$libshutdown$$0000000E  c_w.l(libshutdown2.o)
    0x00000146   0x00000002   Code   RO         1558    .ARM.Collect$$libshutdown$$0000000F  c_w.l(libshutdown2.o)
    0x00000148   0x00000002   Code   RO         1452    .ARM.Collect$$rtexit$$00000000  c_w.l(rtexit.o)
    0x0000014a   0x00000000   Code   RO         1502    .ARM.Collect$$rtexit$$00000002  c_w.l(rtexit2.o)
    0x0000014a   0x00000004   Code   RO         1503    .ARM.Collect$$rtexit$$00000003  c_w.l(rtexit2.o)
    0x0000014e   0x00000006   Code   RO         1504    .ARM.Collect$$rtexit$$00000004  c_w.l(rtexit2.o)
    0x00000154   0x00000024   Code   RO           56    .emb_text           rtx_conf_cm.o
    0x00000178   0x00000130   Code   RO         1400    .emb_text           RTX_CM3.lib(hal_cm3.o)
    0x000002a8   0x0000003c   Code   RO            5    .text               startup_lpc17xx.o
    0x000002e4   0x00000008   Code   RO         1436    .text               c_w.l(libspace.o)
    0x000002ec   0x0000000c   Code   RO         1443    .text               c_w.l(exit.o)
    0x000002f8   0x00000002   Code   RO         1529    .text               c_w.l(use_no_semi.o)
    0x000002fa   0x00000000   Code   RO         1531    .text               c_w.l(indicate_semi.o)
    0x000002fa   0x00000002   Code   RO          968    i.os_tick_irqack    RTX_CM3.lib(rt_system.o)
    0x000002fc   0x00000004   Code   RO            4    .ARM.__at_0x02FC    startup_lpc17xx.o
    0x00000300   0x00000318   Code   RO           15    .text               system_lpc17xx.o
    0x00000618   0x00000094   Code   RO           57    .text               rtx_conf_cm.o
    0x000006ac   0x000000a8   Code   RO          219    .text               led.o
    0x00000754   0x00000254   Code   RO          245    .text               a2.o
    0x000009a8   0x0000004a   Code   RO         1439    .text               c_w.l(sys_stackheap_outer.o)
    0x000009f2   0x000000ee   Code   RO         1441    .text               c_w.l(lludivv7m.o)
    0x00000ae0   0x00000006   Code   RO         1447    .text               c_w.l(heapauxi.o)
    0x00000ae6   0x00000002   PAD
    0x00000ae8   0x0000000c   Code   RO         1514    .text               c_w.l(sys_exit.o)
    0x00000af4   0x00000004   Code   RO         1431    SVC_TABLE           RTX_CM3.lib(SVC_Table.o)
    0x00000af8   0x00000046   Code   RO         1299    i._init_box         RTX_CM3.lib(rt_membox.o)
    0x00000b3e   0x00000002   PAD
    0x00000b40   0x00000030   Code   RO         1352    i.dbg_init          RTX_CM3.lib(hal_cm.o)
    0x00000b70   0x00000020   Code   RO         1353    i.dbg_task_notify   RTX_CM3.lib(hal_cm.o)
    0x00000b90   0x00000010   Code   RO         1354    i.dbg_task_switch   RTX_CM3.lib(hal_cm.o)
    0x00000ba0   0x0000002c   Code   RO          277    i.isrMessagePut     RTX_CM3.lib(rt_cmsis.o)
    0x00000bcc   0x00000028   Code   RO         1057    i.isr_evt_set       RTX_CM3.lib(rt_event.o)
    0x00000bf4   0x00000050   Code   RO         1175    i.isr_mbx_receive   RTX_CM3.lib(rt_mailbox.o)
    0x00000c44   0x0000000e   Code   RO         1176    i.isr_mbx_send      RTX_CM3.lib(rt_mailbox.o)
    0x00000c52   0x00000010   Code   RO         1223    i.isr_sem_send      RTX_CM3.lib(rt_semaphore.o)
    0x00000c62   0x00000002   PAD
    0x00000c64   0x00000018   Code   RO          278    i.osDelay           RTX_CM3.lib(rt_cmsis.o)
    0x00000c7c   0x00000024   Code   RO          279    i.osKernelInitialize  RTX_CM3.lib(rt_cmsis.o)
    0x00000ca0   0x0000006c   Code   RO          281    i.osKernelStart     RTX_CM3.lib(rt_cmsis.o)
    0x00000d0c   0x00000044   Code   RO          290    i.osMessageGet      RTX_CM3.lib(rt_cmsis.o)
    0x00000d50   0x00000030   Code   RO          300    i.osSemaphoreCreate  RTX_CM3.lib(rt_cmsis.o)
    0x00000d80   0x0000003c   Code   RO          302    i.osSemaphoreRelease  RTX_CM3.lib(rt_cmsis.o)
    0x00000dbc   0x00000018   Code   RO          303    i.osSemaphoreWait   RTX_CM3.lib(rt_cmsis.o)
    0x00000dd4   0x00000034   Code   RO          305    i.osSignalSet       RTX_CM3.lib(rt_cmsis.o)
    0x00000e08   0x00000018   Code   RO          306    i.osSignalWait      RTX_CM3.lib(rt_cmsis.o)
    0x00000e20   0x00000030   Code   RO          307    i.osThreadCreate    RTX_CM3.lib(rt_cmsis.o)
    0x00000e50   0x00000018   Code   RO          308    i.osThreadExit      RTX_CM3.lib(rt_cmsis.o)
    0x00000e68   0x00000018   Code   RO          311    i.osThreadSetPriority  RTX_CM3.lib(rt_cmsis.o)
    0x00000e80   0x0000000c   Code   RO          314    i.osTimerCall       RTX_CM3.lib(rt_cmsis.o)
    0x00000e8c   0x00000034   Code   RO          315    i.osTimerCreate     RTX_CM3.lib(rt_cmsis.o)
    0x00000ec0   0x00000018   Code   RO          317    i.osTimerStart      RTX_CM3.lib(rt_cmsis.o)
    0x00000ed8   0x0000002c   Code   RO          319    i.osTimerThread     RTX_CM3.lib(rt_cmsis.o)
    0x00000f04   0x00000028   Code   RO          967    i.os_tick_init      RTX_CM3.lib(rt_system.o)
    0x00000f2c   0x0000001a   Code   RO         1300    i.rt_alloc_box      RTX_CM3.lib(rt_membox.o)
    0x00000f46   0x0000003c   Code   RO         1328    i.rt_alloc_mem      RTX_CM3.lib(rt_memory.o)
    0x00000f82   0x00000002   PAD
    0x00000f84   0x00000038   Code   RO          852    i.rt_block          RTX_CM3.lib(rt_task.o)
    0x00000fbc   0x00000070   Code   RO         1099    i.rt_dec_dly        RTX_CM3.lib(rt_list.o)
    0x0000102c   0x00000044   Code   RO          853    i.rt_dispatch       RTX_CM3.lib(rt_task.o)
    0x00001070   0x00000006   Code   RO         1265    i.rt_dly_wait       RTX_CM3.lib(rt_time.o)
    0x00001076   0x00000002   PAD
    0x00001078   0x00000050   Code   RO         1060    i.rt_evt_psh        RTX_CM3.lib(rt_event.o)
    0x000010c8   0x0000005c   Code   RO         1061    i.rt_evt_set        RTX_CM3.lib(rt_event.o)
    0x00001124   0x0000003c   Code   RO         1062    i.rt_evt_wait       RTX_CM3.lib(rt_event.o)
    0x00001160   0x00000020   Code   RO         1301    i.rt_free_box       RTX_CM3.lib(rt_membox.o)
    0x00001180   0x00000028   Code   RO         1329    i.rt_free_mem       RTX_CM3.lib(rt_memory.o)
    0x000011a8   0x00000028   Code   RO         1100    i.rt_get_first      RTX_CM3.lib(rt_list.o)
    0x000011d0   0x00000008   Code   RO          322    i.rt_id2obj         RTX_CM3.lib(rt_cmsis.o)
    0x000011d8   0x00000040   Code   RO          854    i.rt_init_context   RTX_CM3.lib(rt_task.o)
    0x00001218   0x0000001a   Code   RO         1330    i.rt_init_mem       RTX_CM3.lib(rt_memory.o)
    0x00001232   0x00000002   PAD
    0x00001234   0x00000050   Code   RO         1355    i.rt_init_stack     RTX_CM3.lib(hal_cm.o)
    0x00001284   0x00000008   Code   RO         1177    i.rt_mbx_check      RTX_CM3.lib(rt_mailbox.o)
    0x0000128c   0x0000001c   Code   RO         1178    i.rt_mbx_init       RTX_CM3.lib(rt_mailbox.o)
    0x000012a8   0x000000f0   Code   RO         1179    i.rt_mbx_psh        RTX_CM3.lib(rt_mailbox.o)
    0x00001398   0x000000b0   Code   RO         1181    i.rt_mbx_wait       RTX_CM3.lib(rt_mailbox.o)
    0x00001448   0x0000003c   Code   RO          323    i.rt_ms2tick        RTX_CM3.lib(rt_cmsis.o)
    0x00001484   0x00000010   Code   RO          937    i.rt_mut_init       RTX_CM3.lib(rt_mutex.o)
    0x00001494   0x000000a0   Code   RO          938    i.rt_mut_release    RTX_CM3.lib(rt_mutex.o)
    0x00001534   0x00000064   Code   RO          939    i.rt_mut_wait       RTX_CM3.lib(rt_mutex.o)
    0x00001598   0x00000078   Code   RO          971    i.rt_pop_req        RTX_CM3.lib(rt_system.o)
    0x00001610   0x00000020   Code   RO          972    i.rt_psh_req        RTX_CM3.lib(rt_system.o)
    0x00001630   0x00000058   Code   RO         1102    i.rt_psq_enq        RTX_CM3.lib(rt_list.o)
    0x00001688   0x00000048   Code   RO         1103    i.rt_put_dly        RTX_CM3.lib(rt_list.o)
    0x000016d0   0x00000036   Code   RO         1104    i.rt_put_prio       RTX_CM3.lib(rt_list.o)
    0x00001706   0x00000002   PAD
    0x00001708   0x00000014   Code   RO         1105    i.rt_put_rdy_first  RTX_CM3.lib(rt_list.o)
    0x0000171c   0x00000034   Code   RO         1106    i.rt_resort_prio    RTX_CM3.lib(rt_list.o)
    0x00001750   0x00000006   Code   RO         1356    i.rt_ret_val        RTX_CM3.lib(hal_cm.o)
    0x00001756   0x00000008   Code   RO         1357    i.rt_ret_val2       RTX_CM3.lib(hal_cm.o)
    0x0000175e   0x00000028   Code   RO         1107    i.rt_rmv_dly        RTX_CM3.lib(rt_list.o)
    0x00001786   0x00000002   PAD
    0x00001788   0x00000030   Code   RO         1108    i.rt_rmv_list       RTX_CM3.lib(rt_list.o)
    0x000017b8   0x0000000c   Code   RO         1225    i.rt_sem_init       RTX_CM3.lib(rt_semaphore.o)
    0x000017c4   0x00000034   Code   RO         1226    i.rt_sem_psh        RTX_CM3.lib(rt_semaphore.o)
    0x000017f8   0x0000002a   Code   RO         1227    i.rt_sem_send       RTX_CM3.lib(rt_semaphore.o)
    0x00001822   0x00000002   PAD
    0x00001824   0x0000003c   Code   RO         1228    i.rt_sem_wait       RTX_CM3.lib(rt_semaphore.o)
    0x00001860   0x00000024   Code   RO          974    i.rt_stk_check      RTX_CM3.lib(rt_system.o)
    0x00001884   0x00000028   Code   RO          855    i.rt_switch_req     RTX_CM3.lib(rt_task.o)
    0x000018ac   0x0000010c   Code   RO          856    i.rt_sys_init       RTX_CM3.lib(rt_task.o)
    0x000019b8   0x00000034   Code   RO          857    i.rt_sys_start      RTX_CM3.lib(rt_task.o)
    0x000019ec   0x0000003c   Code   RO          976    i.rt_systick        RTX_CM3.lib(rt_system.o)
    0x00001a28   0x00000012   Code   RO          324    i.rt_tid2ptcb       RTX_CM3.lib(rt_cmsis.o)
    0x00001a3a   0x00000002   PAD
    0x00001a3c   0x00000038   Code   RO          325    i.rt_timer_insert   RTX_CM3.lib(rt_cmsis.o)
    0x00001a74   0x0000003c   Code   RO          326    i.rt_timer_remove   RTX_CM3.lib(rt_cmsis.o)
    0x00001ab0   0x00000084   Code   RO          858    i.rt_tsk_create     RTX_CM3.lib(rt_task.o)
    0x00001b34   0x000000bc   Code   RO          859    i.rt_tsk_delete     RTX_CM3.lib(rt_task.o)
    0x00001bf0   0x00000074   Code   RO          861    i.rt_tsk_prio       RTX_CM3.lib(rt_task.o)
    0x00001c64   0x00000010   Code   RO          862    i.rt_tsk_self       RTX_CM3.lib(rt_task.o)
    0x00001c74   0x00000014   Code   RO          327    i.svcDelay          RTX_CM3.lib(rt_cmsis.o)
    0x00001c88   0x00000070   Code   RO          328    i.svcKernelInitialize  RTX_CM3.lib(rt_cmsis.o)
    0x00001cf8   0x00000038   Code   RO          330    i.svcKernelStart    RTX_CM3.lib(rt_cmsis.o)
    0x00001d30   0x00000024   Code   RO          333    i.svcMessageCreate  RTX_CM3.lib(rt_cmsis.o)
    0x00001d54   0x0000003a   Code   RO          334    i.svcMessageGet     RTX_CM3.lib(rt_cmsis.o)
    0x00001d8e   0x00000024   Code   RO          341    i.svcSemaphoreCreate  RTX_CM3.lib(rt_cmsis.o)
    0x00001db2   0x00000028   Code   RO          343    i.svcSemaphoreRelease  RTX_CM3.lib(rt_cmsis.o)
    0x00001dda   0x00000032   Code   RO          344    i.svcSemaphoreWait  RTX_CM3.lib(rt_cmsis.o)
    0x00001e0c   0x00000024   Code   RO          346    i.svcSignalSet      RTX_CM3.lib(rt_cmsis.o)
    0x00001e30   0x00000054   Code   RO          347    i.svcSignalWait     RTX_CM3.lib(rt_cmsis.o)
    0x00001e84   0x00000070   Code   RO          348    i.svcThreadCreate   RTX_CM3.lib(rt_cmsis.o)
    0x00001ef4   0x0000001c   Code   RO          349    i.svcThreadGetId    RTX_CM3.lib(rt_cmsis.o)
    0x00001f10   0x0000002e   Code   RO          351    i.svcThreadSetPriority  RTX_CM3.lib(rt_cmsis.o)
    0x00001f3e   0x00000002   PAD
    0x00001f40   0x00000038   Code   RO          352    i.svcThreadTerminate  RTX_CM3.lib(rt_cmsis.o)
    0x00001f78   0x00000018   Code   RO          354    i.svcTimerCall      RTX_CM3.lib(rt_cmsis.o)
    0x00001f90   0x00000034   Code   RO          355    i.svcTimerCreate    RTX_CM3.lib(rt_cmsis.o)
    0x00001fc4   0x00000048   Code   RO          357    i.svcTimerStart     RTX_CM3.lib(rt_cmsis.o)
    0x0000200c   0x00000054   Code   RO          363    i.sysTimerTick      RTX_CM3.lib(rt_cmsis.o)
    0x00002060   0x0000004e   Data   RO           59    .constdata          rtx_conf_cm.o
    0x000020ae   0x00000002   PAD
    0x000020b0   0x00000020   Data   RO          220    .constdata          led.o
    0x000020d0   0x00000054   Data   RO          247    .constdata          a2.o
    0x00002124   0x00000020   Data   RO         1583    Region$$Table       anon$$obj.o


    Execution Region RW_IRAM1 (Base: 0x10000000, Size: 0x00007990, Max: 0x00008000, ABSOLUTE)

    Base Addr    Size         Type   Attr      Idx    E Section Name        Object

    0x10000000   0x00000004   Data   RW           16    .data               system_lpc17xx.o
    0x10000004   0x00000028   Data   RW           60    .data               rtx_conf_cm.o
    0x1000002c   0x00000018   Data   RW          248    .data               a2.o
    0x10000044   0x00000008   Data   RW          364    .data               RTX_CM3.lib(rt_cmsis.o)
    0x1000004c   0x00000008   Data   RW          864    .data               RTX_CM3.lib(rt_task.o)
    0x10000054   0x00000008   Data   RW          979    .data               RTX_CM3.lib(rt_system.o)
    0x1000005c   0x00000004   Data   RW         1269    .data               RTX_CM3.lib(rt_time.o)
    0x10000060   0x00000001   Data   RW         1358    .data               RTX_CM3.lib(hal_cm.o)
    0x10000061   0x00000007   PAD
    0x10000068   0x00007618   Zero   RW           58    .bss                rtx_conf_cm.o
    0x10007680   0x00000050   Zero   RW          246    .bss                a2.o
    0x100076d0   0x00000030   Zero   RW          863    .bss                RTX_CM3.lib(rt_task.o)
    0x10007700   0x00000030   Zero   RW         1109    .bss                RTX_CM3.lib(rt_list.o)
    0x10007730   0x00000060   Zero   RW         1437    .bss                c_w.l(libspace.o)
    0x10007790   0x00000000   Zero   RW            2    HEAP                startup_lpc17xx.o
    0x10007790   0x00000200   Zero   RW            1    STACK               startup_lpc17xx.o


==============================================================================

Image component sizes


      Code (inc. data)   RO Data    RW Data    ZI Data      Debug   Object Name

       596         48         84         24         80       6744   a2.o
       168         16         32          0          0       1221   led.o
       184         30         78         40      30232       7953   rtx_conf_cm.o
        64         26        204          0        512        844   startup_lpc17xx.o
       792         78          0          4          0       5117   system_lpc17xx.o

    ----------------------------------------------------------------------
      1804        198        432         68      30824      21879   Object Totals
         0          0         32          0          0          0   (incl. Generated)
         0          0          2          0          0          0   (incl. Padding)

    ----------------------------------------------------------------------

      Code (inc. data)   RO Data    RW Data    ZI Data      Debug   Library Member Name

         4          4          0          0          0        148   SVC_Table.o
       190         24          0          1          0       2572   hal_cm.o
       304         36          0          0          0        708   hal_cm3.o
      1920        212          0          8          0      37045   rt_cmsis.o
       272         18          0          0          0       2086   rt_event.o
       526         36          0          0         48       6777   rt_list.o
       546         12          0          0          0       3081   rt_mailbox.o
       128          0          0          0          0       1529   rt_membox.o
       126          0          0          0          0       1847   rt_memory.o
       276         14          0          0          0       1581   rt_mutex.o
       182          8          0          0          0       2318   rt_semaphore.o
       290         52          0          8          0       5479   rt_system.o
      1000        170          0          8         48       7869   rt_task.o
         6          0          0          4          0        524   rt_time.o
         8          0          0          0          0         68   __main.o
        52          8          0          0          0          0   __scatter.o
        26          0          0          0          0          0   __scatter_copy.o
        28          0          0          0          0          0   __scatter_zi.o
        12          0          0          0          0         72   exit.o
         6          0          0          0          0        152   heapauxi.o
         0          0          0          0          0          0   indicate_semi.o
         2          0          0          0          0          0   libinit.o
         2          0          0          0          0          0   libinit2.o
         2          0          0          0          0          0   libshutdown.o
         2          0          0          0          0          0   libshutdown2.o
         8          4          0          0         96         68   libspace.o
       238          0          0          0          0        100   lludivv7m.o
         2          0          0          0          0          0   rtexit.o
        10          0          0          0          0          0   rtexit2.o
        12          4          0          0          0         68   sys_exit.o
        74          0          0          0          0         80   sys_stackheap_outer.o
         2          0          0          0          0         68   use_no_semi.o

    ----------------------------------------------------------------------
      6280        602          0         32        196      74240   Library Totals
        24          0          0          3          4          0   (incl. Padding)

    ----------------------------------------------------------------------

      Code (inc. data)   RO Data    RW Data    ZI Data      Debug   Library Name

      5770        586          0         29         96      73564   RTX_CM3.lib
       486         16          0          0         96        676   c_w.l

    ----------------------------------------------------------------------
      6280        602          0         32        196      74240   Library Totals

    ----------------------------------------------------------------------

==============================================================================


      Code (inc. data)   RO Data    RW Data    ZI Data      Debug   

      8084        800        432        100      31020      90555   Grand Totals
      8084        800        432        100      31020      90555   ELF Image Totals
      8084        800        432        100          0          0   ROM Totals

==============================================================================

    Total RO  Size (Code + RO Data)                 8516 (   8.32kB)
    Total RW  Size (RW Data + ZI Data)             31120 (  30.39kB)
    Total ROM Size (Code + RO Data + RW Data)       8616 (   8.41kB)

==============================================================================

