ARM Linker, 5.03 [Build 76] [MDK-ARM Professional]

==============================================================================

Section Cross References

    system_lpc17xx.o(.text) refers to uldiv.o(.text) for __aeabi_uldivmod
    system_lpc17xx.o(.text) refers to system_lpc17xx.o(.data) for SystemCoreClock
    startup_lpc17xx.o(RESET) refers to startup_lpc17xx.o(STACK) for __initial_sp
    startup_lpc17xx.o(RESET) refers to startup_lpc17xx.o(.text) for Reset_Handler
    startup_lpc17xx.o(RESET) refers to hal_cm3.o(.emb_text) for SVC_Handler
    startup_lpc17xx.o(.text) refers to system_lpc17xx.o(.text) for SystemInit
    startup_lpc17xx.o(.text) refers to entry.o(.ARM.Collect$$$$00000000) for __main
    rtx_conf_cm.o(.ARM.Collect$$$$000000FF) refers to rt_cmsis.o(i.osKernelInitialize) for osKernelInitialize
    rtx_conf_cm.o(.ARM.Collect$$$$000000FF) refers to rt_cmsis.o(i.osThreadCreate) for osThreadCreate
    rtx_conf_cm.o(.ARM.Collect$$$$000000FF) refers to rt_cmsis.o(i.osKernelStart) for osKernelStart
    rtx_conf_cm.o(.ARM.Collect$$$$000000FF) refers to rtx_conf_cm.o(.data) for .data
    rtx_conf_cm.o(.constdata) refers to rt_cmsis.o(i.osTimerThread) for osTimerThread
    rtx_conf_cm.o(.constdata) refers to rtx_conf_cm.o(.bss) for os_messageQ_q_osTimerMessageQ
    rtx_conf_cm.o(.data) refers to demo.o(.text) for main
    demo.o(.text) refers to system_lpc17xx.o(.text) for SystemInit
    demo.o(.text) refers to hal_cm3.o(.emb_text) for os_set_env
    demo.o(.text) refers to demo.o(.data) for global_c1
    demo.o(.text) refers to rt_task.o(i.rt_tsk_create) for rt_tsk_create
    demo.o(.text) refers to rt_task.o(i.rt_tsk_delete) for rt_tsk_delete
    demo.o(.text) refers to rt_task.o(i.rt_sys_init) for rt_sys_init
    rt_cmsis.o(i.isrMessagePut) refers to rt_mailbox.o(i.rt_mbx_check) for rt_mbx_check
    rt_cmsis.o(i.isrMessagePut) refers to rt_mailbox.o(i.isr_mbx_send) for isr_mbx_send
    rt_cmsis.o(i.osDelay) refers to rt_cmsis.o(i.svcDelay) for svcDelay
    rt_cmsis.o(i.osKernelInitialize) refers to rt_cmsis.o(i.svcKernelInitialize) for svcKernelInitialize
    rt_cmsis.o(i.osKernelRunning) refers to rt_cmsis.o(i.svcKernelRunning) for svcKernelRunning
    rt_cmsis.o(i.osKernelRunning) refers to rt_cmsis.o(.data) for .data
    rt_cmsis.o(i.osKernelStart) refers to rtx_conf_cm.o(.constdata) for os_flags
    rt_cmsis.o(i.osKernelStart) refers to rt_cmsis.o(i.svcKernelStart) for svcKernelStart
    rt_cmsis.o(i.osKernelSysTick) refers to rt_cmsis.o(i.svcKernelSysTick) for svcKernelSysTick
    rt_cmsis.o(i.osMailAlloc) refers to rt_cmsis.o(i.sysMailAlloc) for sysMailAlloc
    rt_cmsis.o(i.osMailCAlloc) refers to rt_cmsis.o(i.sysMailAlloc) for sysMailAlloc
    rt_cmsis.o(i.osMailCreate) refers to rt_cmsis.o(i.svcMailCreate) for svcMailCreate
    rt_cmsis.o(i.osMailCreate) refers to rt_cmsis.o(.data) for .data
    rt_cmsis.o(i.osMailFree) refers to rt_cmsis.o(i.sysMailFree) for sysMailFree
    rt_cmsis.o(i.osMailGet) refers to rt_cmsis.o(i.osMessageGet) for osMessageGet
    rt_cmsis.o(i.osMailPut) refers to rt_cmsis.o(i.osMessagePut) for osMessagePut
    rt_cmsis.o(i.osMessageCreate) refers to rt_cmsis.o(i.svcMessageCreate) for svcMessageCreate
    rt_cmsis.o(i.osMessageCreate) refers to rt_cmsis.o(.data) for .data
    rt_cmsis.o(i.osMessageGet) refers to rt_mailbox.o(i.isr_mbx_receive) for isr_mbx_receive
    rt_cmsis.o(i.osMessageGet) refers to rt_cmsis.o(i.svcMessageGet) for svcMessageGet
    rt_cmsis.o(i.osMessagePut) refers to rt_cmsis.o(i.isrMessagePut) for isrMessagePut
    rt_cmsis.o(i.osMessagePut) refers to rt_cmsis.o(i.svcMessagePut) for svcMessagePut
    rt_cmsis.o(i.osMutexCreate) refers to rt_cmsis.o(i.svcMutexCreate) for svcMutexCreate
    rt_cmsis.o(i.osMutexCreate) refers to rt_cmsis.o(.data) for .data
    rt_cmsis.o(i.osMutexDelete) refers to rt_cmsis.o(i.svcMutexDelete) for svcMutexDelete
    rt_cmsis.o(i.osMutexRelease) refers to rt_cmsis.o(i.svcMutexRelease) for svcMutexRelease
    rt_cmsis.o(i.osMutexWait) refers to rt_cmsis.o(i.svcMutexWait) for svcMutexWait
    rt_cmsis.o(i.osPoolAlloc) refers to rt_cmsis.o(i.sysPoolAlloc) for sysPoolAlloc
    rt_cmsis.o(i.osPoolCAlloc) refers to rt_cmsis.o(i.sysPoolAlloc) for sysPoolAlloc
    rt_cmsis.o(i.osPoolCreate) refers to rt_cmsis.o(i.svcPoolCreate) for svcPoolCreate
    rt_cmsis.o(i.osPoolCreate) refers to rt_cmsis.o(.data) for .data
    rt_cmsis.o(i.osPoolFree) refers to rt_cmsis.o(i.sysPoolFree) for sysPoolFree
    rt_cmsis.o(i.osSemaphoreCreate) refers to rt_cmsis.o(i.svcSemaphoreCreate) for svcSemaphoreCreate
    rt_cmsis.o(i.osSemaphoreCreate) refers to rt_cmsis.o(.data) for .data
    rt_cmsis.o(i.osSemaphoreDelete) refers to rt_cmsis.o(i.svcSemaphoreDelete) for svcSemaphoreDelete
    rt_cmsis.o(i.osSemaphoreRelease) refers to rt_cmsis.o(i.rt_id2obj) for rt_id2obj
    rt_cmsis.o(i.osSemaphoreRelease) refers to rt_semaphore.o(i.isr_sem_send) for isr_sem_send
    rt_cmsis.o(i.osSemaphoreRelease) refers to rt_cmsis.o(i.svcSemaphoreRelease) for svcSemaphoreRelease
    rt_cmsis.o(i.osSemaphoreWait) refers to rt_cmsis.o(i.svcSemaphoreWait) for svcSemaphoreWait
    rt_cmsis.o(i.osSignalClear) refers to rt_cmsis.o(i.svcSignalClear) for svcSignalClear
    rt_cmsis.o(i.osSignalSet) refers to rt_cmsis.o(i.rt_tid2ptcb) for rt_tid2ptcb
    rt_cmsis.o(i.osSignalSet) refers to rt_event.o(i.isr_evt_set) for isr_evt_set
    rt_cmsis.o(i.osSignalSet) refers to rt_cmsis.o(i.svcSignalSet) for svcSignalSet
    rt_cmsis.o(i.osSignalWait) refers to rt_cmsis.o(i.svcSignalWait) for svcSignalWait
    rt_cmsis.o(i.osThreadCreate) refers to rt_cmsis.o(i.svcThreadCreate) for svcThreadCreate
    rt_cmsis.o(i.osThreadCreate) refers to rt_cmsis.o(.data) for .data
    rt_cmsis.o(i.osThreadExit) refers to rt_cmsis.o(i.svcThreadGetId) for svcThreadGetId
    rt_cmsis.o(i.osThreadExit) refers to rt_cmsis.o(i.svcThreadTerminate) for svcThreadTerminate
    rt_cmsis.o(i.osThreadGetId) refers to rt_cmsis.o(i.svcThreadGetId) for svcThreadGetId
    rt_cmsis.o(i.osThreadGetPriority) refers to rt_cmsis.o(i.svcThreadGetPriority) for svcThreadGetPriority
    rt_cmsis.o(i.osThreadSetPriority) refers to rt_cmsis.o(i.svcThreadSetPriority) for svcThreadSetPriority
    rt_cmsis.o(i.osThreadTerminate) refers to rt_cmsis.o(i.svcThreadTerminate) for svcThreadTerminate
    rt_cmsis.o(i.osThreadYield) refers to rt_cmsis.o(i.svcThreadYield) for svcThreadYield
    rt_cmsis.o(i.osTimerCall) refers to rt_cmsis.o(i.svcTimerCall) for svcTimerCall
    rt_cmsis.o(i.osTimerCreate) refers to rt_cmsis.o(i.svcTimerCreate) for svcTimerCreate
    rt_cmsis.o(i.osTimerCreate) refers to rt_cmsis.o(.data) for .data
    rt_cmsis.o(i.osTimerDelete) refers to rt_cmsis.o(i.svcTimerDelete) for svcTimerDelete
    rt_cmsis.o(i.osTimerStart) refers to rt_cmsis.o(i.svcTimerStart) for svcTimerStart
    rt_cmsis.o(i.osTimerStop) refers to rt_cmsis.o(i.svcTimerStop) for svcTimerStop
    rt_cmsis.o(i.osTimerThread) refers to rt_cmsis.o(i.osMessageGet) for osMessageGet
    rt_cmsis.o(i.osTimerThread) refers to rt_cmsis.o(i.osTimerCall) for osTimerCall
    rt_cmsis.o(i.osTimerThread) refers to rtx_conf_cm.o(.data) for osMessageQId_osTimerMessageQ
    rt_cmsis.o(i.rt_ms2tick) refers to rtx_conf_cm.o(.constdata) for os_clockrate
    rt_cmsis.o(i.rt_timer_insert) refers to rt_cmsis.o(.data) for .data
    rt_cmsis.o(i.rt_timer_remove) refers to rt_cmsis.o(.data) for .data
    rt_cmsis.o(i.svcDelay) refers to rt_cmsis.o(i.rt_ms2tick) for rt_ms2tick
    rt_cmsis.o(i.svcDelay) refers to rt_time.o(i.rt_dly_wait) for rt_dly_wait
    rt_cmsis.o(i.svcKernelInitialize) refers to rt_memory.o(i.rt_init_mem) for rt_init_mem
    rt_cmsis.o(i.svcKernelInitialize) refers to rt_task.o(i.rt_sys_init) for rt_sys_init
    rt_cmsis.o(i.svcKernelInitialize) refers to rt_cmsis.o(i.svcMessageCreate) for svcMessageCreate
    rt_cmsis.o(i.svcKernelInitialize) refers to rt_cmsis.o(i.svcThreadCreate) for svcThreadCreate
    rt_cmsis.o(i.svcKernelInitialize) refers to rt_cmsis.o(.data) for .data
    rt_cmsis.o(i.svcKernelInitialize) refers to rtx_conf_cm.o(.bss) for os_stack_mem
    rt_cmsis.o(i.svcKernelInitialize) refers to rtx_conf_cm.o(.constdata) for os_stack_sz
    rt_cmsis.o(i.svcKernelInitialize) refers to rt_task.o(.data) for os_tsk
    rt_cmsis.o(i.svcKernelInitialize) refers to rtx_conf_cm.o(.data) for osMessageQId_osTimerMessageQ
    rt_cmsis.o(i.svcKernelRunning) refers to rt_cmsis.o(.data) for .data
    rt_cmsis.o(i.svcKernelStart) refers to rt_task.o(i.rt_tsk_prio) for rt_tsk_prio
    rt_cmsis.o(i.svcKernelStart) refers to rt_task.o(i.rt_sys_start) for rt_sys_start
    rt_cmsis.o(i.svcKernelStart) refers to rt_cmsis.o(.data) for .data
    rt_cmsis.o(i.svcKernelStart) refers to rt_task.o(.data) for os_tsk
    rt_cmsis.o(i.svcKernelSysTick) refers to rt_system.o(i.os_tick_val) for os_tick_val
    rt_cmsis.o(i.svcKernelSysTick) refers to rt_system.o(i.os_tick_ovf) for os_tick_ovf
    rt_cmsis.o(i.svcKernelSysTick) refers to rtx_conf_cm.o(.constdata) for os_trv
    rt_cmsis.o(i.svcKernelSysTick) refers to rt_time.o(.data) for os_time
    rt_cmsis.o(i.svcMailCreate) refers to rt_membox.o(i._init_box) for _init_box
    rt_cmsis.o(i.svcMailCreate) refers to rt_mailbox.o(i.rt_mbx_init) for rt_mbx_init
    rt_cmsis.o(i.svcMessageCreate) refers to rt_mailbox.o(i.rt_mbx_init) for rt_mbx_init
    rt_cmsis.o(i.svcMessageGet) refers to rt_cmsis.o(i.rt_ms2tick) for rt_ms2tick
    rt_cmsis.o(i.svcMessageGet) refers to rt_mailbox.o(i.rt_mbx_wait) for rt_mbx_wait
    rt_cmsis.o(i.svcMessagePut) refers to rt_cmsis.o(i.rt_ms2tick) for rt_ms2tick
    rt_cmsis.o(i.svcMessagePut) refers to rt_mailbox.o(i.rt_mbx_send) for rt_mbx_send
    rt_cmsis.o(i.svcMutexCreate) refers to rt_mutex.o(i.rt_mut_init) for rt_mut_init
    rt_cmsis.o(i.svcMutexDelete) refers to rt_cmsis.o(i.rt_id2obj) for rt_id2obj
    rt_cmsis.o(i.svcMutexDelete) refers to rt_mutex.o(i.rt_mut_delete) for rt_mut_delete
    rt_cmsis.o(i.svcMutexRelease) refers to rt_cmsis.o(i.rt_id2obj) for rt_id2obj
    rt_cmsis.o(i.svcMutexRelease) refers to rt_mutex.o(i.rt_mut_release) for rt_mut_release
    rt_cmsis.o(i.svcMutexWait) refers to rt_cmsis.o(i.rt_id2obj) for rt_id2obj
    rt_cmsis.o(i.svcMutexWait) refers to rt_cmsis.o(i.rt_ms2tick) for rt_ms2tick
    rt_cmsis.o(i.svcMutexWait) refers to rt_mutex.o(i.rt_mut_wait) for rt_mut_wait
    rt_cmsis.o(i.svcPoolCreate) refers to rt_membox.o(i._init_box) for _init_box
    rt_cmsis.o(i.svcSemaphoreCreate) refers to rt_semaphore.o(i.rt_sem_init) for rt_sem_init
    rt_cmsis.o(i.svcSemaphoreDelete) refers to rt_cmsis.o(i.rt_id2obj) for rt_id2obj
    rt_cmsis.o(i.svcSemaphoreDelete) refers to rt_semaphore.o(i.rt_sem_delete) for rt_sem_delete
    rt_cmsis.o(i.svcSemaphoreRelease) refers to rt_cmsis.o(i.rt_id2obj) for rt_id2obj
    rt_cmsis.o(i.svcSemaphoreRelease) refers to rt_semaphore.o(i.rt_sem_send) for rt_sem_send
    rt_cmsis.o(i.svcSemaphoreWait) refers to rt_cmsis.o(i.rt_id2obj) for rt_id2obj
    rt_cmsis.o(i.svcSemaphoreWait) refers to rt_cmsis.o(i.rt_ms2tick) for rt_ms2tick
    rt_cmsis.o(i.svcSemaphoreWait) refers to rt_semaphore.o(i.rt_sem_wait) for rt_sem_wait
    rt_cmsis.o(i.svcSignalClear) refers to rt_cmsis.o(i.rt_tid2ptcb) for rt_tid2ptcb
    rt_cmsis.o(i.svcSignalClear) refers to rt_event.o(i.rt_evt_clr) for rt_evt_clr
    rt_cmsis.o(i.svcSignalSet) refers to rt_cmsis.o(i.rt_tid2ptcb) for rt_tid2ptcb
    rt_cmsis.o(i.svcSignalSet) refers to rt_event.o(i.rt_evt_set) for rt_evt_set
    rt_cmsis.o(i.svcSignalWait) refers to rt_cmsis.o(i.rt_ms2tick) for rt_ms2tick
    rt_cmsis.o(i.svcSignalWait) refers to rt_event.o(i.rt_evt_wait) for rt_evt_wait
    rt_cmsis.o(i.svcSignalWait) refers to rt_task.o(.data) for os_tsk
    rt_cmsis.o(i.svcThreadCreate) refers to rt_memory.o(i.rt_alloc_mem) for rt_alloc_mem
    rt_cmsis.o(i.svcThreadCreate) refers to rt_task.o(i.rt_tsk_create) for rt_tsk_create
    rt_cmsis.o(i.svcThreadCreate) refers to rt_memory.o(i.rt_free_mem) for rt_free_mem
    rt_cmsis.o(i.svcThreadCreate) refers to rtx_conf_cm.o(.bss) for os_stack_mem
    rt_cmsis.o(i.svcThreadCreate) refers to rt_cmsis.o(i.osThreadExit) for osThreadExit
    rt_cmsis.o(i.svcThreadGetId) refers to rt_task.o(i.rt_tsk_self) for rt_tsk_self
    rt_cmsis.o(i.svcThreadGetId) refers to rtx_conf_cm.o(.bss) for os_active_TCB
    rt_cmsis.o(i.svcThreadGetPriority) refers to rt_cmsis.o(i.rt_tid2ptcb) for rt_tid2ptcb
    rt_cmsis.o(i.svcThreadSetPriority) refers to rt_cmsis.o(i.rt_tid2ptcb) for rt_tid2ptcb
    rt_cmsis.o(i.svcThreadSetPriority) refers to rt_task.o(i.rt_tsk_prio) for rt_tsk_prio
    rt_cmsis.o(i.svcThreadTerminate) refers to rt_cmsis.o(i.rt_tid2ptcb) for rt_tid2ptcb
    rt_cmsis.o(i.svcThreadTerminate) refers to rt_task.o(i.rt_tsk_delete) for rt_tsk_delete
    rt_cmsis.o(i.svcThreadTerminate) refers to rt_memory.o(i.rt_free_mem) for rt_free_mem
    rt_cmsis.o(i.svcThreadTerminate) refers to rtx_conf_cm.o(.bss) for os_stack_mem
    rt_cmsis.o(i.svcThreadYield) refers to rt_task.o(i.rt_tsk_pass) for rt_tsk_pass
    rt_cmsis.o(i.svcTimerCall) refers to rt_cmsis.o(i.rt_id2obj) for rt_id2obj
    rt_cmsis.o(i.svcTimerCreate) refers to rtx_conf_cm.o(.data) for osThreadId_osTimerThread
    rt_cmsis.o(i.svcTimerDelete) refers to rt_cmsis.o(i.rt_id2obj) for rt_id2obj
    rt_cmsis.o(i.svcTimerDelete) refers to rt_cmsis.o(i.rt_timer_remove) for rt_timer_remove
    rt_cmsis.o(i.svcTimerStart) refers to rt_cmsis.o(i.rt_id2obj) for rt_id2obj
    rt_cmsis.o(i.svcTimerStart) refers to rt_cmsis.o(i.rt_ms2tick) for rt_ms2tick
    rt_cmsis.o(i.svcTimerStart) refers to rt_cmsis.o(i.rt_timer_remove) for rt_timer_remove
    rt_cmsis.o(i.svcTimerStart) refers to rt_cmsis.o(i.rt_timer_insert) for rt_timer_insert
    rt_cmsis.o(i.svcTimerStop) refers to rt_cmsis.o(i.rt_id2obj) for rt_id2obj
    rt_cmsis.o(i.svcTimerStop) refers to rt_cmsis.o(i.rt_timer_remove) for rt_timer_remove
    rt_cmsis.o(i.sysMailAlloc) refers to rt_membox.o(i.rt_alloc_box) for rt_alloc_box
    rt_cmsis.o(i.sysMailAlloc) refers to rt_cmsis.o(i.rt_clr_box) for rt_clr_box
    rt_cmsis.o(i.sysMailAlloc) refers to rt_list.o(i.rt_put_prio) for rt_put_prio
    rt_cmsis.o(i.sysMailAlloc) refers to rt_cmsis.o(i.rt_ms2tick) for rt_ms2tick
    rt_cmsis.o(i.sysMailAlloc) refers to rt_task.o(i.rt_block) for rt_block
    rt_cmsis.o(i.sysMailAlloc) refers to rt_task.o(.data) for os_tsk
    rt_cmsis.o(i.sysMailFree) refers to rt_membox.o(i.rt_free_box) for rt_free_box
    rt_cmsis.o(i.sysMailFree) refers to rt_list.o(i.rt_psq_enq) for rt_psq_enq
    rt_cmsis.o(i.sysMailFree) refers to rt_system.o(i.rt_psh_req) for rt_psh_req
    rt_cmsis.o(i.sysMailFree) refers to rt_membox.o(i.rt_alloc_box) for rt_alloc_box
    rt_cmsis.o(i.sysMailFree) refers to rt_list.o(i.rt_get_first) for rt_get_first
    rt_cmsis.o(i.sysMailFree) refers to hal_cm.o(i.rt_ret_val) for rt_ret_val
    rt_cmsis.o(i.sysMailFree) refers to rt_list.o(i.rt_rmv_dly) for rt_rmv_dly
    rt_cmsis.o(i.sysMailFree) refers to rt_task.o(i.rt_dispatch) for rt_dispatch
    rt_cmsis.o(i.sysPoolAlloc) refers to rt_membox.o(i.rt_alloc_box) for rt_alloc_box
    rt_cmsis.o(i.sysPoolAlloc) refers to rt_cmsis.o(i.rt_clr_box) for rt_clr_box
    rt_cmsis.o(i.sysPoolFree) refers to rt_membox.o(i.rt_free_box) for rt_free_box
    rt_cmsis.o(i.sysTimerTick) refers to rt_cmsis.o(i.isrMessagePut) for isrMessagePut
    rt_cmsis.o(i.sysTimerTick) refers to rt_cmsis.o(i.rt_timer_insert) for rt_timer_insert
    rt_cmsis.o(i.sysTimerTick) refers to rt_cmsis.o(.data) for .data
    rt_cmsis.o(i.sysTimerTick) refers to rtx_conf_cm.o(.data) for osMessageQId_osTimerMessageQ
    rt_task.o(i.rt_block) refers to rt_list.o(i.rt_put_dly) for rt_put_dly
    rt_task.o(i.rt_block) refers to rt_list.o(i.rt_get_first) for rt_get_first
    rt_task.o(i.rt_block) refers to rt_task.o(i.rt_switch_req) for rt_switch_req
    rt_task.o(i.rt_block) refers to rt_task.o(.data) for .data
    rt_task.o(i.rt_block) refers to rt_list.o(.bss) for os_rdy
    rt_task.o(i.rt_dispatch) refers to rt_list.o(i.rt_put_rdy_first) for rt_put_rdy_first
    rt_task.o(i.rt_dispatch) refers to rt_task.o(i.rt_switch_req) for rt_switch_req
    rt_task.o(i.rt_dispatch) refers to rt_list.o(i.rt_get_first) for rt_get_first
    rt_task.o(i.rt_dispatch) refers to rt_list.o(i.rt_put_prio) for rt_put_prio
    rt_task.o(i.rt_dispatch) refers to rt_task.o(.data) for .data
    rt_task.o(i.rt_dispatch) refers to rt_list.o(.bss) for os_rdy
    rt_task.o(i.rt_init_context) refers to rt_membox.o(i.rt_alloc_box) for rt_alloc_box
    rt_task.o(i.rt_init_context) refers to hal_cm.o(i.rt_init_stack) for rt_init_stack
    rt_task.o(i.rt_init_context) refers to rtx_conf_cm.o(.bss) for mp_stk
    rt_task.o(i.rt_switch_req) refers to hal_cm.o(i.dbg_task_switch) for dbg_task_switch
    rt_task.o(i.rt_switch_req) refers to rt_task.o(.data) for .data
    rt_task.o(i.rt_switch_req) refers to hal_cm.o(.data) for dbg_msg
    rt_task.o(i.rt_sys_init) refers to hal_cm.o(i.dbg_init) for dbg_init
    rt_task.o(i.rt_sys_init) refers to rt_membox.o(i._init_box) for _init_box
    rt_task.o(i.rt_sys_init) refers to rt_task.o(i.rt_init_context) for rt_init_context
    rt_task.o(i.rt_sys_init) refers to rt_robin.o(i.rt_init_robin) for rt_init_robin
    rt_task.o(i.rt_sys_init) refers to rtx_conf_cm.o(.bss) for os_active_TCB
    rt_task.o(i.rt_sys_init) refers to rtx_conf_cm.o(.constdata) for os_maxtaskrun
    rt_task.o(i.rt_sys_init) refers to rtx_conf_cm.o(.data) for m_tmr
    rt_task.o(i.rt_sys_init) refers to rt_task.o(.bss) for .bss
    rt_task.o(i.rt_sys_init) refers to rtx_conf_cm.o(.text) for os_idle_demon
    rt_task.o(i.rt_sys_init) refers to rt_list.o(.bss) for os_rdy
    rt_task.o(i.rt_sys_init) refers to rt_task.o(.data) for .data
    rt_task.o(i.rt_sys_start) refers to rt_system.o(i.os_tick_init) for os_tick_init
    rt_task.o(i.rt_sys_start) refers to rt_system.o(.data) for os_tick_irqn
    rt_task.o(i.rt_tsk_create) refers to rt_membox.o(i.rt_alloc_box) for rt_alloc_box
    rt_task.o(i.rt_tsk_create) refers to rt_task.o(i.rt_init_context) for rt_init_context
    rt_task.o(i.rt_tsk_create) refers to hal_cm.o(i.dbg_task_notify) for dbg_task_notify
    rt_task.o(i.rt_tsk_create) refers to rt_task.o(i.rt_dispatch) for rt_dispatch
    rt_task.o(i.rt_tsk_create) refers to rtx_conf_cm.o(.bss) for mp_tcb
    rt_task.o(i.rt_tsk_create) refers to rtx_conf_cm.o(.constdata) for os_maxtaskrun
    rt_task.o(i.rt_tsk_create) refers to hal_cm.o(.data) for dbg_msg
    rt_task.o(i.rt_tsk_delete) refers to hal_cm3.o(.emb_text) for rt_get_PSP
    rt_task.o(i.rt_tsk_delete) refers to rt_system.o(i.rt_stk_check) for rt_stk_check
    rt_task.o(i.rt_tsk_delete) refers to rt_membox.o(i.rt_free_box) for rt_free_box
    rt_task.o(i.rt_tsk_delete) refers to hal_cm.o(i.dbg_task_notify) for dbg_task_notify
    rt_task.o(i.rt_tsk_delete) refers to rt_task.o(i.rt_dispatch) for rt_dispatch
    rt_task.o(i.rt_tsk_delete) refers to rt_list.o(i.rt_rmv_list) for rt_rmv_list
    rt_task.o(i.rt_tsk_delete) refers to rt_list.o(i.rt_rmv_dly) for rt_rmv_dly
    rt_task.o(i.rt_tsk_delete) refers to hal_cm.o(.data) for dbg_msg
    rt_task.o(i.rt_tsk_delete) refers to rt_task.o(.data) for .data
    rt_task.o(i.rt_tsk_delete) refers to rtx_conf_cm.o(.bss) for os_active_TCB
    rt_task.o(i.rt_tsk_delete) refers to rtx_conf_cm.o(.constdata) for os_maxtaskrun
    rt_task.o(i.rt_tsk_pass) refers to rt_list.o(i.rt_get_same_rdy_prio) for rt_get_same_rdy_prio
    rt_task.o(i.rt_tsk_pass) refers to rt_list.o(i.rt_put_prio) for rt_put_prio
    rt_task.o(i.rt_tsk_pass) refers to rt_task.o(i.rt_switch_req) for rt_switch_req
    rt_task.o(i.rt_tsk_pass) refers to rt_task.o(.data) for .data
    rt_task.o(i.rt_tsk_pass) refers to rt_list.o(.bss) for os_rdy
    rt_task.o(i.rt_tsk_prio) refers to rt_list.o(i.rt_put_prio) for rt_put_prio
    rt_task.o(i.rt_tsk_prio) refers to rt_list.o(i.rt_resort_prio) for rt_resort_prio
    rt_task.o(i.rt_tsk_prio) refers to rt_list.o(i.rt_get_first) for rt_get_first
    rt_task.o(i.rt_tsk_prio) refers to rt_task.o(i.rt_dispatch) for rt_dispatch
    rt_task.o(i.rt_tsk_prio) refers to rt_task.o(.data) for .data
    rt_task.o(i.rt_tsk_prio) refers to rtx_conf_cm.o(.constdata) for os_maxtaskrun
    rt_task.o(i.rt_tsk_prio) refers to rtx_conf_cm.o(.bss) for os_active_TCB
    rt_task.o(i.rt_tsk_prio) refers to rt_list.o(.bss) for os_rdy
    rt_task.o(i.rt_tsk_self) refers to rt_task.o(.data) for .data
    hal_cm3.o(.emb_text) refers to rtx_conf_cm.o(.constdata) for os_flags
    hal_cm3.o(.emb_text) refers to rt_membox.o(i.rt_alloc_box) for rt_alloc_box
    hal_cm3.o(.emb_text) refers to rt_membox.o(i.rt_free_box) for rt_free_box
    hal_cm3.o(.emb_text) refers to rt_system.o(i.rt_stk_check) for rt_stk_check
    hal_cm3.o(.emb_text) refers to rt_task.o(.data) for os_tsk
    hal_cm3.o(.emb_text) refers to SVC_Table.o(SVC_TABLE) for SVC_Count
    hal_cm3.o(.emb_text) refers to rt_system.o(i.rt_pop_req) for rt_pop_req
    hal_cm3.o(.emb_text) refers to rt_system.o(i.rt_systick) for rt_systick
    hal_cm3.o(.emb_text) refers to rt_system.o(i.os_tick_irqack) for os_tick_irqack
    rt_system.o(i.os_tick_init) refers to rtx_conf_cm.o(.constdata) for os_trv
    rt_system.o(i.os_tick_val) refers to rtx_conf_cm.o(.constdata) for os_trv
    rt_system.o(i.rt_pop_req) refers to rt_list.o(i.rt_put_rdy_first) for rt_put_rdy_first
    rt_system.o(i.rt_pop_req) refers to rt_semaphore.o(i.rt_sem_psh) for rt_sem_psh
    rt_system.o(i.rt_pop_req) refers to rt_list.o(i.rt_get_first) for rt_get_first
    rt_system.o(i.rt_pop_req) refers to rt_task.o(i.rt_switch_req) for rt_switch_req
    rt_system.o(i.rt_pop_req) refers to rt_event.o(i.rt_evt_psh) for rt_evt_psh
    rt_system.o(i.rt_pop_req) refers to rt_mailbox.o(i.rt_mbx_psh) for rt_mbx_psh
    rt_system.o(i.rt_pop_req) refers to rt_task.o(.data) for os_tsk
    rt_system.o(i.rt_pop_req) refers to rtx_conf_cm.o(.bss) for os_fifo
    rt_system.o(i.rt_pop_req) refers to rt_list.o(.bss) for os_rdy
    rt_system.o(i.rt_psh_req) refers to rt_system.o(.data) for .data
    rt_system.o(i.rt_resume) refers to rt_list.o(i.rt_put_rdy_first) for rt_put_rdy_first
    rt_system.o(i.rt_resume) refers to rt_list.o(i.rt_dec_dly) for rt_dec_dly
    rt_system.o(i.rt_resume) refers to rt_list.o(i.rt_get_first) for rt_get_first
    rt_system.o(i.rt_resume) refers to rt_task.o(i.rt_switch_req) for rt_switch_req
    rt_system.o(i.rt_resume) refers to rt_system.o(i.rt_tsk_unlock) for rt_tsk_unlock
    rt_system.o(i.rt_resume) refers to rt_task.o(.data) for os_tsk
    rt_system.o(i.rt_resume) refers to rt_robin.o(.data) for os_robin
    rt_system.o(i.rt_resume) refers to rt_list.o(.bss) for os_dly
    rt_system.o(i.rt_resume) refers to rt_time.o(.data) for os_time
    rt_system.o(i.rt_stk_check) refers to rtx_conf_cm.o(.text) for os_error
    rt_system.o(i.rt_stk_check) refers to rt_task.o(.data) for os_tsk
    rt_system.o(i.rt_suspend) refers to rt_system.o(i.rt_tsk_lock) for rt_tsk_lock
    rt_system.o(i.rt_suspend) refers to rt_list.o(.bss) for os_dly
    rt_system.o(i.rt_systick) refers to rt_list.o(i.rt_put_rdy_first) for rt_put_rdy_first
    rt_system.o(i.rt_systick) refers to rt_robin.o(i.rt_chk_robin) for rt_chk_robin
    rt_system.o(i.rt_systick) refers to rt_list.o(i.rt_dec_dly) for rt_dec_dly
    rt_system.o(i.rt_systick) refers to rt_cmsis.o(i.sysTimerTick) for sysTimerTick
    rt_system.o(i.rt_systick) refers to rt_list.o(i.rt_get_first) for rt_get_first
    rt_system.o(i.rt_systick) refers to rt_task.o(i.rt_switch_req) for rt_switch_req
    rt_system.o(i.rt_systick) refers to rt_task.o(.data) for os_tsk
    rt_system.o(i.rt_systick) refers to rt_time.o(.data) for os_time
    rt_system.o(i.rt_systick) refers to rt_list.o(.bss) for os_rdy
    rt_system.o(i.rt_tsk_lock) refers to rt_system.o(.data) for .data
    rt_system.o(i.rt_tsk_unlock) refers to rt_system.o(.data) for .data
    rt_event.o(i.isr_evt_set) refers to rt_list.o(i.rt_psq_enq) for rt_psq_enq
    rt_event.o(i.isr_evt_set) refers to rt_system.o(i.rt_psh_req) for rt_psh_req
    rt_event.o(i.isr_evt_set) refers to rtx_conf_cm.o(.bss) for os_active_TCB
    rt_event.o(i.rt_evt_clr) refers to rtx_conf_cm.o(.bss) for os_active_TCB
    rt_event.o(i.rt_evt_get) refers to rt_task.o(.data) for os_tsk
    rt_event.o(i.rt_evt_psh) refers to rt_list.o(i.rt_rmv_dly) for rt_rmv_dly
    rt_event.o(i.rt_evt_psh) refers to hal_cm.o(i.rt_ret_val2) for rt_ret_val2
    rt_event.o(i.rt_evt_psh) refers to rt_list.o(i.rt_put_prio) for rt_put_prio
    rt_event.o(i.rt_evt_psh) refers to rt_list.o(.bss) for os_rdy
    rt_event.o(i.rt_evt_set) refers to rt_list.o(i.rt_rmv_dly) for rt_rmv_dly
    rt_event.o(i.rt_evt_set) refers to hal_cm.o(i.rt_ret_val2) for rt_ret_val2
    rt_event.o(i.rt_evt_set) refers to rt_task.o(i.rt_dispatch) for rt_dispatch
    rt_event.o(i.rt_evt_set) refers to rtx_conf_cm.o(.bss) for os_active_TCB
    rt_event.o(i.rt_evt_wait) refers to rt_task.o(i.rt_block) for rt_block
    rt_event.o(i.rt_evt_wait) refers to rt_task.o(.data) for os_tsk
    rt_list.o(i.rt_dec_dly) refers to rt_list.o(i.rt_put_prio) for rt_put_prio
    rt_list.o(i.rt_dec_dly) refers to rt_list.o(.bss) for .bss
    rt_list.o(i.rt_dec_dly) refers to rt_time.o(.data) for os_time
    rt_list.o(i.rt_get_same_rdy_prio) refers to rt_list.o(.bss) for .bss
    rt_list.o(i.rt_get_same_rdy_prio) refers to rt_task.o(.data) for os_tsk
    rt_list.o(i.rt_psq_enq) refers to rtx_conf_cm.o(.text) for os_error
    rt_list.o(i.rt_psq_enq) refers to rtx_conf_cm.o(.bss) for os_fifo
    rt_list.o(i.rt_put_dly) refers to rt_list.o(.bss) for .bss
    rt_list.o(i.rt_put_rdy_first) refers to rt_list.o(.bss) for .bss
    rt_list.o(i.rt_resort_prio) refers to rt_list.o(i.rt_rmv_list) for rt_rmv_list
    rt_list.o(i.rt_resort_prio) refers to rt_list.o(i.rt_put_prio) for rt_put_prio
    rt_list.o(i.rt_resort_prio) refers to rt_list.o(.bss) for .bss
    rt_list.o(i.rt_rmv_list) refers to rt_list.o(.bss) for .bss
    rt_mailbox.o(i.isr_mbx_receive) refers to rt_list.o(i.rt_psq_enq) for rt_psq_enq
    rt_mailbox.o(i.isr_mbx_receive) refers to rt_system.o(i.rt_psh_req) for rt_psh_req
    rt_mailbox.o(i.isr_mbx_send) refers to rt_list.o(i.rt_psq_enq) for rt_psq_enq
    rt_mailbox.o(i.isr_mbx_send) refers to rt_system.o(i.rt_psh_req) for rt_psh_req
    rt_mailbox.o(i.rt_mbx_psh) refers to rt_membox.o(i.rt_alloc_box) for rt_alloc_box
    rt_mailbox.o(i.rt_mbx_psh) refers to rt_list.o(i.rt_get_first) for rt_get_first
    rt_mailbox.o(i.rt_mbx_psh) refers to hal_cm.o(i.rt_ret_val) for rt_ret_val
    rt_mailbox.o(i.rt_mbx_psh) refers to rt_list.o(i.rt_rmv_dly) for rt_rmv_dly
    rt_mailbox.o(i.rt_mbx_psh) refers to rt_list.o(i.rt_put_prio) for rt_put_prio
    rt_mailbox.o(i.rt_mbx_psh) refers to hal_cm.o(i.rt_ret_val2) for rt_ret_val2
    rt_mailbox.o(i.rt_mbx_psh) refers to rtx_conf_cm.o(.text) for os_error
    rt_mailbox.o(i.rt_mbx_psh) refers to rt_list.o(.bss) for os_rdy
    rt_mailbox.o(i.rt_mbx_send) refers to rt_list.o(i.rt_put_prio) for rt_put_prio
    rt_mailbox.o(i.rt_mbx_send) refers to rt_list.o(i.rt_get_first) for rt_get_first
    rt_mailbox.o(i.rt_mbx_send) refers to hal_cm.o(i.rt_ret_val2) for rt_ret_val2
    rt_mailbox.o(i.rt_mbx_send) refers to rt_list.o(i.rt_rmv_dly) for rt_rmv_dly
    rt_mailbox.o(i.rt_mbx_send) refers to rt_task.o(i.rt_dispatch) for rt_dispatch
    rt_mailbox.o(i.rt_mbx_send) refers to rt_task.o(i.rt_block) for rt_block
    rt_mailbox.o(i.rt_mbx_send) refers to rt_task.o(.data) for os_tsk
    rt_mailbox.o(i.rt_mbx_wait) refers to rt_list.o(i.rt_get_first) for rt_get_first
    rt_mailbox.o(i.rt_mbx_wait) refers to hal_cm.o(i.rt_ret_val) for rt_ret_val
    rt_mailbox.o(i.rt_mbx_wait) refers to rt_list.o(i.rt_rmv_dly) for rt_rmv_dly
    rt_mailbox.o(i.rt_mbx_wait) refers to rt_task.o(i.rt_dispatch) for rt_dispatch
    rt_mailbox.o(i.rt_mbx_wait) refers to rt_list.o(i.rt_put_prio) for rt_put_prio
    rt_mailbox.o(i.rt_mbx_wait) refers to rt_task.o(i.rt_block) for rt_block
    rt_mailbox.o(i.rt_mbx_wait) refers to rt_task.o(.data) for os_tsk
    rt_semaphore.o(i.isr_sem_send) refers to rt_list.o(i.rt_psq_enq) for rt_psq_enq
    rt_semaphore.o(i.isr_sem_send) refers to rt_system.o(i.rt_psh_req) for rt_psh_req
    rt_semaphore.o(i.rt_sem_delete) refers to rt_list.o(i.rt_get_first) for rt_get_first
    rt_semaphore.o(i.rt_sem_delete) refers to hal_cm.o(i.rt_ret_val) for rt_ret_val
    rt_semaphore.o(i.rt_sem_delete) refers to rt_list.o(i.rt_rmv_dly) for rt_rmv_dly
    rt_semaphore.o(i.rt_sem_delete) refers to rt_list.o(i.rt_put_prio) for rt_put_prio
    rt_semaphore.o(i.rt_sem_delete) refers to rt_task.o(i.rt_dispatch) for rt_dispatch
    rt_semaphore.o(i.rt_sem_delete) refers to rt_list.o(.bss) for os_rdy
    rt_semaphore.o(i.rt_sem_delete) refers to rt_task.o(.data) for os_tsk
    rt_semaphore.o(i.rt_sem_psh) refers to rt_list.o(i.rt_get_first) for rt_get_first
    rt_semaphore.o(i.rt_sem_psh) refers to rt_list.o(i.rt_rmv_dly) for rt_rmv_dly
    rt_semaphore.o(i.rt_sem_psh) refers to hal_cm.o(i.rt_ret_val) for rt_ret_val
    rt_semaphore.o(i.rt_sem_psh) refers to rt_list.o(i.rt_put_prio) for rt_put_prio
    rt_semaphore.o(i.rt_sem_psh) refers to rt_list.o(.bss) for os_rdy
    rt_semaphore.o(i.rt_sem_send) refers to rt_list.o(i.rt_get_first) for rt_get_first
    rt_semaphore.o(i.rt_sem_send) refers to hal_cm.o(i.rt_ret_val) for rt_ret_val
    rt_semaphore.o(i.rt_sem_send) refers to rt_list.o(i.rt_rmv_dly) for rt_rmv_dly
    rt_semaphore.o(i.rt_sem_send) refers to rt_task.o(i.rt_dispatch) for rt_dispatch
    rt_semaphore.o(i.rt_sem_wait) refers to rt_list.o(i.rt_put_prio) for rt_put_prio
    rt_semaphore.o(i.rt_sem_wait) refers to rt_task.o(i.rt_block) for rt_block
    rt_semaphore.o(i.rt_sem_wait) refers to rt_task.o(.data) for os_tsk
    rt_time.o(i.rt_dly_wait) refers to rt_task.o(i.rt_block) for rt_block
    rt_time.o(i.rt_itv_set) refers to rt_task.o(.data) for os_tsk
    rt_time.o(i.rt_itv_set) refers to rt_time.o(.data) for .data
    rt_time.o(i.rt_itv_wait) refers to rt_task.o(i.rt_block) for rt_block
    rt_time.o(i.rt_itv_wait) refers to rt_task.o(.data) for os_tsk
    rt_time.o(i.rt_itv_wait) refers to rt_time.o(.data) for .data
    rt_time.o(i.rt_time_get) refers to rt_time.o(.data) for .data
    rt_mutex.o(i.rt_mut_delete) refers to rt_list.o(i.rt_resort_prio) for rt_resort_prio
    rt_mutex.o(i.rt_mut_delete) refers to rt_list.o(i.rt_get_first) for rt_get_first
    rt_mutex.o(i.rt_mut_delete) refers to hal_cm.o(i.rt_ret_val) for rt_ret_val
    rt_mutex.o(i.rt_mut_delete) refers to rt_list.o(i.rt_rmv_dly) for rt_rmv_dly
    rt_mutex.o(i.rt_mut_delete) refers to rt_list.o(i.rt_put_prio) for rt_put_prio
    rt_mutex.o(i.rt_mut_delete) refers to rt_task.o(i.rt_dispatch) for rt_dispatch
    rt_mutex.o(i.rt_mut_delete) refers to rt_task.o(.data) for os_tsk
    rt_mutex.o(i.rt_mut_delete) refers to rt_list.o(.bss) for os_rdy
    rt_mutex.o(i.rt_mut_release) refers to rt_list.o(i.rt_get_first) for rt_get_first
    rt_mutex.o(i.rt_mut_release) refers to hal_cm.o(i.rt_ret_val) for rt_ret_val
    rt_mutex.o(i.rt_mut_release) refers to rt_list.o(i.rt_rmv_dly) for rt_rmv_dly
    rt_mutex.o(i.rt_mut_release) refers to rt_list.o(i.rt_put_prio) for rt_put_prio
    rt_mutex.o(i.rt_mut_release) refers to rt_task.o(i.rt_dispatch) for rt_dispatch
    rt_mutex.o(i.rt_mut_release) refers to rt_task.o(.data) for os_tsk
    rt_mutex.o(i.rt_mut_release) refers to rt_list.o(.bss) for os_rdy
    rt_mutex.o(i.rt_mut_wait) refers to rt_list.o(i.rt_resort_prio) for rt_resort_prio
    rt_mutex.o(i.rt_mut_wait) refers to rt_list.o(i.rt_put_prio) for rt_put_prio
    rt_mutex.o(i.rt_mut_wait) refers to rt_task.o(i.rt_block) for rt_block
    rt_mutex.o(i.rt_mut_wait) refers to rt_task.o(.data) for os_tsk
    rt_robin.o(i.rt_chk_robin) refers to rt_list.o(i.rt_get_first) for rt_get_first
    rt_robin.o(i.rt_chk_robin) refers to rt_list.o(i.rt_put_prio) for rt_put_prio
    rt_robin.o(i.rt_chk_robin) refers to rt_robin.o(.data) for .data
    rt_robin.o(i.rt_chk_robin) refers to rt_list.o(.bss) for os_rdy
    rt_robin.o(i.rt_chk_robin) refers to rt_time.o(.data) for os_time
    rt_robin.o(i.rt_init_robin) refers to rt_robin.o(.data) for .data
    rt_robin.o(i.rt_init_robin) refers to rtx_conf_cm.o(.constdata) for os_rrobin
    rt_membox.o(i._calloc_box) refers to hal_cm3.o(.emb_text) for _alloc_box
    hal_cm.o(i.dbg_init) refers to hal_cm.o(.data) for .data
    hal_cm.o(i.rt_init_stack) refers to rtx_conf_cm.o(.constdata) for os_stackinfo
    entry.o(.ARM.Collect$$$$00000000) refers (Special) to entry10a.o(.ARM.Collect$$$$0000000D) for __rt_final_cpp
    entry.o(.ARM.Collect$$$$00000000) refers (Special) to entry11a.o(.ARM.Collect$$$$0000000F) for __rt_final_exit
    entry.o(.ARM.Collect$$$$00000000) refers (Special) to entry7b.o(.ARM.Collect$$$$00000008) for _main_clock
    entry.o(.ARM.Collect$$$$00000000) refers (Special) to entry8b.o(.ARM.Collect$$$$0000000A) for _main_cpp_init
    entry.o(.ARM.Collect$$$$00000000) refers (Special) to rtx_conf_cm.o(.ARM.Collect$$$$000000FF) for _main_init
    entry.o(.ARM.Collect$$$$00000000) refers (Special) to entry5.o(.ARM.Collect$$$$00000004) for _main_scatterload
    entry.o(.ARM.Collect$$$$00000000) refers (Special) to entry2.o(.ARM.Collect$$$$00000001) for _main_stk
    uldiv.o(.text) refers to llushr.o(.text) for __aeabi_llsr
    uldiv.o(.text) refers to llshl.o(.text) for __aeabi_llsl
    entry2.o(.ARM.Collect$$$$00000001) refers to entry2.o(.ARM.Collect$$$$00002712) for __lit__00000000
    entry2.o(.ARM.Collect$$$$00002712) refers to startup_lpc17xx.o(STACK) for __initial_sp
    entry2.o(__vectab_stack_and_reset_area) refers to startup_lpc17xx.o(STACK) for __initial_sp
    entry2.o(__vectab_stack_and_reset_area) refers to entry.o(.ARM.Collect$$$$00000000) for __main
    entry5.o(.ARM.Collect$$$$00000004) refers to init.o(.text) for __scatterload
    init.o(.text) refers to entry5.o(.ARM.Collect$$$$00000004) for __main_after_scatterload


==============================================================================

Removing Unused input sections from the image.

    Removing system_lpc17xx.o(.rev16_text), (4 bytes).
    Removing system_lpc17xx.o(.revsh_text), (4 bytes).
    Removing startup_lpc17xx.o(HEAP), (0 bytes).
    Removing demo.o(.rev16_text), (4 bytes).
    Removing demo.o(.revsh_text), (4 bytes).
    Removing rt_cmsis.o(.rev16_text), (4 bytes).
    Removing rt_cmsis.o(.revsh_text), (4 bytes).
    Removing rt_cmsis.o(i.osDelay), (24 bytes).
    Removing rt_cmsis.o(i.osKernelRunning), (36 bytes).
    Removing rt_cmsis.o(i.osKernelSysTick), (24 bytes).
    Removing rt_cmsis.o(i.osMailAlloc), (32 bytes).
    Removing rt_cmsis.o(i.osMailCAlloc), (32 bytes).
    Removing rt_cmsis.o(i.osMailCreate), (48 bytes).
    Removing rt_cmsis.o(i.osMailFree), (28 bytes).
    Removing rt_cmsis.o(i.osMailGet), (22 bytes).
    Removing rt_cmsis.o(i.osMailPut), (20 bytes).
    Removing rt_cmsis.o(i.osMessageCreate), (48 bytes).
    Removing rt_cmsis.o(i.osMessagePut), (24 bytes).
    Removing rt_cmsis.o(i.osMutexCreate), (48 bytes).
    Removing rt_cmsis.o(i.osMutexDelete), (24 bytes).
    Removing rt_cmsis.o(i.osMutexRelease), (24 bytes).
    Removing rt_cmsis.o(i.osMutexWait), (24 bytes).
    Removing rt_cmsis.o(i.osPoolAlloc), (36 bytes).
    Removing rt_cmsis.o(i.osPoolCAlloc), (36 bytes).
    Removing rt_cmsis.o(i.osPoolCreate), (48 bytes).
    Removing rt_cmsis.o(i.osPoolFree), (32 bytes).
    Removing rt_cmsis.o(i.osSemaphoreCreate), (48 bytes).
    Removing rt_cmsis.o(i.osSemaphoreDelete), (24 bytes).
    Removing rt_cmsis.o(i.osSemaphoreRelease), (60 bytes).
    Removing rt_cmsis.o(i.osSemaphoreWait), (24 bytes).
    Removing rt_cmsis.o(i.osSignalClear), (24 bytes).
    Removing rt_cmsis.o(i.osSignalSet), (52 bytes).
    Removing rt_cmsis.o(i.osSignalWait), (24 bytes).
    Removing rt_cmsis.o(i.osThreadGetId), (24 bytes).
    Removing rt_cmsis.o(i.osThreadGetPriority), (24 bytes).
    Removing rt_cmsis.o(i.osThreadSetPriority), (24 bytes).
    Removing rt_cmsis.o(i.osThreadTerminate), (24 bytes).
    Removing rt_cmsis.o(i.osThreadYield), (24 bytes).
    Removing rt_cmsis.o(i.osTimerCreate), (52 bytes).
    Removing rt_cmsis.o(i.osTimerDelete), (24 bytes).
    Removing rt_cmsis.o(i.osTimerStart), (24 bytes).
    Removing rt_cmsis.o(i.osTimerStop), (24 bytes).
    Removing rt_cmsis.o(i.osWait), (4 bytes).
    Removing rt_cmsis.o(i.rt_clr_box), (20 bytes).
    Removing rt_cmsis.o(i.rt_timer_remove), (60 bytes).
    Removing rt_cmsis.o(i.svcDelay), (20 bytes).
    Removing rt_cmsis.o(i.svcKernelRunning), (12 bytes).
    Removing rt_cmsis.o(i.svcKernelSysTick), (56 bytes).
    Removing rt_cmsis.o(i.svcMailCreate), (66 bytes).
    Removing rt_cmsis.o(i.svcMessagePut), (54 bytes).
    Removing rt_cmsis.o(i.svcMutexCreate), (28 bytes).
    Removing rt_cmsis.o(i.svcMutexDelete), (26 bytes).
    Removing rt_cmsis.o(i.svcMutexRelease), (34 bytes).
    Removing rt_cmsis.o(i.svcMutexWait), (54 bytes).
    Removing rt_cmsis.o(i.svcPoolCreate), (40 bytes).
    Removing rt_cmsis.o(i.svcSemaphoreCreate), (36 bytes).
    Removing rt_cmsis.o(i.svcSemaphoreDelete), (26 bytes).
    Removing rt_cmsis.o(i.svcSemaphoreRelease), (40 bytes).
    Removing rt_cmsis.o(i.svcSemaphoreWait), (50 bytes).
    Removing rt_cmsis.o(i.svcSignalClear), (36 bytes).
    Removing rt_cmsis.o(i.svcSignalSet), (36 bytes).
    Removing rt_cmsis.o(i.svcSignalWait), (84 bytes).
    Removing rt_cmsis.o(i.svcThreadGetPriority), (18 bytes).
    Removing rt_cmsis.o(i.svcThreadSetPriority), (46 bytes).
    Removing rt_cmsis.o(i.svcThreadYield), (10 bytes).
    Removing rt_cmsis.o(i.svcTimerCreate), (52 bytes).
    Removing rt_cmsis.o(i.svcTimerDelete), (40 bytes).
    Removing rt_cmsis.o(i.svcTimerStart), (72 bytes).
    Removing rt_cmsis.o(i.svcTimerStop), (36 bytes).
    Removing rt_cmsis.o(i.sysMailAlloc), (112 bytes).
    Removing rt_cmsis.o(i.sysMailFree), (102 bytes).
    Removing rt_cmsis.o(i.sysPoolAlloc), (32 bytes).
    Removing rt_cmsis.o(i.sysPoolFree), (20 bytes).
    Removing rt_task.o(i.rt_tsk_pass), (48 bytes).
    Removing rt_system.o(.emb_text), (0 bytes).
    Removing rt_system.o(i.os_tick_ovf), (16 bytes).
    Removing rt_system.o(i.os_tick_val), (20 bytes).
    Removing rt_system.o(i.rt_resume), (128 bytes).
    Removing rt_system.o(i.rt_suspend), (28 bytes).
    Removing rt_system.o(i.rt_tsk_lock), (80 bytes).
    Removing rt_system.o(i.rt_tsk_unlock), (80 bytes).
    Removing rt_event.o(i.isr_evt_set), (40 bytes).
    Removing rt_event.o(i.rt_evt_clr), (28 bytes).
    Removing rt_event.o(i.rt_evt_get), (12 bytes).
    Removing rt_event.o(i.rt_evt_set), (92 bytes).
    Removing rt_event.o(i.rt_evt_wait), (60 bytes).
    Removing rt_list.o(i.rt_get_same_rdy_prio), (36 bytes).
    Removing rt_mailbox.o(i.rt_mbx_send), (152 bytes).
    Removing rt_semaphore.o(i.isr_sem_send), (16 bytes).
    Removing rt_semaphore.o(i.rt_sem_delete), (92 bytes).
    Removing rt_semaphore.o(i.rt_sem_init), (12 bytes).
    Removing rt_semaphore.o(i.rt_sem_send), (42 bytes).
    Removing rt_semaphore.o(i.rt_sem_wait), (60 bytes).
    Removing rt_time.o(i.rt_dly_wait), (6 bytes).
    Removing rt_time.o(i.rt_itv_set), (24 bytes).
    Removing rt_time.o(i.rt_itv_wait), (44 bytes).
    Removing rt_time.o(i.rt_time_get), (12 bytes).
    Removing rt_mutex.o(i.rt_mut_delete), (120 bytes).
    Removing rt_mutex.o(i.rt_mut_init), (16 bytes).
    Removing rt_mutex.o(i.rt_mut_release), (160 bytes).
    Removing rt_mutex.o(i.rt_mut_wait), (100 bytes).
    Removing rt_membox.o(i._calloc_box), (30 bytes).

102 unused section(s) (total 4010 bytes) removed from the image.

==============================================================================

Image Symbol Table

    Local Symbols

    Symbol Name                              Value     Ov Type        Size  Object(Section)

    RESET                                    0x00000000   Section      204  startup_lpc17xx.o(RESET)
    ../clib/microlib/division.c              0x00000000   Number         0  uldiv.o ABSOLUTE
    ../clib/microlib/init/entry.s            0x00000000   Number         0  entry10b.o ABSOLUTE
    ../clib/microlib/init/entry.s            0x00000000   Number         0  entry11a.o ABSOLUTE
    ../clib/microlib/init/entry.s            0x00000000   Number         0  entry11b.o ABSOLUTE
    ../clib/microlib/init/entry.s            0x00000000   Number         0  entry2.o ABSOLUTE
    ../clib/microlib/init/entry.s            0x00000000   Number         0  entry.o ABSOLUTE
    ../clib/microlib/init/entry.s            0x00000000   Number         0  entry5.o ABSOLUTE
    ../clib/microlib/init/entry.s            0x00000000   Number         0  entry7a.o ABSOLUTE
    ../clib/microlib/init/entry.s            0x00000000   Number         0  entry7b.o ABSOLUTE
    ../clib/microlib/init/entry.s            0x00000000   Number         0  entry8a.o ABSOLUTE
    ../clib/microlib/init/entry.s            0x00000000   Number         0  entry10a.o ABSOLUTE
    ../clib/microlib/init/entry.s            0x00000000   Number         0  entry8b.o ABSOLUTE
    ../clib/microlib/longlong.c              0x00000000   Number         0  llushr.o ABSOLUTE
    ../clib/microlib/longlong.c              0x00000000   Number         0  llshl.o ABSOLUTE
    ..\HAL_CM.c                              0x00000000   Number         0  hal_cm.o ABSOLUTE
    ..\\rt_CMSIS.c                           0x00000000   Number         0  rt_cmsis.o ABSOLUTE
    ..\\rt_System.c                          0x00000000   Number         0  rt_system.o ABSOLUTE
    ..\rt_CMSIS.c                            0x00000000   Number         0  rt_cmsis.o ABSOLUTE
    ..\rt_Event.c                            0x00000000   Number         0  rt_event.o ABSOLUTE
    ..\rt_List.c                             0x00000000   Number         0  rt_list.o ABSOLUTE
    ..\rt_Mailbox.c                          0x00000000   Number         0  rt_mailbox.o ABSOLUTE
    ..\rt_MemBox.c                           0x00000000   Number         0  rt_membox.o ABSOLUTE
    ..\rt_Memory.c                           0x00000000   Number         0  rt_memory.o ABSOLUTE
    ..\rt_Mutex.c                            0x00000000   Number         0  rt_mutex.o ABSOLUTE
    ..\rt_Robin.c                            0x00000000   Number         0  rt_robin.o ABSOLUTE
    ..\rt_Semaphore.c                        0x00000000   Number         0  rt_semaphore.o ABSOLUTE
    ..\rt_System.c                           0x00000000   Number         0  rt_system.o ABSOLUTE
    ..\rt_Task.c                             0x00000000   Number         0  rt_task.o ABSOLUTE
    ..\rt_Time.c                             0x00000000   Number         0  rt_time.o ABSOLUTE
    HAL_CM3.c                                0x00000000   Number         0  hal_cm3.o ABSOLUTE
    HAL_CM3.c                                0x00000000   Number         0  hal_cm3.o ABSOLUTE
    SVC_Table.s                              0x00000000   Number         0  SVC_Table.o ABSOLUTE
    dc.s                                     0x00000000   Number         0  dc.o ABSOLUTE
    handlers.s                               0x00000000   Number         0  handlers.o ABSOLUTE
    init.s                                   0x00000000   Number         0  init.o ABSOLUTE
    lab3a_1\Demo.c                           0x00000000   Number         0  demo.o ABSOLUTE
    lab3a_1\RTX_Conf_CM.c                    0x00000000   Number         0  rtx_conf_cm.o ABSOLUTE
    lab3a_1\\Demo.c                          0x00000000   Number         0  demo.o ABSOLUTE
    lab3a_1\\system_LPC17xx.c                0x00000000   Number         0  system_lpc17xx.o ABSOLUTE
    lab3a_1\system_LPC17xx.c                 0x00000000   Number         0  system_lpc17xx.o ABSOLUTE
    startup_LPC17xx.s                        0x00000000   Number         0  startup_lpc17xx.o ABSOLUTE
    .ARM.Collect$$$$00000000                 0x000000cc   Section        0  entry.o(.ARM.Collect$$$$00000000)
    .ARM.Collect$$$$00000001                 0x000000cc   Section        4  entry2.o(.ARM.Collect$$$$00000001)
    .ARM.Collect$$$$00000004                 0x000000d0   Section        4  entry5.o(.ARM.Collect$$$$00000004)
    .ARM.Collect$$$$00000008                 0x000000d4   Section        0  entry7b.o(.ARM.Collect$$$$00000008)
    .ARM.Collect$$$$0000000A                 0x000000d4   Section        0  entry8b.o(.ARM.Collect$$$$0000000A)
    .ARM.Collect$$$$0000000D                 0x000000d4   Section        0  entry10a.o(.ARM.Collect$$$$0000000D)
    .ARM.Collect$$$$0000000F                 0x000000d4   Section        0  entry11a.o(.ARM.Collect$$$$0000000F)
    .ARM.Collect$$$$000000FF                 0x000000d4   Section        0  rtx_conf_cm.o(.ARM.Collect$$$$000000FF)
    .ARM.Collect$$$$00002712                 0x000000ec   Section        4  entry2.o(.ARM.Collect$$$$00002712)
    __lit__00000000                          0x000000ec   Data           4  entry2.o(.ARM.Collect$$$$00002712)
    .emb_text                                0x000000f0   Section      304  hal_cm3.o(.emb_text)
    .text                                    0x00000220   Section       36  startup_lpc17xx.o(.text)
    .text                                    0x00000244   Section        0  rtx_conf_cm.o(.text)
    .text                                    0x0000024c   Section        0  demo.o(.text)
    .text                                    0x000002c0   Section        0  llshl.o(.text)
    SVC_TABLE                                0x000002e0   Section        4  SVC_Table.o(SVC_TABLE)
    i.__scatterload_copy                     0x000002e4   Section       14  handlers.o(i.__scatterload_copy)
    i.__scatterload_null                     0x000002f2   Section        2  handlers.o(i.__scatterload_null)
    i.os_tick_irqack                         0x000002f4   Section        0  rt_system.o(i.os_tick_irqack)
    i.rt_ret_val                             0x000002f6   Section        0  hal_cm.o(i.rt_ret_val)
    .ARM.__at_0x02FC                         0x000002fc   Section        4  startup_lpc17xx.o(.ARM.__at_0x02FC)
    .text                                    0x00000300   Section        0  system_lpc17xx.o(.text)
    .text                                    0x00000610   Section        0  uldiv.o(.text)
    .text                                    0x00000672   Section        0  llushr.o(.text)
    .text                                    0x00000694   Section       36  init.o(.text)
    i.__scatterload_zeroinit                 0x000006b8   Section       14  handlers.o(i.__scatterload_zeroinit)
    i._init_box                              0x000006c6   Section        0  rt_membox.o(i._init_box)
    i.dbg_init                               0x0000070c   Section        0  hal_cm.o(i.dbg_init)
    i.dbg_task_notify                        0x0000073c   Section        0  hal_cm.o(i.dbg_task_notify)
    i.dbg_task_switch                        0x0000075c   Section        0  hal_cm.o(i.dbg_task_switch)
    i.isrMessagePut                          0x0000076c   Section        0  rt_cmsis.o(i.isrMessagePut)
    isrMessagePut                            0x0000076d   Thumb Code    44  rt_cmsis.o(i.isrMessagePut)
    i.isr_mbx_receive                        0x00000798   Section        0  rt_mailbox.o(i.isr_mbx_receive)
    i.isr_mbx_send                           0x000007e8   Section        0  rt_mailbox.o(i.isr_mbx_send)
    i.osKernelInitialize                     0x000007f8   Section        0  rt_cmsis.o(i.osKernelInitialize)
    i.osKernelStart                          0x0000081c   Section        0  rt_cmsis.o(i.osKernelStart)
    i.osMessageGet                           0x00000888   Section        0  rt_cmsis.o(i.osMessageGet)
    i.osThreadCreate                         0x000008cc   Section        0  rt_cmsis.o(i.osThreadCreate)
    i.osThreadExit                           0x000008fc   Section        0  rt_cmsis.o(i.osThreadExit)
    i.osTimerCall                            0x00000914   Section        0  rt_cmsis.o(i.osTimerCall)
    i.osTimerThread                          0x00000920   Section        0  rt_cmsis.o(i.osTimerThread)
    i.os_tick_init                           0x0000094c   Section        0  rt_system.o(i.os_tick_init)
    i.rt_alloc_box                           0x00000974   Section        0  rt_membox.o(i.rt_alloc_box)
    i.rt_alloc_mem                           0x0000098e   Section        0  rt_memory.o(i.rt_alloc_mem)
    i.rt_block                               0x000009cc   Section        0  rt_task.o(i.rt_block)
    i.rt_chk_robin                           0x00000a04   Section        0  rt_robin.o(i.rt_chk_robin)
    i.rt_dec_dly                             0x00000a4c   Section        0  rt_list.o(i.rt_dec_dly)
    i.rt_dispatch                            0x00000abc   Section        0  rt_task.o(i.rt_dispatch)
    i.rt_evt_psh                             0x00000b00   Section        0  rt_event.o(i.rt_evt_psh)
    i.rt_free_box                            0x00000b50   Section        0  rt_membox.o(i.rt_free_box)
    i.rt_free_mem                            0x00000b70   Section        0  rt_memory.o(i.rt_free_mem)
    i.rt_get_first                           0x00000b98   Section        0  rt_list.o(i.rt_get_first)
    i.rt_id2obj                              0x00000bc0   Section        0  rt_cmsis.o(i.rt_id2obj)
    rt_id2obj                                0x00000bc1   Thumb Code     8  rt_cmsis.o(i.rt_id2obj)
    i.rt_init_context                        0x00000bc8   Section        0  rt_task.o(i.rt_init_context)
    rt_init_context                          0x00000bc9   Thumb Code    60  rt_task.o(i.rt_init_context)
    i.rt_init_mem                            0x00000c08   Section        0  rt_memory.o(i.rt_init_mem)
    i.rt_init_robin                          0x00000c24   Section        0  rt_robin.o(i.rt_init_robin)
    i.rt_init_stack                          0x00000c3c   Section        0  hal_cm.o(i.rt_init_stack)
    i.rt_mbx_check                           0x00000c8c   Section        0  rt_mailbox.o(i.rt_mbx_check)
    i.rt_mbx_init                            0x00000c94   Section        0  rt_mailbox.o(i.rt_mbx_init)
    i.rt_mbx_psh                             0x00000cb0   Section        0  rt_mailbox.o(i.rt_mbx_psh)
    i.rt_mbx_wait                            0x00000da0   Section        0  rt_mailbox.o(i.rt_mbx_wait)
    i.rt_ms2tick                             0x00000e50   Section        0  rt_cmsis.o(i.rt_ms2tick)
    rt_ms2tick                               0x00000e51   Thumb Code    50  rt_cmsis.o(i.rt_ms2tick)
    i.rt_pop_req                             0x00000e8c   Section        0  rt_system.o(i.rt_pop_req)
    i.rt_psh_req                             0x00000f04   Section        0  rt_system.o(i.rt_psh_req)
    i.rt_psq_enq                             0x00000f24   Section        0  rt_list.o(i.rt_psq_enq)
    i.rt_put_dly                             0x00000f7c   Section        0  rt_list.o(i.rt_put_dly)
    i.rt_put_prio                            0x00000fc4   Section        0  rt_list.o(i.rt_put_prio)
    i.rt_put_rdy_first                       0x00000ffc   Section        0  rt_list.o(i.rt_put_rdy_first)
    i.rt_resort_prio                         0x00001010   Section        0  rt_list.o(i.rt_resort_prio)
    i.rt_ret_val2                            0x00001044   Section        0  hal_cm.o(i.rt_ret_val2)
    i.rt_rmv_dly                             0x0000104c   Section        0  rt_list.o(i.rt_rmv_dly)
    i.rt_rmv_list                            0x00001074   Section        0  rt_list.o(i.rt_rmv_list)
    i.rt_sem_psh                             0x000010a4   Section        0  rt_semaphore.o(i.rt_sem_psh)
    i.rt_stk_check                           0x000010d8   Section        0  rt_system.o(i.rt_stk_check)
    i.rt_switch_req                          0x000010fc   Section        0  rt_task.o(i.rt_switch_req)
    i.rt_sys_init                            0x00001124   Section        0  rt_task.o(i.rt_sys_init)
    i.rt_sys_start                           0x00001230   Section        0  rt_task.o(i.rt_sys_start)
    i.rt_systick                             0x00001264   Section        0  rt_system.o(i.rt_systick)
    i.rt_tid2ptcb                            0x000012a0   Section        0  rt_cmsis.o(i.rt_tid2ptcb)
    rt_tid2ptcb                              0x000012a1   Thumb Code    18  rt_cmsis.o(i.rt_tid2ptcb)
    i.rt_timer_insert                        0x000012b4   Section        0  rt_cmsis.o(i.rt_timer_insert)
    rt_timer_insert                          0x000012b5   Thumb Code    50  rt_cmsis.o(i.rt_timer_insert)
    i.rt_tsk_create                          0x000012ec   Section        0  rt_task.o(i.rt_tsk_create)
    i.rt_tsk_delete                          0x00001370   Section        0  rt_task.o(i.rt_tsk_delete)
    i.rt_tsk_prio                            0x0000142c   Section        0  rt_task.o(i.rt_tsk_prio)
    i.rt_tsk_self                            0x000014a0   Section        0  rt_task.o(i.rt_tsk_self)
    i.svcKernelInitialize                    0x000014b0   Section        0  rt_cmsis.o(i.svcKernelInitialize)
    i.svcKernelStart                         0x00001520   Section        0  rt_cmsis.o(i.svcKernelStart)
    i.svcMessageCreate                       0x00001558   Section        0  rt_cmsis.o(i.svcMessageCreate)
    i.svcMessageGet                          0x0000157c   Section        0  rt_cmsis.o(i.svcMessageGet)
    i.svcThreadCreate                        0x000015b8   Section        0  rt_cmsis.o(i.svcThreadCreate)
    i.svcThreadGetId                         0x00001628   Section        0  rt_cmsis.o(i.svcThreadGetId)
    i.svcThreadTerminate                     0x00001644   Section        0  rt_cmsis.o(i.svcThreadTerminate)
    i.svcTimerCall                           0x0000167c   Section        0  rt_cmsis.o(i.svcTimerCall)
    i.sysTimerTick                           0x00001694   Section        0  rt_cmsis.o(i.sysTimerTick)
    .constdata                               0x000016e8   Section       78  rtx_conf_cm.o(.constdata)
    __tagsym$$used                           0x00001704   Number         0  rtx_conf_cm.o(.constdata)
    __tagsym$$used                           0x00001708   Number         0  rtx_conf_cm.o(.constdata)
    .data                                    0x10000000   Section        4  system_lpc17xx.o(.data)
    .data                                    0x10000004   Section       36  rtx_conf_cm.o(.data)
    .data                                    0x10000028   Section        8  demo.o(.data)
    .data                                    0x10000030   Section        8  rt_cmsis.o(.data)
    .data                                    0x10000038   Section        8  rt_task.o(.data)
    .data                                    0x10000040   Section        8  rt_system.o(.data)
    os_lock                                  0x10000040   Data           1  rt_system.o(.data)
    os_psh_flag                              0x10000041   Data           1  rt_system.o(.data)
    pend_flags                               0x10000042   Data           1  rt_system.o(.data)
    .data                                    0x10000048   Section        4  rt_time.o(.data)
    .data                                    0x1000004c   Section        8  rt_robin.o(.data)
    .data                                    0x10000054   Section        1  hal_cm.o(.data)
    .bss                                     0x10000058   Section     2192  rtx_conf_cm.o(.bss)
    .bss                                     0x100008e8   Section       48  rt_task.o(.bss)
    .bss                                     0x10000918   Section       48  rt_list.o(.bss)
    STACK                                    0x10000948   Section      512  startup_lpc17xx.o(STACK)

    Global Symbols

    Symbol Name                              Value     Ov Type        Size  Object(Section)

    BuildAttributes$$THM_ISAv4$P$D$K$B$S$PE$A:L22UL41UL21$X:L11$S22US41US21$IEEE1$IW$USESV6$~STKCKD$USESV7$~SHL$OSPACE$EBA8$MICROLIB$REQ8$PRES8$EABIv2 0x00000000   Number         0  anon$$obj.o ABSOLUTE
    __ARM_use_no_argv                        0x00000000   Number         0  demo.o ABSOLUTE
    __Vectors                                0x00000000   Data           4  startup_lpc17xx.o(RESET)
    __cpp_initialize__aeabi_                  - Undefined Weak Reference
    __cxa_finalize                            - Undefined Weak Reference
    __decompress                              - Undefined Weak Reference
    _clock_init                               - Undefined Weak Reference
    _microlib_exit                            - Undefined Weak Reference
    __main                                   0x000000cd   Thumb Code     0  entry.o(.ARM.Collect$$$$00000000)
    _main_stk                                0x000000cd   Thumb Code     0  entry2.o(.ARM.Collect$$$$00000001)
    _main_scatterload                        0x000000d1   Thumb Code     0  entry5.o(.ARM.Collect$$$$00000004)
    __main_after_scatterload                 0x000000d5   Thumb Code     0  entry5.o(.ARM.Collect$$$$00000004)
    __rt_final_cpp                           0x000000d5   Thumb Code     0  entry10a.o(.ARM.Collect$$$$0000000D)
    __rt_final_exit                          0x000000d5   Thumb Code     0  entry11a.o(.ARM.Collect$$$$0000000F)
    _main_clock                              0x000000d5   Thumb Code     0  entry7b.o(.ARM.Collect$$$$00000008)
    _main_cpp_init                           0x000000d5   Thumb Code     0  entry8b.o(.ARM.Collect$$$$0000000A)
    _main_init                               0x000000d5   Thumb Code    18  rtx_conf_cm.o(.ARM.Collect$$$$000000FF)
    rt_set_PSP                               0x000000f1   Thumb Code     6  hal_cm3.o(.emb_text)
    rt_get_PSP                               0x000000f7   Thumb Code     6  hal_cm3.o(.emb_text)
    os_set_env                               0x000000fd   Thumb Code    24  hal_cm3.o(.emb_text)
    _alloc_box                               0x00000119   Thumb Code    28  hal_cm3.o(.emb_text)
    _free_box                                0x00000139   Thumb Code    28  hal_cm3.o(.emb_text)
    SVC_Handler                              0x00000159   Thumb Code   108  hal_cm3.o(.emb_text)
    PendSV_Handler                           0x000001d1   Thumb Code    56  hal_cm3.o(.emb_text)
    SysTick_Handler                          0x0000020d   Thumb Code     8  hal_cm3.o(.emb_text)
    OS_Tick_Handler                          0x00000215   Thumb Code    12  hal_cm3.o(.emb_text)
    Reset_Handler                            0x00000221   Thumb Code     8  startup_lpc17xx.o(.text)
    NMI_Handler                              0x00000229   Thumb Code     2  startup_lpc17xx.o(.text)
    HardFault_Handler                        0x0000022b   Thumb Code     2  startup_lpc17xx.o(.text)
    MemManage_Handler                        0x0000022d   Thumb Code     2  startup_lpc17xx.o(.text)
    BusFault_Handler                         0x0000022f   Thumb Code     2  startup_lpc17xx.o(.text)
    UsageFault_Handler                       0x00000231   Thumb Code     2  startup_lpc17xx.o(.text)
    DebugMon_Handler                         0x00000235   Thumb Code     2  startup_lpc17xx.o(.text)
    ADC_IRQHandler                           0x0000023b   Thumb Code     0  startup_lpc17xx.o(.text)
    BOD_IRQHandler                           0x0000023b   Thumb Code     0  startup_lpc17xx.o(.text)
    CANActivity_IRQHandler                   0x0000023b   Thumb Code     0  startup_lpc17xx.o(.text)
    CAN_IRQHandler                           0x0000023b   Thumb Code     0  startup_lpc17xx.o(.text)
    DMA_IRQHandler                           0x0000023b   Thumb Code     0  startup_lpc17xx.o(.text)
    EINT0_IRQHandler                         0x0000023b   Thumb Code     0  startup_lpc17xx.o(.text)
    EINT1_IRQHandler                         0x0000023b   Thumb Code     0  startup_lpc17xx.o(.text)
    EINT2_IRQHandler                         0x0000023b   Thumb Code     0  startup_lpc17xx.o(.text)
    EINT3_IRQHandler                         0x0000023b   Thumb Code     0  startup_lpc17xx.o(.text)
    ENET_IRQHandler                          0x0000023b   Thumb Code     0  startup_lpc17xx.o(.text)
    I2C0_IRQHandler                          0x0000023b   Thumb Code     0  startup_lpc17xx.o(.text)
    I2C1_IRQHandler                          0x0000023b   Thumb Code     0  startup_lpc17xx.o(.text)
    I2C2_IRQHandler                          0x0000023b   Thumb Code     0  startup_lpc17xx.o(.text)
    I2S_IRQHandler                           0x0000023b   Thumb Code     0  startup_lpc17xx.o(.text)
    MCPWM_IRQHandler                         0x0000023b   Thumb Code     0  startup_lpc17xx.o(.text)
    PLL0_IRQHandler                          0x0000023b   Thumb Code     0  startup_lpc17xx.o(.text)
    PLL1_IRQHandler                          0x0000023b   Thumb Code     0  startup_lpc17xx.o(.text)
    PWM1_IRQHandler                          0x0000023b   Thumb Code     0  startup_lpc17xx.o(.text)
    QEI_IRQHandler                           0x0000023b   Thumb Code     0  startup_lpc17xx.o(.text)
    RIT_IRQHandler                           0x0000023b   Thumb Code     0  startup_lpc17xx.o(.text)
    RTC_IRQHandler                           0x0000023b   Thumb Code     0  startup_lpc17xx.o(.text)
    SPI_IRQHandler                           0x0000023b   Thumb Code     0  startup_lpc17xx.o(.text)
    SSP0_IRQHandler                          0x0000023b   Thumb Code     0  startup_lpc17xx.o(.text)
    SSP1_IRQHandler                          0x0000023b   Thumb Code     0  startup_lpc17xx.o(.text)
    TIMER0_IRQHandler                        0x0000023b   Thumb Code     0  startup_lpc17xx.o(.text)
    TIMER1_IRQHandler                        0x0000023b   Thumb Code     0  startup_lpc17xx.o(.text)
    TIMER2_IRQHandler                        0x0000023b   Thumb Code     0  startup_lpc17xx.o(.text)
    TIMER3_IRQHandler                        0x0000023b   Thumb Code     0  startup_lpc17xx.o(.text)
    UART0_IRQHandler                         0x0000023b   Thumb Code     0  startup_lpc17xx.o(.text)
    UART1_IRQHandler                         0x0000023b   Thumb Code     0  startup_lpc17xx.o(.text)
    UART2_IRQHandler                         0x0000023b   Thumb Code     0  startup_lpc17xx.o(.text)
    UART3_IRQHandler                         0x0000023b   Thumb Code     0  startup_lpc17xx.o(.text)
    USBActivity_IRQHandler                   0x0000023b   Thumb Code     0  startup_lpc17xx.o(.text)
    USB_IRQHandler                           0x0000023b   Thumb Code     0  startup_lpc17xx.o(.text)
    WDT_IRQHandler                           0x0000023b   Thumb Code     0  startup_lpc17xx.o(.text)
    os_idle_demon                            0x00000245   Thumb Code     4  rtx_conf_cm.o(.text)
    os_error                                 0x00000249   Thumb Code     4  rtx_conf_cm.o(.text)
    task1                                    0x0000024d   Thumb Code    14  demo.o(.text)
    task2                                    0x0000025b   Thumb Code    14  demo.o(.text)
    main                                     0x00000269   Thumb Code    68  demo.o(.text)
    __aeabi_llsl                             0x000002c1   Thumb Code    30  llshl.o(.text)
    _ll_shift_l                              0x000002c1   Thumb Code     0  llshl.o(.text)
    SVC_Count                                0x000002e0   Data           4  SVC_Table.o(SVC_TABLE)
    SVC_Table                                0x000002e4   Data           0  SVC_Table.o(SVC_TABLE)
    __scatterload_copy                       0x000002e5   Thumb Code    14  handlers.o(i.__scatterload_copy)
    __scatterload_null                       0x000002f3   Thumb Code     2  handlers.o(i.__scatterload_null)
    os_tick_irqack                           0x000002f5   Thumb Code     2  rt_system.o(i.os_tick_irqack)
    rt_ret_val                               0x000002f7   Thumb Code     6  hal_cm.o(i.rt_ret_val)
    SystemCoreClockUpdate                    0x00000301   Thumb Code   424  system_lpc17xx.o(.text)
    __RL_RTX_VER                             0x00000450   Number         0  rt_system.o ABSOLUTE
    SystemInit                               0x000004a9   Thumb Code   282  system_lpc17xx.o(.text)
    __aeabi_uldivmod                         0x00000611   Thumb Code    98  uldiv.o(.text)
    __aeabi_llsr                             0x00000673   Thumb Code    32  llushr.o(.text)
    _ll_ushift_r                             0x00000673   Thumb Code     0  llushr.o(.text)
    __scatterload                            0x00000695   Thumb Code    28  init.o(.text)
    __scatterload_rt2                        0x00000695   Thumb Code     0  init.o(.text)
    __scatterload_zeroinit                   0x000006b9   Thumb Code    14  handlers.o(i.__scatterload_zeroinit)
    _init_box                                0x000006c7   Thumb Code    70  rt_membox.o(i._init_box)
    dbg_init                                 0x0000070d   Thumb Code    34  hal_cm.o(i.dbg_init)
    dbg_task_notify                          0x0000073d   Thumb Code    32  hal_cm.o(i.dbg_task_notify)
    dbg_task_switch                          0x0000075d   Thumb Code    16  hal_cm.o(i.dbg_task_switch)
    isr_mbx_receive                          0x00000799   Thumb Code    80  rt_mailbox.o(i.isr_mbx_receive)
    isr_mbx_send                             0x000007e9   Thumb Code    14  rt_mailbox.o(i.isr_mbx_send)
    osKernelInitialize                       0x000007f9   Thumb Code    30  rt_cmsis.o(i.osKernelInitialize)
    osKernelStart                            0x0000081d   Thumb Code    98  rt_cmsis.o(i.osKernelStart)
    osMessageGet                             0x00000889   Thumb Code    62  rt_cmsis.o(i.osMessageGet)
    osThreadCreate                           0x000008cd   Thumb Code    38  rt_cmsis.o(i.osThreadCreate)
    osThreadExit                             0x000008fd   Thumb Code    14  rt_cmsis.o(i.osThreadExit)
    osTimerCall                              0x00000915   Thumb Code     8  rt_cmsis.o(i.osTimerCall)
    osTimerThread                            0x00000921   Thumb Code    38  rt_cmsis.o(i.osTimerThread)
    os_tick_init                             0x0000094d   Thumb Code    32  rt_system.o(i.os_tick_init)
    rt_alloc_box                             0x00000975   Thumb Code    26  rt_membox.o(i.rt_alloc_box)
    rt_alloc_mem                             0x0000098f   Thumb Code    60  rt_memory.o(i.rt_alloc_mem)
    rt_block                                 0x000009cd   Thumb Code    48  rt_task.o(i.rt_block)
    rt_chk_robin                             0x00000a05   Thumb Code    60  rt_robin.o(i.rt_chk_robin)
    rt_dec_dly                               0x00000a4d   Thumb Code   102  rt_list.o(i.rt_dec_dly)
    rt_dispatch                              0x00000abd   Thumb Code    60  rt_task.o(i.rt_dispatch)
    rt_evt_psh                               0x00000b01   Thumb Code    76  rt_event.o(i.rt_evt_psh)
    rt_free_box                              0x00000b51   Thumb Code    32  rt_membox.o(i.rt_free_box)
    rt_free_mem                              0x00000b71   Thumb Code    40  rt_memory.o(i.rt_free_mem)
    rt_get_first                             0x00000b99   Thumb Code    40  rt_list.o(i.rt_get_first)
    rt_init_mem                              0x00000c09   Thumb Code    26  rt_memory.o(i.rt_init_mem)
    rt_init_robin                            0x00000c25   Thumb Code    14  rt_robin.o(i.rt_init_robin)
    rt_init_stack                            0x00000c3d   Thumb Code    70  hal_cm.o(i.rt_init_stack)
    rt_mbx_check                             0x00000c8d   Thumb Code     8  rt_mailbox.o(i.rt_mbx_check)
    rt_mbx_init                              0x00000c95   Thumb Code    28  rt_mailbox.o(i.rt_mbx_init)
    rt_mbx_psh                               0x00000cb1   Thumb Code   234  rt_mailbox.o(i.rt_mbx_psh)
    rt_mbx_wait                              0x00000da1   Thumb Code   170  rt_mailbox.o(i.rt_mbx_wait)
    rt_pop_req                               0x00000e8d   Thumb Code   106  rt_system.o(i.rt_pop_req)
    rt_psh_req                               0x00000f05   Thumb Code    22  rt_system.o(i.rt_psh_req)
    rt_psq_enq                               0x00000f25   Thumb Code    82  rt_list.o(i.rt_psq_enq)
    rt_put_dly                               0x00000f7d   Thumb Code    68  rt_list.o(i.rt_put_dly)
    rt_put_prio                              0x00000fc5   Thumb Code    54  rt_list.o(i.rt_put_prio)
    rt_put_rdy_first                         0x00000ffd   Thumb Code    14  rt_list.o(i.rt_put_rdy_first)
    rt_resort_prio                           0x00001011   Thumb Code    46  rt_list.o(i.rt_resort_prio)
    rt_ret_val2                              0x00001045   Thumb Code     8  hal_cm.o(i.rt_ret_val2)
    rt_rmv_dly                               0x0000104d   Thumb Code    40  rt_list.o(i.rt_rmv_dly)
    rt_rmv_list                              0x00001075   Thumb Code    44  rt_list.o(i.rt_rmv_list)
    rt_sem_psh                               0x000010a5   Thumb Code    48  rt_semaphore.o(i.rt_sem_psh)
    rt_stk_check                             0x000010d9   Thumb Code    28  rt_system.o(i.rt_stk_check)
    rt_switch_req                            0x000010fd   Thumb Code    30  rt_task.o(i.rt_switch_req)
    rt_sys_init                              0x00001125   Thumb Code   200  rt_task.o(i.rt_sys_init)
    rt_sys_start                             0x00001231   Thumb Code    44  rt_task.o(i.rt_sys_start)
    rt_systick                               0x00001265   Thumb Code    48  rt_system.o(i.rt_systick)
    rt_tsk_create                            0x000012ed   Thumb Code   116  rt_task.o(i.rt_tsk_create)
    rt_tsk_delete                            0x00001371   Thumb Code   162  rt_task.o(i.rt_tsk_delete)
    rt_tsk_prio                              0x0000142d   Thumb Code    98  rt_task.o(i.rt_tsk_prio)
    rt_tsk_self                              0x000014a1   Thumb Code    12  rt_task.o(i.rt_tsk_self)
    svcKernelInitialize                      0x000014b1   Thumb Code    78  rt_cmsis.o(i.svcKernelInitialize)
    svcKernelStart                           0x00001521   Thumb Code    46  rt_cmsis.o(i.svcKernelStart)
    svcMessageCreate                         0x00001559   Thumb Code    36  rt_cmsis.o(i.svcMessageCreate)
    svcMessageGet                            0x0000157d   Thumb Code    58  rt_cmsis.o(i.svcMessageGet)
    svcThreadCreate                          0x000015b9   Thumb Code   100  rt_cmsis.o(i.svcThreadCreate)
    svcThreadGetId                           0x00001629   Thumb Code    22  rt_cmsis.o(i.svcThreadGetId)
    svcThreadTerminate                       0x00001645   Thumb Code    50  rt_cmsis.o(i.svcThreadTerminate)
    svcTimerCall                             0x0000167d   Thumb Code    24  rt_cmsis.o(i.svcTimerCall)
    sysTimerTick                             0x00001695   Thumb Code    76  rt_cmsis.o(i.sysTimerTick)
    os_maxtaskrun                            0x000016e8   Data           2  rtx_conf_cm.o(.constdata)
    os_stackinfo                             0x000016ec   Data           4  rtx_conf_cm.o(.constdata)
    os_rrobin                                0x000016f0   Data           4  rtx_conf_cm.o(.constdata)
    os_tickfreq                              0x000016f4   Data           4  rtx_conf_cm.o(.constdata)
    os_tickus_i                              0x000016f8   Data           2  rtx_conf_cm.o(.constdata)
    os_tickus_f                              0x000016fa   Data           2  rtx_conf_cm.o(.constdata)
    os_trv                                   0x000016fc   Data           4  rtx_conf_cm.o(.constdata)
    os_flags                                 0x00001700   Data           1  rtx_conf_cm.o(.constdata)
    os_clockrate                             0x00001704   Data           4  rtx_conf_cm.o(.constdata)
    os_timernum                              0x00001708   Data           4  rtx_conf_cm.o(.constdata)
    mp_tcb_size                              0x0000170c   Data           2  rtx_conf_cm.o(.constdata)
    mp_stk_size                              0x00001710   Data           4  rtx_conf_cm.o(.constdata)
    os_stack_sz                              0x00001714   Data           4  rtx_conf_cm.o(.constdata)
    os_fifo_size                             0x00001718   Data           1  rtx_conf_cm.o(.constdata)
    os_thread_def_osTimerThread              0x0000171c   Data          16  rtx_conf_cm.o(.constdata)
    os_messageQ_def_osTimerMessageQ          0x0000172c   Data           8  rtx_conf_cm.o(.constdata)
    mp_tmr_size                              0x00001734   Data           2  rtx_conf_cm.o(.constdata)
    Region$$Table$$Base                      0x00001738   Number         0  anon$$obj.o(Region$$Table)
    Region$$Table$$Limit                     0x00001758   Number         0  anon$$obj.o(Region$$Table)
    SystemCoreClock                          0x10000000   Data           4  system_lpc17xx.o(.data)
    countIDLE                                0x10000004   Data           4  rtx_conf_cm.o(.data)
    os_tmr                                   0x10000008   Data           4  rtx_conf_cm.o(.data)
    m_tmr                                    0x1000000c   Data           4  rtx_conf_cm.o(.data)
    os_thread_def_main                       0x10000010   Data          16  rtx_conf_cm.o(.data)
    osThreadId_osTimerThread                 0x10000020   Data           4  rtx_conf_cm.o(.data)
    osMessageQId_osTimerMessageQ             0x10000024   Data           4  rtx_conf_cm.o(.data)
    global_c1                                0x10000028   Data           4  demo.o(.data)
    global_c2                                0x1000002c   Data           4  demo.o(.data)
    os_initialized                           0x10000030   Data           1  rt_cmsis.o(.data)
    os_running                               0x10000031   Data           1  rt_cmsis.o(.data)
    os_timer_head                            0x10000034   Data           4  rt_cmsis.o(.data)
    os_tsk                                   0x10000038   Data           8  rt_task.o(.data)
    os_tick_irqn                             0x10000044   Data           4  rt_system.o(.data)
    os_time                                  0x10000048   Data           4  rt_time.o(.data)
    os_robin                                 0x1000004c   Data           8  rt_robin.o(.data)
    dbg_msg                                  0x10000054   Data           1  hal_cm.o(.data)
    mp_tcb                                   0x10000058   Data         348  rtx_conf_cm.o(.bss)
    mp_stk                                   0x100001b8   Data        1216  rtx_conf_cm.o(.bss)
    os_stack_mem                             0x10000678   Data         432  rtx_conf_cm.o(.bss)
    os_fifo                                  0x10000828   Data         132  rtx_conf_cm.o(.bss)
    os_active_TCB                            0x100008ac   Data          28  rtx_conf_cm.o(.bss)
    os_messageQ_q_osTimerMessageQ            0x100008c8   Data          32  rtx_conf_cm.o(.bss)
    os_idle_TCB                              0x100008e8   Data          48  rt_task.o(.bss)
    os_rdy                                   0x10000918   Data          24  rt_list.o(.bss)
    os_dly                                   0x10000930   Data          24  rt_list.o(.bss)
    __initial_sp                             0x10000b48   Data           0  startup_lpc17xx.o(STACK)



==============================================================================

Memory Map of the image

  Image Entry point : 0x000000cd

  Load Region LR_IROM1 (Base: 0x00000000, Size: 0x000017b0, Max: 0x00080000, ABSOLUTE)

    Execution Region ER_IROM1 (Base: 0x00000000, Size: 0x00001758, Max: 0x00080000, ABSOLUTE)

    Base Addr    Size         Type   Attr      Idx    E Section Name        Object

    0x00000000   0x000000cc   Data   RO           48    RESET               startup_lpc17xx.o
    0x000000cc   0x00000000   Code   RO         1281  * .ARM.Collect$$$$00000000  mc_w.l(entry.o)
    0x000000cc   0x00000004   Code   RO         1286    .ARM.Collect$$$$00000001  mc_w.l(entry2.o)
    0x000000d0   0x00000004   Code   RO         1289    .ARM.Collect$$$$00000004  mc_w.l(entry5.o)
    0x000000d4   0x00000000   Code   RO         1291    .ARM.Collect$$$$00000008  mc_w.l(entry7b.o)
    0x000000d4   0x00000000   Code   RO         1293    .ARM.Collect$$$$0000000A  mc_w.l(entry8b.o)
    0x000000d4   0x00000000   Code   RO         1294    .ARM.Collect$$$$0000000D  mc_w.l(entry10a.o)
    0x000000d4   0x00000000   Code   RO         1296    .ARM.Collect$$$$0000000F  mc_w.l(entry11a.o)
    0x000000d4   0x00000018   Code   RO           56    .ARM.Collect$$$$000000FF  rtx_conf_cm.o
    0x000000ec   0x00000004   Code   RO         1287    .ARM.Collect$$$$00002712  mc_w.l(entry2.o)
    0x000000f0   0x00000130   Code   RO          783    .emb_text           RTX_CM3.lib(hal_cm3.o)
    0x00000220   0x00000024   Code   RO           50    .text               startup_lpc17xx.o
    0x00000244   0x00000008   Code   RO           57    .text               rtx_conf_cm.o
    0x0000024c   0x00000074   Code   RO           90    .text               demo.o
    0x000002c0   0x0000001e   Code   RO         1298    .text               mc_w.l(llshl.o)
    0x000002de   0x00000002   PAD
    0x000002e0   0x00000004   Code   RO         1230    SVC_TABLE           RTX_CM3.lib(SVC_Table.o)
    0x000002e4   0x0000000e   Code   RO         1306    i.__scatterload_copy  mc_w.l(handlers.o)
    0x000002f2   0x00000002   Code   RO         1307    i.__scatterload_null  mc_w.l(handlers.o)
    0x000002f4   0x00000002   Code   RO          795    i.os_tick_irqack    RTX_CM3.lib(rt_system.o)
    0x000002f6   0x00000006   Code   RO         1237    i.rt_ret_val        RTX_CM3.lib(hal_cm.o)
    0x000002fc   0x00000004   Code   RO           49    .ARM.__at_0x02FC    startup_lpc17xx.o
    0x00000300   0x00000310   Code   RO            3    .text               system_lpc17xx.o
    0x00000610   0x00000062   Code   RO         1284    .text               mc_w.l(uldiv.o)
    0x00000672   0x00000020   Code   RO         1300    .text               mc_w.l(llushr.o)
    0x00000692   0x00000002   PAD
    0x00000694   0x00000024   Code   RO         1302    .text               mc_w.l(init.o)
    0x000006b8   0x0000000e   Code   RO         1308    i.__scatterload_zeroinit  mc_w.l(handlers.o)
    0x000006c6   0x00000046   Code   RO         1177    i._init_box         RTX_CM3.lib(rt_membox.o)
    0x0000070c   0x00000030   Code   RO         1233    i.dbg_init          RTX_CM3.lib(hal_cm.o)
    0x0000073c   0x00000020   Code   RO         1234    i.dbg_task_notify   RTX_CM3.lib(hal_cm.o)
    0x0000075c   0x00000010   Code   RO         1235    i.dbg_task_switch   RTX_CM3.lib(hal_cm.o)
    0x0000076c   0x0000002c   Code   RO          124    i.isrMessagePut     RTX_CM3.lib(rt_cmsis.o)
    0x00000798   0x00000050   Code   RO         1002    i.isr_mbx_receive   RTX_CM3.lib(rt_mailbox.o)
    0x000007e8   0x0000000e   Code   RO         1003    i.isr_mbx_send      RTX_CM3.lib(rt_mailbox.o)
    0x000007f6   0x00000002   PAD
    0x000007f8   0x00000024   Code   RO          126    i.osKernelInitialize  RTX_CM3.lib(rt_cmsis.o)
    0x0000081c   0x0000006c   Code   RO          128    i.osKernelStart     RTX_CM3.lib(rt_cmsis.o)
    0x00000888   0x00000044   Code   RO          137    i.osMessageGet      RTX_CM3.lib(rt_cmsis.o)
    0x000008cc   0x00000030   Code   RO          154    i.osThreadCreate    RTX_CM3.lib(rt_cmsis.o)
    0x000008fc   0x00000018   Code   RO          155    i.osThreadExit      RTX_CM3.lib(rt_cmsis.o)
    0x00000914   0x0000000c   Code   RO          161    i.osTimerCall       RTX_CM3.lib(rt_cmsis.o)
    0x00000920   0x0000002c   Code   RO          166    i.osTimerThread     RTX_CM3.lib(rt_cmsis.o)
    0x0000094c   0x00000028   Code   RO          794    i.os_tick_init      RTX_CM3.lib(rt_system.o)
    0x00000974   0x0000001a   Code   RO         1178    i.rt_alloc_box      RTX_CM3.lib(rt_membox.o)
    0x0000098e   0x0000003c   Code   RO         1206    i.rt_alloc_mem      RTX_CM3.lib(rt_memory.o)
    0x000009ca   0x00000002   PAD
    0x000009cc   0x00000038   Code   RO          699    i.rt_block          RTX_CM3.lib(rt_task.o)
    0x00000a04   0x00000048   Code   RO         1155    i.rt_chk_robin      RTX_CM3.lib(rt_robin.o)
    0x00000a4c   0x00000070   Code   RO          926    i.rt_dec_dly        RTX_CM3.lib(rt_list.o)
    0x00000abc   0x00000044   Code   RO          700    i.rt_dispatch       RTX_CM3.lib(rt_task.o)
    0x00000b00   0x00000050   Code   RO          887    i.rt_evt_psh        RTX_CM3.lib(rt_event.o)
    0x00000b50   0x00000020   Code   RO         1179    i.rt_free_box       RTX_CM3.lib(rt_membox.o)
    0x00000b70   0x00000028   Code   RO         1207    i.rt_free_mem       RTX_CM3.lib(rt_memory.o)
    0x00000b98   0x00000028   Code   RO          927    i.rt_get_first      RTX_CM3.lib(rt_list.o)
    0x00000bc0   0x00000008   Code   RO          169    i.rt_id2obj         RTX_CM3.lib(rt_cmsis.o)
    0x00000bc8   0x00000040   Code   RO          701    i.rt_init_context   RTX_CM3.lib(rt_task.o)
    0x00000c08   0x0000001a   Code   RO         1208    i.rt_init_mem       RTX_CM3.lib(rt_memory.o)
    0x00000c22   0x00000002   PAD
    0x00000c24   0x00000018   Code   RO         1156    i.rt_init_robin     RTX_CM3.lib(rt_robin.o)
    0x00000c3c   0x00000050   Code   RO         1236    i.rt_init_stack     RTX_CM3.lib(hal_cm.o)
    0x00000c8c   0x00000008   Code   RO         1004    i.rt_mbx_check      RTX_CM3.lib(rt_mailbox.o)
    0x00000c94   0x0000001c   Code   RO         1005    i.rt_mbx_init       RTX_CM3.lib(rt_mailbox.o)
    0x00000cb0   0x000000f0   Code   RO         1006    i.rt_mbx_psh        RTX_CM3.lib(rt_mailbox.o)
    0x00000da0   0x000000b0   Code   RO         1008    i.rt_mbx_wait       RTX_CM3.lib(rt_mailbox.o)
    0x00000e50   0x0000003c   Code   RO          170    i.rt_ms2tick        RTX_CM3.lib(rt_cmsis.o)
    0x00000e8c   0x00000078   Code   RO          798    i.rt_pop_req        RTX_CM3.lib(rt_system.o)
    0x00000f04   0x00000020   Code   RO          799    i.rt_psh_req        RTX_CM3.lib(rt_system.o)
    0x00000f24   0x00000058   Code   RO          929    i.rt_psq_enq        RTX_CM3.lib(rt_list.o)
    0x00000f7c   0x00000048   Code   RO          930    i.rt_put_dly        RTX_CM3.lib(rt_list.o)
    0x00000fc4   0x00000036   Code   RO          931    i.rt_put_prio       RTX_CM3.lib(rt_list.o)
    0x00000ffa   0x00000002   PAD
    0x00000ffc   0x00000014   Code   RO          932    i.rt_put_rdy_first  RTX_CM3.lib(rt_list.o)
    0x00001010   0x00000034   Code   RO          933    i.rt_resort_prio    RTX_CM3.lib(rt_list.o)
    0x00001044   0x00000008   Code   RO         1238    i.rt_ret_val2       RTX_CM3.lib(hal_cm.o)
    0x0000104c   0x00000028   Code   RO          934    i.rt_rmv_dly        RTX_CM3.lib(rt_list.o)
    0x00001074   0x00000030   Code   RO          935    i.rt_rmv_list       RTX_CM3.lib(rt_list.o)
    0x000010a4   0x00000034   Code   RO         1053    i.rt_sem_psh        RTX_CM3.lib(rt_semaphore.o)
    0x000010d8   0x00000024   Code   RO          801    i.rt_stk_check      RTX_CM3.lib(rt_system.o)
    0x000010fc   0x00000028   Code   RO          702    i.rt_switch_req     RTX_CM3.lib(rt_task.o)
    0x00001124   0x0000010c   Code   RO          703    i.rt_sys_init       RTX_CM3.lib(rt_task.o)
    0x00001230   0x00000034   Code   RO          704    i.rt_sys_start      RTX_CM3.lib(rt_task.o)
    0x00001264   0x0000003c   Code   RO          803    i.rt_systick        RTX_CM3.lib(rt_system.o)
    0x000012a0   0x00000012   Code   RO          171    i.rt_tid2ptcb       RTX_CM3.lib(rt_cmsis.o)
    0x000012b2   0x00000002   PAD
    0x000012b4   0x00000038   Code   RO          172    i.rt_timer_insert   RTX_CM3.lib(rt_cmsis.o)
    0x000012ec   0x00000084   Code   RO          705    i.rt_tsk_create     RTX_CM3.lib(rt_task.o)
    0x00001370   0x000000bc   Code   RO          706    i.rt_tsk_delete     RTX_CM3.lib(rt_task.o)
    0x0000142c   0x00000074   Code   RO          708    i.rt_tsk_prio       RTX_CM3.lib(rt_task.o)
    0x000014a0   0x00000010   Code   RO          709    i.rt_tsk_self       RTX_CM3.lib(rt_task.o)
    0x000014b0   0x00000070   Code   RO          175    i.svcKernelInitialize  RTX_CM3.lib(rt_cmsis.o)
    0x00001520   0x00000038   Code   RO          177    i.svcKernelStart    RTX_CM3.lib(rt_cmsis.o)
    0x00001558   0x00000024   Code   RO          180    i.svcMessageCreate  RTX_CM3.lib(rt_cmsis.o)
    0x0000157c   0x0000003a   Code   RO          181    i.svcMessageGet     RTX_CM3.lib(rt_cmsis.o)
    0x000015b6   0x00000002   PAD
    0x000015b8   0x00000070   Code   RO          195    i.svcThreadCreate   RTX_CM3.lib(rt_cmsis.o)
    0x00001628   0x0000001c   Code   RO          196    i.svcThreadGetId    RTX_CM3.lib(rt_cmsis.o)
    0x00001644   0x00000038   Code   RO          199    i.svcThreadTerminate  RTX_CM3.lib(rt_cmsis.o)
    0x0000167c   0x00000018   Code   RO          201    i.svcTimerCall      RTX_CM3.lib(rt_cmsis.o)
    0x00001694   0x00000054   Code   RO          210    i.sysTimerTick      RTX_CM3.lib(rt_cmsis.o)
    0x000016e8   0x0000004e   Data   RO           59    .constdata          rtx_conf_cm.o
    0x00001736   0x00000002   PAD
    0x00001738   0x00000020   Data   RO         1304    Region$$Table       anon$$obj.o


    Execution Region RW_IRAM1 (Base: 0x10000000, Size: 0x00000b48, Max: 0x00008000, ABSOLUTE)

    Base Addr    Size         Type   Attr      Idx    E Section Name        Object

    0x10000000   0x00000004   Data   RW            4    .data               system_lpc17xx.o
    0x10000004   0x00000024   Data   RW           60    .data               rtx_conf_cm.o
    0x10000028   0x00000008   Data   RW           91    .data               demo.o
    0x10000030   0x00000008   Data   RW          211    .data               RTX_CM3.lib(rt_cmsis.o)
    0x10000038   0x00000008   Data   RW          711    .data               RTX_CM3.lib(rt_task.o)
    0x10000040   0x00000008   Data   RW          806    .data               RTX_CM3.lib(rt_system.o)
    0x10000048   0x00000004   Data   RW         1096    .data               RTX_CM3.lib(rt_time.o)
    0x1000004c   0x00000008   Data   RW         1157    .data               RTX_CM3.lib(rt_robin.o)
    0x10000054   0x00000001   Data   RW         1239    .data               RTX_CM3.lib(hal_cm.o)
    0x10000055   0x00000003   PAD
    0x10000058   0x00000890   Zero   RW           58    .bss                rtx_conf_cm.o
    0x100008e8   0x00000030   Zero   RW          710    .bss                RTX_CM3.lib(rt_task.o)
    0x10000918   0x00000030   Zero   RW          936    .bss                RTX_CM3.lib(rt_list.o)
    0x10000948   0x00000200   Zero   RW           46    STACK               startup_lpc17xx.o


==============================================================================

Image component sizes


      Code (inc. data)   RO Data    RW Data    ZI Data      Debug   Object Name

       116         20          0          8          0        769   demo.o
        32          6         78         36       2192       6562   rtx_conf_cm.o
        40         12        204          0        512        800   startup_lpc17xx.o
       784         78          0          4          0       5169   system_lpc17xx.o

    ----------------------------------------------------------------------
       972        116        316         48       2704      13300   Object Totals
         0          0         32          0          0          0   (incl. Generated)
         0          0          2          0          0          0   (incl. Padding)

    ----------------------------------------------------------------------

      Code (inc. data)   RO Data    RW Data    ZI Data      Debug   Library Member Name

         4          4          0          0          0        148   SVC_Table.o
       190         24          0          1          0       2572   hal_cm.o
       304         36          0          0          0        708   hal_cm3.o
      1092        144          0          8          0      26414   rt_cmsis.o
        80          4          0          0          0        517   rt_event.o
       526         36          0          0         48       6777   rt_list.o
       546         12          0          0          0       3081   rt_mailbox.o
       128          0          0          0          0       1529   rt_membox.o
       126          0          0          0          0       1847   rt_memory.o
        96         22          0          8          0        990   rt_robin.o
        52          4          0          0          0        461   rt_semaphore.o
       290         52          0          8          0       5479   rt_system.o
      1000        170          0          8         48       7869   rt_task.o
         0          0          0          4          0        162   rt_time.o
         0          0          0          0          0          0   entry.o
         0          0          0          0          0          0   entry10a.o
         0          0          0          0          0          0   entry11a.o
         8          4          0          0          0          0   entry2.o
         4          0          0          0          0          0   entry5.o
         0          0          0          0          0          0   entry7b.o
         0          0          0          0          0          0   entry8b.o
        30          0          0          0          0          0   handlers.o
        36          8          0          0          0         68   init.o
        30          0          0          0          0         68   llshl.o
        32          0          0          0          0         68   llushr.o
        98          0          0          0          0         92   uldiv.o

    ----------------------------------------------------------------------
      4688        520          0         40         96      58850   Library Totals
        16          0          0          3          0          0   (incl. Padding)

    ----------------------------------------------------------------------

      Code (inc. data)   RO Data    RW Data    ZI Data      Debug   Library Name

      4434        508          0         37         96      58554   RTX_CM3.lib
       238         12          0          0          0        296   mc_w.l

    ----------------------------------------------------------------------
      4688        520          0         40         96      58850   Library Totals

    ----------------------------------------------------------------------

==============================================================================


      Code (inc. data)   RO Data    RW Data    ZI Data      Debug   

      5660        636        316         88       2800      68406   Grand Totals
      5660        636        316         88       2800      68406   ELF Image Totals
      5660        636        316         88          0          0   ROM Totals

==============================================================================

    Total RO  Size (Code + RO Data)                 5976 (   5.84kB)
    Total RW  Size (RW Data + ZI Data)              2888 (   2.82kB)
    Total ROM Size (Code + RO Data + RW Data)       6064 (   5.92kB)

==============================================================================

