<html>
<body>
<pre>
<h1>µVision Build Log</h1>
<h2>Project:</h2>
S:\COE718\Lab 3_b\lab3a_2.uvproj
Project File Date:  10/03/2019

<h2>Output:</h2>
Rebuild target 'LPC1768'
assembling startup_LPC17xx.s...
compiling system_LPC17xx.c...
compiling RTX_Conf_CM.c...
compiling Demo2.c...
compiling GLCD_SPI_LPC1700.c...
linking...
Program Size: Code=10416 RO-data=6644 RW-data=132 ZI-data=3692  
".\lab3a_2.axf" - 0 Error(s), 0 Warning(s).
Load "S:\\COE718\\Lab 3_b\\lab3a_2.axf" 
Erase Done.
Programming Done.
Verify OK.
</pre>
</body>
</html>
.
.\lab3a_2.axf: Error: L6218E: Undefined symbol GLCD_SetBackColor (referred from demo2.o).
.\lab3a_2.axf: Error: L6218E: Undefined symbol GLCD_SetTextColor (referred from demo2.o).
Not enough information to list image symbols.
Finished: 1 information, 0 warning and 5 error messages.
".\lab3a_2.axf" - 5 Error(s), 0 Warning(s).
Target not created
