ARM Linker, 5.03 [Build 76] [MDK-ARM Professional]

==============================================================================

Section Cross References

    startup_lpc17xx.o(STACK) refers (Special) to heapauxi.o(.text) for __use_two_region_memory
    startup_lpc17xx.o(HEAP) refers (Special) to heapauxi.o(.text) for __use_two_region_memory
    startup_lpc17xx.o(RESET) refers (Special) to heapauxi.o(.text) for __use_two_region_memory
    startup_lpc17xx.o(RESET) refers to startup_lpc17xx.o(STACK) for __initial_sp
    startup_lpc17xx.o(RESET) refers to startup_lpc17xx.o(.text) for Reset_Handler
    startup_lpc17xx.o(RESET) refers to hal_cm3.o(.emb_text) for SVC_Handler
    startup_lpc17xx.o(.ARM.__at_0x02FC) refers (Special) to heapauxi.o(.text) for __use_two_region_memory
    startup_lpc17xx.o(.text) refers (Special) to heapauxi.o(.text) for __use_two_region_memory
    startup_lpc17xx.o(.text) refers to system_lpc17xx.o(.text) for SystemInit
    startup_lpc17xx.o(.text) refers to __main.o(!!!main) for __main
    startup_lpc17xx.o(.text) refers to startup_lpc17xx.o(HEAP) for Heap_Mem
    startup_lpc17xx.o(.text) refers to startup_lpc17xx.o(STACK) for Stack_Mem
    system_lpc17xx.o(.text) refers to lludivv7m.o(.text) for __aeabi_uldivmod
    system_lpc17xx.o(.text) refers to system_lpc17xx.o(.data) for SystemCoreClock
    rtx_conf_cm.o(.emb_text) refers to sys_stackheap_outer.o(.text) for __user_setup_stackheap
    rtx_conf_cm.o(.emb_text) refers to libinit.o(.ARM.Collect$$libinit$$00000000) for __rt_lib_init
    rtx_conf_cm.o(.emb_text) refers to rt_cmsis.o(i.osKernelInitialize) for osKernelInitialize
    rtx_conf_cm.o(.emb_text) refers to rt_cmsis.o(i.osThreadCreate) for osThreadCreate
    rtx_conf_cm.o(.emb_text) refers to rt_cmsis.o(i.osKernelStart) for osKernelStart
    rtx_conf_cm.o(.emb_text) refers to exit.o(.text) for exit
    rtx_conf_cm.o(.emb_text) refers to rtx_conf_cm.o(.data) for os_thread_def_main
    rtx_conf_cm.o(.text) refers to rt_task.o(i.rt_tsk_self) for rt_tsk_self
    rtx_conf_cm.o(.text) refers to rt_mutex.o(i.rt_mut_init) for rt_mut_init
    rtx_conf_cm.o(.text) refers to rtx_conf_cm.o(.data) for countIDLE
    rtx_conf_cm.o(.text) refers to rtx_conf_cm.o(.bss) for .bss
    rtx_conf_cm.o(.text) refers to libspace.o(.bss) for __libspace_start
    rtx_conf_cm.o(.text) refers to rt_mutex.o(i.rt_mut_wait) for rt_mut_wait
    rtx_conf_cm.o(.text) refers to rt_mutex.o(i.rt_mut_release) for rt_mut_release
    rtx_conf_cm.o(.constdata) refers to rt_cmsis.o(i.osTimerThread) for osTimerThread
    rtx_conf_cm.o(.constdata) refers to rtx_conf_cm.o(.bss) for os_messageQ_q_osTimerMessageQ
    rtx_conf_cm.o(.data) refers to demo2.o(.text) for main
    demo2.o(.text) refers to _printf_pad.o(.text) for _printf_pre_padding
    demo2.o(.text) refers to _printf_percent.o(.ARM.Collect$$_printf_percent$$00000000) for _printf_percent
    demo2.o(.text) refers to _printf_x.o(.ARM.Collect$$_printf_percent$$0000000C) for _printf_x
    demo2.o(.text) refers to _printf_hex_int.o(.text) for _printf_longlong_hex
    demo2.o(.text) refers to noretval__2sprintf.o(.text) for __2sprintf
    demo2.o(.text) refers to glcd_spi_lpc1700.o(.text) for GLCD_DisplayString
    demo2.o(.text) refers to system_lpc17xx.o(.text) for SystemInit
    demo2.o(.text) refers to hal_cm3.o(.emb_text) for os_set_env
    demo2.o(.text) refers to demo2.o(.data) for led1
    demo2.o(.text) refers to rt_task.o(i.rt_tsk_self) for rt_tsk_self
    demo2.o(.text) refers to demo2.o(.bss) for val
    demo2.o(.text) refers to rt_task.o(i.rt_tsk_create) for rt_tsk_create
    demo2.o(.text) refers to rt_task.o(i.rt_tsk_delete) for rt_tsk_delete
    demo2.o(.text) refers to rt_task.o(i.rt_sys_init) for rt_sys_init
    glcd_spi_lpc1700.o(.text) refers to glcd_spi_lpc1700.o(.data) for Himax
    glcd_spi_lpc1700.o(.text) refers to glcd_spi_lpc1700.o(.constdata) for Font_6x8_h
    rt_cmsis.o(i.isrMessagePut) refers to rt_mailbox.o(i.rt_mbx_check) for rt_mbx_check
    rt_cmsis.o(i.isrMessagePut) refers to rt_mailbox.o(i.isr_mbx_send) for isr_mbx_send
    rt_cmsis.o(i.osDelay) refers to rt_cmsis.o(i.svcDelay) for svcDelay
    rt_cmsis.o(i.osKernelInitialize) refers to rt_cmsis.o(i.svcKernelInitialize) for svcKernelInitialize
    rt_cmsis.o(i.osKernelRunning) refers to rt_cmsis.o(i.svcKernelRunning) for svcKernelRunning
    rt_cmsis.o(i.osKernelRunning) refers to rt_cmsis.o(.data) for .data
    rt_cmsis.o(i.osKernelStart) refers to rtx_conf_cm.o(.constdata) for os_flags
    rt_cmsis.o(i.osKernelStart) refers to rt_cmsis.o(i.svcKernelStart) for svcKernelStart
    rt_cmsis.o(i.osKernelSysTick) refers to rt_cmsis.o(i.svcKernelSysTick) for svcKernelSysTick
    rt_cmsis.o(i.osMailAlloc) refers to rt_cmsis.o(i.sysMailAlloc) for sysMailAlloc
    rt_cmsis.o(i.osMailCAlloc) refers to rt_cmsis.o(i.sysMailAlloc) for sysMailAlloc
[...]
    defsig_fpe_outer.o(.text) refers to defsig_exit.o(.text) for __sig_exit
    defsig_fpe_formal.o(.text) refers to rt_raise.o(.text) for __rt_raise
    _get_argv_nomalloc.o(.text) refers (Special) to hrguard.o(.text) for __heap_region$guard
    _get_argv_nomalloc.o(.text) refers to defsig_rtmem_outer.o(.text) for __rt_SIGRTMEM
    _get_argv_nomalloc.o(.text) refers to sys_command.o(.text) for _sys_command_string
    libshutdown.o(.ARM.Collect$$libshutdown$$00000000) refers (Special) to libshutdown2.o(.ARM.Collect$$libshutdown$$00000006) for __rt_lib_shutdown_fp_trap_1
    libshutdown.o(.ARM.Collect$$libshutdown$$00000000) refers (Special) to libshutdown2.o(.ARM.Collect$$libshutdown$$0000000E) for __rt_lib_shutdown_heap_1
    libshutdown.o(.ARM.Collect$$libshutdown$$00000000) refers (Special) to libshutdown2.o(.ARM.Collect$$libshutdown$$0000000F) for __rt_lib_shutdown_return
    libshutdown.o(.ARM.Collect$$libshutdown$$00000000) refers (Special) to libshutdown2.o(.ARM.Collect$$libshutdown$$00000009) for __rt_lib_shutdown_signal_1
    libshutdown.o(.ARM.Collect$$libshutdown$$00000000) refers (Special) to libshutdown2.o(.ARM.Collect$$libshutdown$$00000003) for __rt_lib_shutdown_stdio_1
    libshutdown.o(.ARM.Collect$$libshutdown$$00000000) refers (Special) to libshutdown2.o(.ARM.Collect$$libshutdown$$0000000B) for __rt_lib_shutdown_user_alloc_1
    sys_command.o(.text) refers (Special) to use_no_semi.o(.text) for __I$use$semihosting
    sys_command.o(.text) refers (Special) to indicate_semi.o(.text) for __semihosting_library_function
    rt_raise.o(.text) refers to __raise.o(.text) for __raise
    rt_raise.o(.text) refers to sys_exit.o(.text) for _sys_exit
    defsig_exit.o(.text) refers to sys_exit.o(.text) for _sys_exit
    defsig_fpe_inner.o(.text) refers to defsig_general.o(.text) for __default_signal_display
    defsig_rtmem_outer.o(.text) refers to defsig_rtmem_inner.o(.text) for __rt_SIGRTMEM_inner
    defsig_rtmem_outer.o(.text) refers to defsig_exit.o(.text) for __sig_exit
    defsig_rtmem_formal.o(.text) refers to rt_raise.o(.text) for __rt_raise
    __raise.o(.text) refers to defsig.o(CL$$defsig) for __default_signal_handler
    defsig_general.o(.text) refers to sys_wrch.o(.text) for _ttywrch
    defsig_rtmem_inner.o(.text) refers to defsig_general.o(.text) for __default_signal_display
    sys_wrch.o(.text) refers (Special) to use_no_semi.o(.text) for __I$use$semihosting
    sys_wrch.o(.text) refers (Special) to indicate_semi.o(.text) for __semihosting_library_function
    defsig.o(CL$$defsig) refers to defsig_fpe_inner.o(.text) for __rt_SIGFPE_inner
    defsig.o(CL$$defsig) refers to defsig_rtmem_inner.o(.text) for __rt_SIGRTMEM_inner
    defsig_abrt_inner.o(.text) refers to defsig_general.o(.text) for __default_signal_display
    defsig_rtred_inner.o(.text) refers to defsig_general.o(.text) for __default_signal_display
    defsig_stak_inner.o(.text) refers to defsig_general.o(.text) for __default_signal_display
    defsig_pvfn_inner.o(.text) refers to defsig_general.o(.text) for __default_signal_display
    defsig_cppl_inner.o(.text) refers to defsig_general.o(.text) for __default_signal_display
    defsig_segv_inner.o(.text) refers to defsig_general.o(.text) for __default_signal_display
    defsig_other.o(.text) refers to defsig_general.o(.text) for __default_signal_display


==============================================================================

Removing Unused input sections from the image.

    Removing system_lpc17xx.o(.rev16_text), (4 bytes).
    Removing system_lpc17xx.o(.revsh_text), (4 bytes).
    Removing demo2.o(.rev16_text), (4 bytes).
    Removing demo2.o(.revsh_text), (4 bytes).
    Removing glcd_spi_lpc1700.o(.rev16_text), (4 bytes).
    Removing glcd_spi_lpc1700.o(.revsh_text), (4 bytes).
    Removing rt_cmsis.o(.rev16_text), (4 bytes).
    Removing rt_cmsis.o(.revsh_text), (4 bytes).
    Removing rt_cmsis.o(i.osDelay), (24 bytes).
    Removing rt_cmsis.o(i.osKernelRunning), (36 bytes).
    Removing rt_cmsis.o(i.osKernelSysTick), (24 bytes).
    Removing rt_cmsis.o(i.osMailAlloc), (32 bytes).
    Removing rt_cmsis.o(i.osMailCAlloc), (32 bytes).
    Removing rt_cmsis.o(i.osMailCreate), (48 bytes).
    Removing rt_cmsis.o(i.osMailFree), (28 bytes).
    Removing rt_cmsis.o(i.osMailGet), (22 bytes).
    Removing rt_cmsis.o(i.osMailPut), (20 bytes).
    Removing rt_cmsis.o(i.osMessageCreate), (48 bytes).
    Removing rt_cmsis.o(i.osMessagePut), (24 bytes).
    Removing rt_cmsis.o(i.osMutexCreate), (48 bytes).
    Removing rt_cmsis.o(i.osMutexDelete), (24 bytes).
    Removing rt_cmsis.o(i.osMutexRelease), (24 bytes).
    Removing rt_cmsis.o(i.osMutexWait), (24 bytes).
    Removing rt_cmsis.o(i.osPoolAlloc), (36 bytes).
    Removing rt_cmsis.o(i.osPoolCAlloc), (36 bytes).
    Removing rt_cmsis.o(i.osPoolCreate), (48 bytes).
    Removing rt_cmsis.o(i.osPoolFree), (32 bytes).
    Removing rt_cmsis.o(i.osSemaphoreCreate), (48 bytes).
    Removing rt_cmsis.o(i.osSemaphoreDelete), (24 bytes).
    Removing rt_cmsis.o(i.osSemaphoreRelease), (60 bytes).
    Removing rt_cmsis.o(i.osSemaphoreWait), (24 bytes).
    Removing rt_cmsis.o(i.osSignalClear), (24 bytes).
    Removing rt_cmsis.o(i.osSignalSet), (52 bytes).
    Removing rt_cmsis.o(i.osSignalWait), (24 bytes).
    Removing rt_cmsis.o(i.osThreadGetId), (24 bytes).
    Removing rt_cmsis.o(i.osThreadGetPriority), (24 bytes).
    Removing rt_cmsis.o(i.osThreadSetPriority), (24 bytes).
    Removing rt_cmsis.o(i.osThreadTerminate), (24 bytes).
    Removing rt_cmsis.o(i.osThreadYield), (24 bytes).
    Removing rt_cmsis.o(i.osTimerCreate), (52 bytes).
    Removing rt_cmsis.o(i.osTimerDelete), (24 bytes).
    Removing rt_cmsis.o(i.osTimerStart), (24 bytes).
    Removing rt_cmsis.o(i.osTimerStop), (24 bytes).
    Removing rt_cmsis.o(i.osWait), (4 bytes).
    Removing rt_cmsis.o(i.rt_clr_box), (20 bytes).
    Removing rt_cmsis.o(i.rt_timer_remove), (60 bytes).
    Removing rt_cmsis.o(i.svcDelay), (20 bytes).
    Removing rt_cmsis.o(i.svcKernelRunning), (12 bytes).
    Removing rt_cmsis.o(i.svcKernelSysTick), (56 bytes).
    Removing rt_cmsis.o(i.svcMailCreate), (66 bytes).
    Removing rt_cmsis.o(i.svcMessagePut), (54 bytes).
    Removing rt_cmsis.o(i.svcMutexCreate), (28 bytes).
    Removing rt_cmsis.o(i.svcMutexDelete), (26 bytes).
    Removing rt_cmsis.o(i.svcMutexRelease), (34 bytes).
    Removing rt_cmsis.o(i.svcMutexWait), (54 bytes).
    Removing rt_cmsis.o(i.svcPoolCreate), (40 bytes).
    Removing rt_cmsis.o(i.svcSemaphoreCreate), (36 bytes).
    Removing rt_cmsis.o(i.svcSemaphoreDelete), (26 bytes).
    Removing rt_cmsis.o(i.svcSemaphoreRelease), (40 bytes).
    Removing rt_cmsis.o(i.svcSemaphoreWait), (50 bytes).
    Removing rt_cmsis.o(i.svcSignalClear), (36 bytes).
    Removing rt_cmsis.o(i.svcSignalSet), (36 bytes).
    Removing rt_cmsis.o(i.svcSignalWait), (84 bytes).
    Removing rt_cmsis.o(i.svcThreadGetPriority), (18 bytes).
    Removing rt_cmsis.o(i.svcThreadSetPriority), (46 bytes).
    Removing rt_cmsis.o(i.svcThreadYield), (10 bytes).
    Removing rt_cmsis.o(i.svcTimerCreate), (52 bytes).
    Removing rt_cmsis.o(i.svcTimerDelete), (40 bytes).
    Removing rt_cmsis.o(i.svcTimerStart), (72 bytes).
    Removing rt_cmsis.o(i.svcTimerStop), (36 bytes).
    Removing rt_cmsis.o(i.sysMailAlloc), (112 bytes).
    Removing rt_cmsis.o(i.sysMailFree), (102 bytes).
    Removing rt_cmsis.o(i.sysPoolAlloc), (32 bytes).
    Removing rt_cmsis.o(i.sysPoolFree), (20 bytes).
    Removing rt_task.o(i.rt_tsk_pass), (48 bytes).
    Removing rt_mutex.o(i.rt_mut_delete), (120 bytes).
    Removing rt_system.o(.emb_text), (0 bytes).
    Removing rt_system.o(i.os_tick_ovf), (16 bytes).
    Removing rt_system.o(i.os_tick_val), (20 bytes).
    Removing rt_system.o(i.rt_resume), (128 bytes).
    Removing rt_system.o(i.rt_suspend), (28 bytes).
    Removing rt_system.o(i.rt_tsk_lock), (80 bytes).
    Removing rt_system.o(i.rt_tsk_unlock), (80 bytes).
    Removing rt_event.o(i.isr_evt_set), (40 bytes).
    Removing rt_event.o(i.rt_evt_clr), (28 bytes).
    Removing rt_event.o(i.rt_evt_get), (12 bytes).
    Removing rt_event.o(i.rt_evt_set), (92 bytes).
    Removing rt_event.o(i.rt_evt_wait), (60 bytes).
    Removing rt_list.o(i.rt_get_same_rdy_prio), (36 bytes).
    Removing rt_mailbox.o(i.rt_mbx_send), (152 bytes).
    Removing rt_semaphore.o(i.isr_sem_send), (16 bytes).
    Removing rt_semaphore.o(i.rt_sem_delete), (92 bytes).
    Removing rt_semaphore.o(i.rt_sem_init), (12 bytes).
    Removing rt_semaphore.o(i.rt_sem_send), (42 bytes).
    Removing rt_semaphore.o(i.rt_sem_wait), (60 bytes).
    Removing rt_time.o(i.rt_dly_wait), (6 bytes).
    Removing rt_time.o(i.rt_itv_set), (24 bytes).
    Removing rt_time.o(i.rt_itv_wait), (44 bytes).
    Removing rt_time.o(i.rt_time_get), (12 bytes).
    Removing rt_membox.o(i._calloc_box), (30 bytes).

100 unused section(s) (total 3742 bytes) removed from the image.

==============================================================================

Image Symbol Table

    Local Symbols

    Symbol Name                              Value     Ov Type        Size  Object(Section)

    RESET                                    0x00000000   Section      204  startup_lpc17xx.o(RESET)
    ../clib/angel/boardlib.s                 0x00000000   Number         0  boardshut.o ABSOLUTE
    ../clib/angel/handlers.s                 0x00000000   Number         0  __scatter_zi.o ABSOLUTE
    ../clib/angel/handlers.s                 0x00000000   Number         0  __scatter_copy.o ABSOLUTE
    ../clib/angel/kernel.s                   0x00000000   Number         0  rtexit2.o ABSOLUTE
    ../clib/angel/kernel.s                   0x00000000   Number         0  rtexit.o ABSOLUTE
    ../clib/angel/rt.s                       0x00000000   Number         0  rt_div0.o ABSOLUTE
    ../clib/angel/rt.s                       0x00000000   Number         0  aeabi_ldiv0.o ABSOLUTE
    ../clib/angel/rt.s                       0x00000000   Number         0  aeabi_ldiv0_sigfpe.o ABSOLUTE
    ../clib/angel/rt.s                       0x00000000   Number         0  rt_raise.o ABSOLUTE
    ../clib/angel/scatter.s                  0x00000000   Number         0  __scatter.o ABSOLUTE
    ../clib/angel/startup.s                  0x00000000   Number         0  __main.o ABSOLUTE
    ../clib/angel/sys.s                      0x00000000   Number         0  libspace.o ABSOLUTE
    ../clib/angel/sys.s                      0x00000000   Number         0  sys_stackheap_outer.o ABSOLUTE
    ../clib/angel/sys.s                      0x00000000   Number         0  indicate_semi.o ABSOLUTE
    ../clib/angel/sys.s                      0x00000000   Number         0  use_no_semi.o ABSOLUTE
    ../clib/angel/sysapp.c                   0x00000000   Number         0  sys_wrch.o ABSOLUTE
    ../clib/angel/sysapp.c                   0x00000000   Number         0  sys_exit.o ABSOLUTE
    ../clib/angel/sysapp.c                   0x00000000   Number         0  sys_command.o ABSOLUTE
    ../clib/armsys.c                         0x00000000   Number         0  argv_veneer.o ABSOLUTE
    ../clib/armsys.c                         0x00000000   Number         0  argv_veneer.o ABSOLUTE
    ../clib/armsys.c                         0x00000000   Number         0  _get_argv_nomalloc.o ABSOLUTE
    ../clib/armsys.c                         0x00000000   Number         0  no_argv.o ABSOLUTE
    ../clib/heapalloc.c                      0x00000000   Number         0  hrguard.o ABSOLUTE
    ../clib/heapaux.c                        0x00000000   Number         0  heapauxi.o ABSOLUTE
    ../clib/libinit.s                        0x00000000   Number         0  libshutdown2.o ABSOLUTE
    ../clib/libinit.s                        0x00000000   Number         0  libinit.o ABSOLUTE
    ../clib/libinit.s                        0x00000000   Number         0  libshutdown.o ABSOLUTE
    ../clib/libinit.s                        0x00000000   Number         0  libinit2.o ABSOLUTE
    ../clib/longlong.s                       0x00000000   Number         0  lludivv7m.o ABSOLUTE
    ../clib/misc.s                           0x00000000   Number         0  printf_stubs.o ABSOLUTE
    ../clib/printf.c                         0x00000000   Number         0  _printf_hex_int.o ABSOLUTE
    ../clib/printf.c                         0x00000000   Number         0  _printf_hex_int_ll.o ABSOLUTE
    ../clib/printf.c                         0x00000000   Number         0  _printf_hex_ptr.o ABSOLUTE
    ../clib/printf.c                         0x00000000   Number         0  _printf_hex_int_ptr.o ABSOLUTE
    ../clib/printf.c                         0x00000000   Number         0  _printf_hex_ll_ptr.o ABSOLUTE
    ../clib/printf.c                         0x00000000   Number         0  _printf_char_common.o ABSOLUTE
    ../clib/printf.c                         0x00000000   Number         0  _printf_hex_int_ll_ptr.o ABSOLUTE
    ../clib/printf.c                         0x00000000   Number         0  _sputc.o ABSOLUTE
    ../clib/printf.c                         0x00000000   Number         0  __printf_nopercent.o ABSOLUTE
    ../clib/printf.c                         0x00000000   Number         0  __printf_ss.o ABSOLUTE
    ../clib/printf.c                         0x00000000   Number         0  __printf_flags.o ABSOLUTE
    ../clib/printf.c                         0x00000000   Number         0  __printf_flags_ss.o ABSOLUTE
    ../clib/printf.c                         0x00000000   Number         0  __printf_flags_ss_wp.o ABSOLUTE
    ../clib/printf.c                         0x00000000   Number         0  __2sprintf.o ABSOLUTE
    ../clib/printf.c                         0x00000000   Number         0  noretval__2sprintf.o ABSOLUTE
    ../clib/printf.c                         0x00000000   Number         0  _printf_pad.o ABSOLUTE
    ../clib/printf.c                         0x00000000   Number         0  __printf.o ABSOLUTE
    ../clib/printf.c                         0x00000000   Number         0  __printf_wp.o ABSOLUTE
    ../clib/printf.c                         0x00000000   Number         0  __printf_flags_wp.o ABSOLUTE
    ../clib/printf.c                         0x00000000   Number         0  __printf_ss_wp.o ABSOLUTE
    ../clib/printf.c                         0x00000000   Number         0  _printf_hex_ll.o ABSOLUTE
    ../clib/printf.c                         0x00000000   Number         0  _printf_intcommon.o ABSOLUTE
    ../clib/printf_percent.s                 0x00000000   Number         0  _printf_percent_end.o ABSOLUTE
    ../clib/printf_percent.s                 0x00000000   Number         0  _printf_percent.o ABSOLUTE
    ../clib/printf_percent.s                 0x00000000   Number         0  _printf_x.o ABSOLUTE
    ../clib/signal.c                         0x00000000   Number         0  defsig_general.o ABSOLUTE
    ../clib/signal.c                         0x00000000   Number         0  defsig_stak_inner.o ABSOLUTE
    ../clib/signal.c                         0x00000000   Number         0  defsig_rtred_inner.o ABSOLUTE
    ../clib/signal.c                         0x00000000   Number         0  defsig_abrt_inner.o ABSOLUTE
    ../clib/signal.c                         0x00000000   Number         0  __raise.o ABSOLUTE
    ../clib/signal.c                         0x00000000   Number         0  defsig_rtmem_formal.o ABSOLUTE
    ../clib/signal.c                         0x00000000   Number         0  defsig_rtmem_outer.o ABSOLUTE
    ../clib/signal.c                         0x00000000   Number         0  defsig_exit.o ABSOLUTE
    ../clib/signal.c                         0x00000000   Number         0  defsig_fpe_formal.o ABSOLUTE
    ../clib/signal.c                         0x00000000   Number         0  defsig_fpe_outer.o ABSOLUTE
    ../clib/signal.c                         0x00000000   Number         0  defsig_rtmem_inner.o ABSOLUTE
    ../clib/signal.c                         0x00000000   Number         0  defsig_fpe_inner.o ABSOLUTE
    ../clib/signal.c                         0x00000000   Number         0  defsig_pvfn_inner.o ABSOLUTE
    ../clib/signal.c                         0x00000000   Number         0  defsig_cppl_inner.o ABSOLUTE
    ../clib/signal.c                         0x00000000   Number         0  defsig_segv_inner.o ABSOLUTE
    ../clib/signal.c                         0x00000000   Number         0  defsig_other.o ABSOLUTE
    ../clib/signal.s                         0x00000000   Number         0  defsig.o ABSOLUTE
    ../clib/stdlib.c                         0x00000000   Number         0  exit.o ABSOLUTE
    ../fplib/fpinit.s                        0x00000000   Number         0  fpinit.o ABSOLUTE
    ..\Blinky\GLCD_SPI_LPC1700.c             0x00000000   Number         0  glcd_spi_lpc1700.o ABSOLUTE
    ..\HAL_CM.c                              0x00000000   Number         0  hal_cm.o ABSOLUTE
    ..\\Blinky\\GLCD_SPI_LPC1700.c           0x00000000   Number         0  glcd_spi_lpc1700.o ABSOLUTE
    ..\\rt_CMSIS.c                           0x00000000   Number         0  rt_cmsis.o ABSOLUTE
    ..\\rt_System.c                          0x00000000   Number         0  rt_system.o ABSOLUTE
    ..\rt_CMSIS.c                            0x00000000   Number         0  rt_cmsis.o ABSOLUTE
    ..\rt_Event.c                            0x00000000   Number         0  rt_event.o ABSOLUTE
    ..\rt_List.c                             0x00000000   Number         0  rt_list.o ABSOLUTE
    ..\rt_Mailbox.c                          0x00000000   Number         0  rt_mailbox.o ABSOLUTE
    ..\rt_MemBox.c                           0x00000000   Number         0  rt_membox.o ABSOLUTE
    ..\rt_Memory.c                           0x00000000   Number         0  rt_memory.o ABSOLUTE
    ..\rt_Mutex.c                            0x00000000   Number         0  rt_mutex.o ABSOLUTE
    ..\rt_Robin.c                            0x00000000   Number         0  rt_robin.o ABSOLUTE
    ..\rt_Semaphore.c                        0x00000000   Number         0  rt_semaphore.o ABSOLUTE
    ..\rt_System.c                           0x00000000   Number         0  rt_system.o ABSOLUTE
    ..\rt_Task.c                             0x00000000   Number         0  rt_task.o ABSOLUTE
    ..\rt_Time.c                             0x00000000   Number         0  rt_time.o ABSOLUTE
    HAL_CM3.c                                0x00000000   Number         0  hal_cm3.o ABSOLUTE
    HAL_CM3.c                                0x00000000   Number         0  hal_cm3.o ABSOLUTE
    SVC_Table.s                              0x00000000   Number         0  SVC_Table.o ABSOLUTE
    dc.s                                     0x00000000   Number         0  dc.o ABSOLUTE
    lab3a_2\Demo2.c                          0x00000000   Number         0  demo2.o ABSOLUTE
    lab3a_2\RTX_Conf_CM.c                    0x00000000   Number         0  rtx_conf_cm.o ABSOLUTE
    lab3a_2\\Demo2.c                         0x00000000   Number         0  demo2.o ABSOLUTE
    lab3a_2\\RTX_Conf_CM.c                   0x00000000   Number         0  rtx_conf_cm.o ABSOLUTE
    lab3a_2\\system_LPC17xx.c                0x00000000   Number         0  system_lpc17xx.o ABSOLUTE
    lab3a_2\system_LPC17xx.c                 0x00000000   Number         0  system_lpc17xx.o ABSOLUTE
    startup_LPC17xx.s                        0x00000000   Number         0  startup_lpc17xx.o ABSOLUTE
    !!!main                                  0x000000cc   Section        8  __main.o(!!!main)
    !!!scatter                               0x000000d4   Section       52  __scatter.o(!!!scatter)
    !!handler_copy                           0x00000108   Section       26  __scatter_copy.o(!!handler_copy)
    !!handler_zi                             0x00000124   Section       28  __scatter_zi.o(!!handler_zi)
    .ARM.Collect$$_printf_percent$$00000000  0x00000140   Section        0  _printf_percent.o(.ARM.Collect$$_printf_percent$$00000000)
    .ARM.Collect$$_printf_percent$$0000000C  0x00000140   Section        6  _printf_x.o(.ARM.Collect$$_printf_percent$$0000000C)
    .ARM.Collect$$_printf_percent$$00000017  0x00000146   Section        4  _printf_percent_end.o(.ARM.Collect$$_printf_percent$$00000017)
    .ARM.Collect$$libinit$$00000000          0x0000014a   Section        2  libinit.o(.ARM.Collect$$libinit$$00000000)
    .ARM.Collect$$libinit$$00000002          0x0000014c   Section        0  libinit2.o(.ARM.Collect$$libinit$$00000002)
    .ARM.Collect$$libinit$$00000008          0x0000014c   Section        0  libinit2.o(.ARM.Collect$$libinit$$00000008)
    .ARM.Collect$$libinit$$0000000A          0x0000014c   Section        0  libinit2.o(.ARM.Collect$$libinit$$0000000A)
    .ARM.Collect$$libinit$$0000000C          0x0000014c   Section        0  libinit2.o(.ARM.Collect$$libinit$$0000000C)
    .ARM.Collect$$libinit$$0000000F          0x0000014c   Section        0  libinit2.o(.ARM.Collect$$libinit$$0000000F)
    .ARM.Collect$$libinit$$00000011          0x0000014c   Section        0  libinit2.o(.ARM.Collect$$libinit$$00000011)
    .ARM.Collect$$libinit$$00000013          0x0000014c   Section        0  libinit2.o(.ARM.Collect$$libinit$$00000013)
    .ARM.Collect$$libinit$$00000015          0x0000014c   Section        0  libinit2.o(.ARM.Collect$$libinit$$00000015)
    .ARM.Collect$$libinit$$00000017          0x0000014c   Section        0  libinit2.o(.ARM.Collect$$libinit$$00000017)
    .ARM.Collect$$libinit$$00000019          0x0000014c   Section        0  libinit2.o(.ARM.Collect$$libinit$$00000019)
    .ARM.Collect$$libinit$$0000001B          0x0000014c   Section        0  libinit2.o(.ARM.Collect$$libinit$$0000001B)
    .ARM.Collect$$libinit$$0000001D          0x0000014c   Section        0  libinit2.o(.ARM.Collect$$libinit$$0000001D)
    .ARM.Collect$$libinit$$0000001F          0x0000014c   Section        0  libinit2.o(.ARM.Collect$$libinit$$0000001F)
    .ARM.Collect$$libinit$$00000021          0x0000014c   Section        0  libinit2.o(.ARM.Collect$$libinit$$00000021)
    .ARM.Collect$$libinit$$00000023          0x0000014c   Section        0  libinit2.o(.ARM.Collect$$libinit$$00000023)
    .ARM.Collect$$libinit$$0000002A          0x0000014c   Section        0  libinit2.o(.ARM.Collect$$libinit$$0000002A)
    .ARM.Collect$$libinit$$0000002C          0x0000014c   Section        0  libinit2.o(.ARM.Collect$$libinit$$0000002C)
    .ARM.Collect$$libinit$$0000002E          0x0000014c   Section        0  libinit2.o(.ARM.Collect$$libinit$$0000002E)
    .ARM.Collect$$libinit$$00000030          0x0000014c   Section        0  libinit2.o(.ARM.Collect$$libinit$$00000030)
    .ARM.Collect$$libinit$$00000031          0x0000014c   Section        2  libinit2.o(.ARM.Collect$$libinit$$00000031)
    .ARM.Collect$$libshutdown$$00000000      0x0000014e   Section        2  libshutdown.o(.ARM.Collect$$libshutdown$$00000000)
    .ARM.Collect$$libshutdown$$00000003      0x00000150   Section        0  libshutdown2.o(.ARM.Collect$$libshutdown$$00000003)
    .ARM.Collect$$libshutdown$$00000006      0x00000150   Section        0  libshutdown2.o(.ARM.Collect$$libshutdown$$00000006)
    .ARM.Collect$$libshutdown$$00000009      0x00000150   Section        0  libshutdown2.o(.ARM.Collect$$libshutdown$$00000009)
    .ARM.Collect$$libshutdown$$0000000B      0x00000150   Section        0  libshutdown2.o(.ARM.Collect$$libshutdown$$0000000B)
    .ARM.Collect$$libshutdown$$0000000E      0x00000150   Section        0  libshutdown2.o(.ARM.Collect$$libshutdown$$0000000E)
    .ARM.Collect$$libshutdown$$0000000F      0x00000150   Section        2  libshutdown2.o(.ARM.Collect$$libshutdown$$0000000F)
    .ARM.Collect$$rtexit$$00000000           0x00000152   Section        2  rtexit.o(.ARM.Collect$$rtexit$$00000000)
    .ARM.Collect$$rtexit$$00000002           0x00000154   Section        0  rtexit2.o(.ARM.Collect$$rtexit$$00000002)
    .ARM.Collect$$rtexit$$00000003           0x00000154   Section        4  rtexit2.o(.ARM.Collect$$rtexit$$00000003)
    .ARM.Collect$$rtexit$$00000004           0x00000158   Section        6  rtexit2.o(.ARM.Collect$$rtexit$$00000004)
    .emb_text                                0x00000160   Section       36  rtx_conf_cm.o(.emb_text)
    .emb_text                                0x00000184   Section      304  hal_cm3.o(.emb_text)
    .text                                    0x000002b4   Section       60  startup_lpc17xx.o(.text)
    .text                                    0x000002f0   Section        8  libspace.o(.text)
    .text                                    0x000002f8   Section        2  use_no_semi.o(.text)
    .text                                    0x000002fa   Section        0  indicate_semi.o(.text)
    i.os_tick_irqack                         0x000002fa   Section        0  rt_system.o(i.os_tick_irqack)
    .ARM.__at_0x02FC                         0x000002fc   Section        4  startup_lpc17xx.o(.ARM.__at_0x02FC)
    .text                                    0x00000300   Section        0  system_lpc17xx.o(.text)
    .text                                    0x00000610   Section        0  rtx_conf_cm.o(.text)
    __tagsym$$used                           0x00000663   Number         0  rtx_conf_cm.o(.text)
    __tagsym$$used                           0x0000067d   Number         0  rtx_conf_cm.o(.text)
    .text                                    0x000006b0   Section        0  demo2.o(.text)
    .text                                    0x00000828   Section        0  glcd_spi_lpc1700.o(.text)
    delay                                    0x00000829   Thumb Code    14  glcd_spi_lpc1700.o(.text)
    spi_tran_man                             0x00000837   Thumb Code   124  glcd_spi_lpc1700.o(.text)
    wr_cmd                                   0x000008b3   Thumb Code    36  glcd_spi_lpc1700.o(.text)
    wr_dat                                   0x000008d7   Thumb Code    36  glcd_spi_lpc1700.o(.text)
    rd_reg                                   0x000008fb   Thumb Code    66  glcd_spi_lpc1700.o(.text)
    rd_id_man                                0x0000093d   Thumb Code   132  glcd_spi_lpc1700.o(.text)
    spi_tran                                 0x0000135b   Thumb Code    26  glcd_spi_lpc1700.o(.text)
    wr_dat_start                             0x00001375   Thumb Code    16  glcd_spi_lpc1700.o(.text)
    wr_dat_stop                              0x00001385   Thumb Code     8  glcd_spi_lpc1700.o(.text)
    wr_dat_only                              0x0000138d   Thumb Code    18  glcd_spi_lpc1700.o(.text)
    wr_reg                                   0x0000139f   Thumb Code    20  glcd_spi_lpc1700.o(.text)
    .text                                    0x000013cc   Section       74  sys_stackheap_outer.o(.text)
    .text                                    0x00001416   Section      238  lludivv7m.o(.text)
    .text                                    0x00001504   Section        0  noretval__2sprintf.o(.text)
    .text                                    0x0000152c   Section        0  _printf_pad.o(.text)
    .text                                    0x00001580   Section        0  _printf_hex_int.o(.text)
    .text                                    0x000015dc   Section        0  __printf_flags_wp.o(.text)
    .text                                    0x00001718   Section        0  exit.o(.text)
    .text                                    0x00001724   Section        0  heapauxi.o(.text)
    .text                                    0x0000172a   Section        0  _printf_intcommon.o(.text)
    .text                                    0x000017e4   Section        0  _printf_char_common.o(.text)
    _printf_input_char                       0x000017e5   Thumb Code    10  _printf_char_common.o(.text)
    .text                                    0x00001814   Section        0  _sputc.o(.text)
    .text                                    0x00001820   Section        0  sys_exit.o(.text)
    SVC_TABLE                                0x0000182c   Section        4  SVC_Table.o(SVC_TABLE)
    i._init_box                              0x00001830   Section        0  rt_membox.o(i._init_box)
    i._is_digit                              0x00001876   Section        0  __printf_wp.o(i._is_digit)
    i.dbg_init                               0x00001884   Section        0  hal_cm.o(i.dbg_init)
    i.dbg_task_notify                        0x000018b4   Section        0  hal_cm.o(i.dbg_task_notify)
    i.dbg_task_switch                        0x000018d4   Section        0  hal_cm.o(i.dbg_task_switch)
    i.isrMessagePut                          0x000018e4   Section        0  rt_cmsis.o(i.isrMessagePut)
    isrMessagePut                            0x000018e5   Thumb Code    44  rt_cmsis.o(i.isrMessagePut)
    i.isr_mbx_receive                        0x00001910   Section        0  rt_mailbox.o(i.isr_mbx_receive)
    i.isr_mbx_send                           0x00001960   Section        0  rt_mailbox.o(i.isr_mbx_send)
    i.osKernelInitialize                     0x00001970   Section        0  rt_cmsis.o(i.osKernelInitialize)
    i.osKernelStart                          0x00001994   Section        0  rt_cmsis.o(i.osKernelStart)
    i.osMessageGet                           0x00001a00   Section        0  rt_cmsis.o(i.osMessageGet)
    i.osThreadCreate                         0x00001a44   Section        0  rt_cmsis.o(i.osThreadCreate)
    i.osThreadExit                           0x00001a74   Section        0  rt_cmsis.o(i.osThreadExit)
    i.osTimerCall                            0x00001a8c   Section        0  rt_cmsis.o(i.osTimerCall)
    i.osTimerThread                          0x00001a98   Section        0  rt_cmsis.o(i.osTimerThread)
    i.os_tick_init                           0x00001ac4   Section        0  rt_system.o(i.os_tick_init)
    i.rt_alloc_box                           0x00001aec   Section        0  rt_membox.o(i.rt_alloc_box)
    i.rt_alloc_mem                           0x00001b06   Section        0  rt_memory.o(i.rt_alloc_mem)
    i.rt_block                               0x00001b44   Section        0  rt_task.o(i.rt_block)
    i.rt_chk_robin                           0x00001b7c   Section        0  rt_robin.o(i.rt_chk_robin)
    i.rt_dec_dly                             0x00001bc4   Section        0  rt_list.o(i.rt_dec_dly)
    i.rt_dispatch                            0x00001c34   Section        0  rt_task.o(i.rt_dispatch)
    i.rt_evt_psh                             0x00001c78   Section        0  rt_event.o(i.rt_evt_psh)
    i.rt_free_box                            0x00001cc8   Section        0  rt_membox.o(i.rt_free_box)
    i.rt_free_mem                            0x00001ce8   Section        0  rt_memory.o(i.rt_free_mem)
    i.rt_get_first                           0x00001d10   Section        0  rt_list.o(i.rt_get_first)
    i.rt_id2obj                              0x00001d38   Section        0  rt_cmsis.o(i.rt_id2obj)
    rt_id2obj                                0x00001d39   Thumb Code     8  rt_cmsis.o(i.rt_id2obj)
    i.rt_init_context                        0x00001d40   Section        0  rt_task.o(i.rt_init_context)
    rt_init_context                          0x00001d41   Thumb Code    60  rt_task.o(i.rt_init_context)
    i.rt_init_mem                            0x00001d80   Section        0  rt_memory.o(i.rt_init_mem)
    i.rt_init_robin                          0x00001d9c   Section        0  rt_robin.o(i.rt_init_robin)
    i.rt_init_stack                          0x00001db4   Section        0  hal_cm.o(i.rt_init_stack)
    i.rt_mbx_check                           0x00001e04   Section        0  rt_mailbox.o(i.rt_mbx_check)
    i.rt_mbx_init                            0x00001e0c   Section        0  rt_mailbox.o(i.rt_mbx_init)
    i.rt_mbx_psh                             0x00001e28   Section        0  rt_mailbox.o(i.rt_mbx_psh)
    i.rt_mbx_wait                            0x00001f18   Section        0  rt_mailbox.o(i.rt_mbx_wait)
    i.rt_ms2tick                             0x00001fc8   Section        0  rt_cmsis.o(i.rt_ms2tick)
    rt_ms2tick                               0x00001fc9   Thumb Code    50  rt_cmsis.o(i.rt_ms2tick)
    i.rt_mut_init                            0x00002004   Section        0  rt_mutex.o(i.rt_mut_init)
    i.rt_mut_release                         0x00002014   Section        0  rt_mutex.o(i.rt_mut_release)
    i.rt_mut_wait                            0x000020b4   Section        0  rt_mutex.o(i.rt_mut_wait)
    i.rt_pop_req                             0x00002118   Section        0  rt_system.o(i.rt_pop_req)
    i.rt_psh_req                             0x00002190   Section        0  rt_system.o(i.rt_psh_req)
    i.rt_psq_enq                             0x000021b0   Section        0  rt_list.o(i.rt_psq_enq)
    i.rt_put_dly                             0x00002208   Section        0  rt_list.o(i.rt_put_dly)
    i.rt_put_prio                            0x00002250   Section        0  rt_list.o(i.rt_put_prio)
    i.rt_put_rdy_first                       0x00002288   Section        0  rt_list.o(i.rt_put_rdy_first)
    i.rt_resort_prio                         0x0000229c   Section        0  rt_list.o(i.rt_resort_prio)
    i.rt_ret_val                             0x000022d0   Section        0  hal_cm.o(i.rt_ret_val)
    i.rt_ret_val2                            0x000022d6   Section        0  hal_cm.o(i.rt_ret_val2)
    i.rt_rmv_dly                             0x000022de   Section        0  rt_list.o(i.rt_rmv_dly)
    i.rt_rmv_list                            0x00002308   Section        0  rt_list.o(i.rt_rmv_list)
    i.rt_sem_psh                             0x00002338   Section        0  rt_semaphore.o(i.rt_sem_psh)
    i.rt_stk_check                           0x0000236c   Section        0  rt_system.o(i.rt_stk_check)
    i.rt_switch_req                          0x00002390   Section        0  rt_task.o(i.rt_switch_req)
    i.rt_sys_init                            0x000023b8   Section        0  rt_task.o(i.rt_sys_init)
    i.rt_sys_start                           0x000024c4   Section        0  rt_task.o(i.rt_sys_start)
    i.rt_systick                             0x000024f8   Section        0  rt_system.o(i.rt_systick)
    i.rt_tid2ptcb                            0x00002534   Section        0  rt_cmsis.o(i.rt_tid2ptcb)
    rt_tid2ptcb                              0x00002535   Thumb Code    18  rt_cmsis.o(i.rt_tid2ptcb)
    i.rt_timer_insert                        0x00002548   Section        0  rt_cmsis.o(i.rt_timer_insert)
    rt_timer_insert                          0x00002549   Thumb Code    50  rt_cmsis.o(i.rt_timer_insert)
    i.rt_tsk_create                          0x00002580   Section        0  rt_task.o(i.rt_tsk_create)
    i.rt_tsk_delete                          0x00002604   Section        0  rt_task.o(i.rt_tsk_delete)
    i.rt_tsk_prio                            0x000026c0   Section        0  rt_task.o(i.rt_tsk_prio)
    i.rt_tsk_self                            0x00002734   Section        0  rt_task.o(i.rt_tsk_self)
    i.svcKernelInitialize                    0x00002744   Section        0  rt_cmsis.o(i.svcKernelInitialize)
    i.svcKernelStart                         0x000027b4   Section        0  rt_cmsis.o(i.svcKernelStart)
    i.svcMessageCreate                       0x000027ec   Section        0  rt_cmsis.o(i.svcMessageCreate)
    i.svcMessageGet                          0x00002810   Section        0  rt_cmsis.o(i.svcMessageGet)
    i.svcThreadCreate                        0x0000284c   Section        0  rt_cmsis.o(i.svcThreadCreate)
    i.svcThreadGetId                         0x000028bc   Section        0  rt_cmsis.o(i.svcThreadGetId)
    i.svcThreadTerminate                     0x000028d8   Section        0  rt_cmsis.o(i.svcThreadTerminate)
    i.svcTimerCall                           0x00002910   Section        0  rt_cmsis.o(i.svcTimerCall)
    i.sysTimerTick                           0x00002928   Section        0  rt_cmsis.o(i.sysTimerTick)
    .constdata                               0x0000297c   Section       78  rtx_conf_cm.o(.constdata)
    __tagsym$$used                           0x00002998   Number         0  rtx_conf_cm.o(.constdata)
    __tagsym$$used                           0x0000299c   Number         0  rtx_conf_cm.o(.constdata)
    .constdata                               0x000029ca   Section     6272  glcd_spi_lpc1700.o(.constdata)
    .constdata                               0x0000424a   Section       40  _printf_hex_int.o(.constdata)
    uc_hextab                                0x0000424a   Data          20  _printf_hex_int.o(.constdata)
    lc_hextab                                0x0000425e   Data          20  _printf_hex_int.o(.constdata)
    .constdata                               0x00004272   Section       17  __printf_flags_wp.o(.constdata)
    maptable                                 0x00004272   Data          17  __printf_flags_wp.o(.constdata)
    .data                                    0x10000000   Section        4  system_lpc17xx.o(.data)
    .data                                    0x10000004   Section       40  rtx_conf_cm.o(.data)
    nr_mutex                                 0x10000028   Data           4  rtx_conf_cm.o(.data)
    .data                                    0x1000002c   Section       40  demo2.o(.data)
    .data                                    0x10000054   Section        5  glcd_spi_lpc1700.o(.data)
    Color                                    0x10000054   Data           4  glcd_spi_lpc1700.o(.data)
    Himax                                    0x10000058   Data           1  glcd_spi_lpc1700.o(.data)
    .data                                    0x1000005c   Section        8  rt_cmsis.o(.data)
    .data                                    0x10000064   Section        8  rt_task.o(.data)
    .data                                    0x1000006c   Section        8  rt_system.o(.data)
    os_lock                                  0x1000006c   Data           1  rt_system.o(.data)
    os_psh_flag                              0x1000006d   Data           1  rt_system.o(.data)
    pend_flags                               0x1000006e   Data           1  rt_system.o(.data)
    .data                                    0x10000074   Section        4  rt_time.o(.data)
    .data                                    0x10000078   Section        8  rt_robin.o(.data)
    .data                                    0x10000080   Section        1  hal_cm.o(.data)
    .bss                                     0x10000088   Section     2960  rtx_conf_cm.o(.bss)
    std_libspace                             0x10000918   Data         672  rtx_conf_cm.o(.bss)
    std_libmutex                             0x10000bb8   Data          96  rtx_conf_cm.o(.bss)
    .bss                                     0x10000c18   Section       20  demo2.o(.bss)
    .bss                                     0x10000c2c   Section       48  rt_task.o(.bss)
    .bss                                     0x10000c5c   Section       48  rt_list.o(.bss)
    .bss                                     0x10000c8c   Section       96  libspace.o(.bss)
    HEAP                                     0x10000cf0   Section        0  startup_lpc17xx.o(HEAP)
    STACK                                    0x10000cf0   Section      512  startup_lpc17xx.o(STACK)
    Heap_Mem                                 0x10000cf0   Data           0  startup_lpc17xx.o(HEAP)
    Stack_Mem                                0x10000cf0   Data         512  startup_lpc17xx.o(STACK)
    __initial_sp                             0x10000ef0   Data           0  startup_lpc17xx.o(STACK)

    Global Symbols

    Symbol Name                              Value     Ov Type        Size  Object(Section)

    BuildAttributes$$THM_ISAv4$P$D$K$B$S$PE$A:L22UL41UL21$X:L11$S22US41US21$IEEE1$IW$USESV6$~STKCKD$USESV7$~SHL$OSPACE$ROPI$EBA8$UX$STANDARDLIB$REQ8$PRES8$EABIv2 0x00000000   Number         0  anon$$obj.o ABSOLUTE
    __ARM_use_no_argv                        0x00000000   Number         0  demo2.o ABSOLUTE
    __Vectors                                0x00000000   Data           4  startup_lpc17xx.o(RESET)
    _printf_flags                            0x00000000   Number         0  printf_stubs.o ABSOLUTE
    _printf_return_value                     0x00000000   Number         0  printf_stubs.o ABSOLUTE
    _printf_sizespec                         0x00000000   Number         0  printf_stubs.o ABSOLUTE
    _printf_widthprec                        0x00000000   Number         0  printf_stubs.o ABSOLUTE
    __ARM_exceptions_init                     - Undefined Weak Reference
    __alloca_initialize                       - Undefined Weak Reference
    __cpp_initialize__aeabi_                  - Undefined Weak Reference
    __cxa_finalize                            - Undefined Weak Reference
    __rt_locale                               - Undefined Weak Reference
    __sigvec_lookup                           - Undefined Weak Reference
    _atexit_init                              - Undefined Weak Reference
    _call_atexit_fns                          - Undefined Weak Reference
    _clock_init                               - Undefined Weak Reference
    _fp_trap_init                             - Undefined Weak Reference
    _fp_trap_shutdown                         - Undefined Weak Reference
    _get_lc_collate                           - Undefined Weak Reference
    _get_lc_ctype                             - Undefined Weak Reference
    _get_lc_monetary                          - Undefined Weak Reference
    _get_lc_numeric                           - Undefined Weak Reference
    _get_lc_time                              - Undefined Weak Reference
    _getenv_init                              - Undefined Weak Reference
    _handle_redirection                       - Undefined Weak Reference
    _init_alloc                               - Undefined Weak Reference
    _init_user_alloc                          - Undefined Weak Reference
    _initio                                   - Undefined Weak Reference
    _printf_truncate_unsigned                 - Undefined Weak Reference
    _rand_init                                - Undefined Weak Reference
    _signal_finish                            - Undefined Weak Reference
    _signal_init                              - Undefined Weak Reference
    _terminate_alloc                          - Undefined Weak Reference
    _terminate_user_alloc                     - Undefined Weak Reference
    _terminateio                              - Undefined Weak Reference
    __main                                   0x000000cd   Thumb Code     8  __main.o(!!!main)
    __scatterload                            0x000000d5   Thumb Code     0  __scatter.o(!!!scatter)
    __scatterload_rt2                        0x000000d5   Thumb Code    44  __scatter.o(!!!scatter)
    __scatterload_rt2_thumb_only             0x000000d5   Thumb Code     0  __scatter.o(!!!scatter)
    __scatterload_null                       0x000000e3   Thumb Code     0  __scatter.o(!!!scatter)
    __scatterload_copy                       0x00000109   Thumb Code    26  __scatter_copy.o(!!handler_copy)
    __scatterload_zeroinit                   0x00000125   Thumb Code    28  __scatter_zi.o(!!handler_zi)
    _printf_percent                          0x00000141   Thumb Code     0  _printf_percent.o(.ARM.Collect$$_printf_percent$$00000000)
    _printf_x                                0x00000141   Thumb Code     0  _printf_x.o(.ARM.Collect$$_printf_percent$$0000000C)
    _printf_percent_end                      0x00000147   Thumb Code     0  _printf_percent_end.o(.ARM.Collect$$_printf_percent$$00000017)
    __rt_lib_init                            0x0000014b   Thumb Code     0  libinit.o(.ARM.Collect$$libinit$$00000000)
    __rt_lib_init_alloca_1                   0x0000014d   Thumb Code     0  libinit2.o(.ARM.Collect$$libinit$$0000002C)
    __rt_lib_init_argv_1                     0x0000014d   Thumb Code     0  libinit2.o(.ARM.Collect$$libinit$$0000002A)
    __rt_lib_init_atexit_1                   0x0000014d   Thumb Code     0  libinit2.o(.ARM.Collect$$libinit$$00000019)
    __rt_lib_init_clock_1                    0x0000014d   Thumb Code     0  libinit2.o(.ARM.Collect$$libinit$$0000001F)
    __rt_lib_init_cpp_1                      0x0000014d   Thumb Code     0  libinit2.o(.ARM.Collect$$libinit$$00000030)
    __rt_lib_init_exceptions_1               0x0000014d   Thumb Code     0  libinit2.o(.ARM.Collect$$libinit$$0000002E)
    __rt_lib_init_fp_1                       0x0000014d   Thumb Code     0  libinit2.o(.ARM.Collect$$libinit$$00000002)
    __rt_lib_init_fp_trap_1                  0x0000014d   Thumb Code     0  libinit2.o(.ARM.Collect$$libinit$$0000001D)
    __rt_lib_init_getenv_1                   0x0000014d   Thumb Code     0  libinit2.o(.ARM.Collect$$libinit$$00000021)
    __rt_lib_init_heap_1                     0x0000014d   Thumb Code     0  libinit2.o(.ARM.Collect$$libinit$$00000008)
    __rt_lib_init_lc_collate_1               0x0000014d   Thumb Code     0  libinit2.o(.ARM.Collect$$libinit$$0000000F)
    __rt_lib_init_lc_ctype_1                 0x0000014d   Thumb Code     0  libinit2.o(.ARM.Collect$$libinit$$00000011)
    __rt_lib_init_lc_monetary_1              0x0000014d   Thumb Code     0  libinit2.o(.ARM.Collect$$libinit$$00000013)
    __rt_lib_init_lc_numeric_1               0x0000014d   Thumb Code     0  libinit2.o(.ARM.Collect$$libinit$$00000015)
    __rt_lib_init_lc_time_1                  0x0000014d   Thumb Code     0  libinit2.o(.ARM.Collect$$libinit$$00000017)
    __rt_lib_init_rand_1                     0x0000014d   Thumb Code     0  libinit2.o(.ARM.Collect$$libinit$$0000000C)
    __rt_lib_init_return                     0x0000014d   Thumb Code     0  libinit2.o(.ARM.Collect$$libinit$$00000031)
    __rt_lib_init_signal_1                   0x0000014d   Thumb Code     0  libinit2.o(.ARM.Collect$$libinit$$0000001B)
    __rt_lib_init_stdio_1                    0x0000014d   Thumb Code     0  libinit2.o(.ARM.Collect$$libinit$$00000023)
    __rt_lib_init_user_alloc_1               0x0000014d   Thumb Code     0  libinit2.o(.ARM.Collect$$libinit$$0000000A)
    __rt_lib_shutdown                        0x0000014f   Thumb Code     0  libshutdown.o(.ARM.Collect$$libshutdown$$00000000)
    __rt_lib_shutdown_fp_trap_1              0x00000151   Thumb Code     0  libshutdown2.o(.ARM.Collect$$libshutdown$$00000006)
    __rt_lib_shutdown_heap_1                 0x00000151   Thumb Code     0  libshutdown2.o(.ARM.Collect$$libshutdown$$0000000E)
    __rt_lib_shutdown_return                 0x00000151   Thumb Code     0  libshutdown2.o(.ARM.Collect$$libshutdown$$0000000F)
    __rt_lib_shutdown_signal_1               0x00000151   Thumb Code     0  libshutdown2.o(.ARM.Collect$$libshutdown$$00000009)
    __rt_lib_shutdown_stdio_1                0x00000151   Thumb Code     0  libshutdown2.o(.ARM.Collect$$libshutdown$$00000003)
    __rt_lib_shutdown_user_alloc_1           0x00000151   Thumb Code     0  libshutdown2.o(.ARM.Collect$$libshutdown$$0000000B)
    __rt_exit                                0x00000153   Thumb Code     0  rtexit.o(.ARM.Collect$$rtexit$$00000000)
    __rt_exit_ls                             0x00000155   Thumb Code     0  rtexit2.o(.ARM.Collect$$rtexit$$00000003)
    __rt_exit_prels_1                        0x00000155   Thumb Code     0  rtexit2.o(.ARM.Collect$$rtexit$$00000002)
    __rt_exit_exit                           0x00000159   Thumb Code     0  rtexit2.o(.ARM.Collect$$rtexit$$00000004)
    __rt_entry                               0x00000161   Thumb Code    32  rtx_conf_cm.o(.emb_text)
    rt_set_PSP                               0x00000185   Thumb Code     6  hal_cm3.o(.emb_text)
    rt_get_PSP                               0x0000018b   Thumb Code     6  hal_cm3.o(.emb_text)
    os_set_env                               0x00000191   Thumb Code    24  hal_cm3.o(.emb_text)
    _alloc_box                               0x000001ad   Thumb Code    28  hal_cm3.o(.emb_text)
    _free_box                                0x000001cd   Thumb Code    28  hal_cm3.o(.emb_text)
    SVC_Handler                              0x000001ed   Thumb Code   108  hal_cm3.o(.emb_text)
    PendSV_Handler                           0x00000265   Thumb Code    56  hal_cm3.o(.emb_text)
    SysTick_Handler                          0x000002a1   Thumb Code     8  hal_cm3.o(.emb_text)
    OS_Tick_Handler                          0x000002a9   Thumb Code    12  hal_cm3.o(.emb_text)
    Reset_Handler                            0x000002b5   Thumb Code     8  startup_lpc17xx.o(.text)
    NMI_Handler                              0x000002bd   Thumb Code     2  startup_lpc17xx.o(.text)
    HardFault_Handler                        0x000002bf   Thumb Code     2  startup_lpc17xx.o(.text)
    MemManage_Handler                        0x000002c1   Thumb Code     2  startup_lpc17xx.o(.text)
    BusFault_Handler                         0x000002c3   Thumb Code     2  startup_lpc17xx.o(.text)
    UsageFault_Handler                       0x000002c5   Thumb Code     2  startup_lpc17xx.o(.text)
    DebugMon_Handler                         0x000002c9   Thumb Code     2  startup_lpc17xx.o(.text)
    ADC_IRQHandler                           0x000002cf   Thumb Code     0  startup_lpc17xx.o(.text)
    BOD_IRQHandler                           0x000002cf   Thumb Code     0  startup_lpc17xx.o(.text)
    CANActivity_IRQHandler                   0x000002cf   Thumb Code     0  startup_lpc17xx.o(.text)
    CAN_IRQHandler                           0x000002cf   Thumb Code     0  startup_lpc17xx.o(.text)
    DMA_IRQHandler                           0x000002cf   Thumb Code     0  startup_lpc17xx.o(.text)
    EINT0_IRQHandler                         0x000002cf   Thumb Code     0  startup_lpc17xx.o(.text)
    EINT1_IRQHandler                         0x000002cf   Thumb Code     0  startup_lpc17xx.o(.text)
    EINT2_IRQHandler                         0x000002cf   Thumb Code     0  startup_lpc17xx.o(.text)
    EINT3_IRQHandler                         0x000002cf   Thumb Code     0  startup_lpc17xx.o(.text)
    ENET_IRQHandler                          0x000002cf   Thumb Code     0  startup_lpc17xx.o(.text)
    I2C0_IRQHandler                          0x000002cf   Thumb Code     0  startup_lpc17xx.o(.text)
    I2C1_IRQHandler                          0x000002cf   Thumb Code     0  startup_lpc17xx.o(.text)
    I2C2_IRQHandler                          0x000002cf   Thumb Code     0  startup_lpc17xx.o(.text)
    I2S_IRQHandler                           0x000002cf   Thumb Code     0  startup_lpc17xx.o(.text)
    MCPWM_IRQHandler                         0x000002cf   Thumb Code     0  startup_lpc17xx.o(.text)
    PLL0_IRQHandler                          0x000002cf   Thumb Code     0  startup_lpc17xx.o(.text)
    PLL1_IRQHandler                          0x000002cf   Thumb Code     0  startup_lpc17xx.o(.text)
    PWM1_IRQHandler                          0x000002cf   Thumb Code     0  startup_lpc17xx.o(.text)
    QEI_IRQHandler                           0x000002cf   Thumb Code     0  startup_lpc17xx.o(.text)
    RIT_IRQHandler                           0x000002cf   Thumb Code     0  startup_lpc17xx.o(.text)
    RTC_IRQHandler                           0x000002cf   Thumb Code     0  startup_lpc17xx.o(.text)
    SPI_IRQHandler                           0x000002cf   Thumb Code     0  startup_lpc17xx.o(.text)
    SSP0_IRQHandler                          0x000002cf   Thumb Code     0  startup_lpc17xx.o(.text)
    SSP1_IRQHandler                          0x000002cf   Thumb Code     0  startup_lpc17xx.o(.text)
    TIMER0_IRQHandler                        0x000002cf   Thumb Code     0  startup_lpc17xx.o(.text)
    TIMER1_IRQHandler                        0x000002cf   Thumb Code     0  startup_lpc17xx.o(.text)
    TIMER2_IRQHandler                        0x000002cf   Thumb Code     0  startup_lpc17xx.o(.text)
    TIMER3_IRQHandler                        0x000002cf   Thumb Code     0  startup_lpc17xx.o(.text)
    UART0_IRQHandler                         0x000002cf   Thumb Code     0  startup_lpc17xx.o(.text)
    UART1_IRQHandler                         0x000002cf   Thumb Code     0  startup_lpc17xx.o(.text)
    UART2_IRQHandler                         0x000002cf   Thumb Code     0  startup_lpc17xx.o(.text)
    UART3_IRQHandler                         0x000002cf   Thumb Code     0  startup_lpc17xx.o(.text)
    USBActivity_IRQHandler                   0x000002cf   Thumb Code     0  startup_lpc17xx.o(.text)
    USB_IRQHandler                           0x000002cf   Thumb Code     0  startup_lpc17xx.o(.text)
    WDT_IRQHandler                           0x000002cf   Thumb Code     0  startup_lpc17xx.o(.text)
    __user_initial_stackheap                 0x000002d1   Thumb Code     0  startup_lpc17xx.o(.text)
    __user_libspace                          0x000002f1   Thumb Code     8  libspace.o(.text)
    __user_perproc_libspace                  0x000002f1   Thumb Code     0  libspace.o(.text)
    __I$use$semihosting                      0x000002f9   Thumb Code     0  use_no_semi.o(.text)
    __use_no_semihosting_swi                 0x000002f9   Thumb Code     2  use_no_semi.o(.text)
    __semihosting_library_function           0x000002fb   Thumb Code     0  indicate_semi.o(.text)
    os_tick_irqack                           0x000002fb   Thumb Code     2  rt_system.o(i.os_tick_irqack)
    SystemCoreClockUpdate                    0x00000301   Thumb Code   424  system_lpc17xx.o(.text)
    __RL_RTX_VER                             0x00000450   Number         0  rt_system.o ABSOLUTE
    SystemInit                               0x000004a9   Thumb Code   282  system_lpc17xx.o(.text)
    os_idle_demon                            0x00000611   Thumb Code    14  rtx_conf_cm.o(.text)
    os_error                                 0x0000061f   Thumb Code     4  rtx_conf_cm.o(.text)
    __user_perthread_libspace                0x00000623   Thumb Code    26  rtx_conf_cm.o(.text)
    _mutex_initialize                        0x0000063d   Thumb Code    38  rtx_conf_cm.o(.text)
    _mutex_acquire                           0x00000663   Thumb Code    26  rtx_conf_cm.o(.text)
    _mutex_release                           0x0000067d   Thumb Code    22  rtx_conf_cm.o(.text)
    allOff                                   0x000006b1   Thumb Code    34  demo2.o(.text)
    delay                                    0x000006d3   Thumb Code    28  demo2.o(.text)
    job1                                     0x000006ef   Thumb Code    60  demo2.o(.text)
    job2                                     0x0000072b   Thumb Code    60  demo2.o(.text)
    main                                     0x00000767   Thumb Code   106  demo2.o(.text)
    GLCD_Init                                0x000009c1   Thumb Code  1514  glcd_spi_lpc1700.o(.text)
    GLCD_SetWindow                           0x00000fab   Thumb Code   168  glcd_spi_lpc1700.o(.text)
    GLCD_WindowMax                           0x00001053   Thumb Code    26  glcd_spi_lpc1700.o(.text)
    GLCD_PutPixel                            0x0000106d   Thumb Code   118  glcd_spi_lpc1700.o(.text)
    GLCD_SetTextColor                        0x000010e3   Thumb Code     6  glcd_spi_lpc1700.o(.text)
    GLCD_SetBackColor                        0x000010e9   Thumb Code     6  glcd_spi_lpc1700.o(.text)
    GLCD_Clear                               0x000010ef   Thumb Code    42  glcd_spi_lpc1700.o(.text)
    GLCD_DrawChar                            0x00001119   Thumb Code   150  glcd_spi_lpc1700.o(.text)
    GLCD_DisplayChar                         0x000011af   Thumb Code    84  glcd_spi_lpc1700.o(.text)
    GLCD_DisplayString                       0x00001203   Thumb Code    40  glcd_spi_lpc1700.o(.text)
    GLCD_ClearLn                             0x0000122b   Thumb Code    94  glcd_spi_lpc1700.o(.text)
    GLCD_Bargraph                            0x00001289   Thumb Code    98  glcd_spi_lpc1700.o(.text)
    GLCD_Bitmap                              0x000012eb   Thumb Code    82  glcd_spi_lpc1700.o(.text)
    GLCD_ScrollVertical                      0x0000133d   Thumb Code     2  glcd_spi_lpc1700.o(.text)
    GLCD_WrCmd                               0x0000133f   Thumb Code    12  glcd_spi_lpc1700.o(.text)
    GLCD_WrReg                               0x0000134b   Thumb Code    16  glcd_spi_lpc1700.o(.text)
    __user_setup_stackheap                   0x000013cd   Thumb Code    74  sys_stackheap_outer.o(.text)
    __aeabi_uldivmod                         0x00001417   Thumb Code     0  lludivv7m.o(.text)
    _ll_udiv                                 0x00001417   Thumb Code   238  lludivv7m.o(.text)
    __2sprintf                               0x00001505   Thumb Code    34  noretval__2sprintf.o(.text)
    _printf_pre_padding                      0x0000152d   Thumb Code    46  _printf_pad.o(.text)
    _printf_post_padding                     0x0000155b   Thumb Code    36  _printf_pad.o(.text)
    _printf_int_hex                          0x00001581   Thumb Code    88  _printf_hex_int.o(.text)
    _printf_longlong_hex                     0x00001581   Thumb Code     0  _printf_hex_int.o(.text)
    __printf                                 0x000015dd   Thumb Code   310  __printf_flags_wp.o(.text)
    exit                                     0x00001719   Thumb Code    12  exit.o(.text)
    __use_two_region_memory                  0x00001725   Thumb Code     2  heapauxi.o(.text)
    __rt_heap_escrow$2region                 0x00001727   Thumb Code     2  heapauxi.o(.text)
    __rt_heap_expand$2region                 0x00001729   Thumb Code     2  heapauxi.o(.text)
    _printf_int_common                       0x0000172b   Thumb Code   184  _printf_intcommon.o(.text)
    _printf_char_common                      0x000017ef   Thumb Code    32  _printf_char_common.o(.text)
    _sputc                                   0x00001815   Thumb Code    10  _sputc.o(.text)
    _sys_exit                                0x00001821   Thumb Code     8  sys_exit.o(.text)
    SVC_Count                                0x0000182c   Data           4  SVC_Table.o(SVC_TABLE)
    SVC_Table                                0x00001830   Data           0  SVC_Table.o(SVC_TABLE)
    _init_box                                0x00001831   Thumb Code    70  rt_membox.o(i._init_box)
    _is_digit                                0x00001877   Thumb Code    14  __printf_wp.o(i._is_digit)
    dbg_init                                 0x00001885   Thumb Code    34  hal_cm.o(i.dbg_init)
    dbg_task_notify                          0x000018b5   Thumb Code    32  hal_cm.o(i.dbg_task_notify)
    dbg_task_switch                          0x000018d5   Thumb Code    16  hal_cm.o(i.dbg_task_switch)
    isr_mbx_receive                          0x00001911   Thumb Code    80  rt_mailbox.o(i.isr_mbx_receive)
    isr_mbx_send                             0x00001961   Thumb Code    14  rt_mailbox.o(i.isr_mbx_send)
    osKernelInitialize                       0x00001971   Thumb Code    30  rt_cmsis.o(i.osKernelInitialize)
    osKernelStart                            0x00001995   Thumb Code    98  rt_cmsis.o(i.osKernelStart)
    osMessageGet                             0x00001a01   Thumb Code    62  rt_cmsis.o(i.osMessageGet)
    osThreadCreate                           0x00001a45   Thumb Code    38  rt_cmsis.o(i.osThreadCreate)
    osThreadExit                             0x00001a75   Thumb Code    14  rt_cmsis.o(i.osThreadExit)
    osTimerCall                              0x00001a8d   Thumb Code     8  rt_cmsis.o(i.osTimerCall)
    osTimerThread                            0x00001a99   Thumb Code    38  rt_cmsis.o(i.osTimerThread)
    os_tick_init                             0x00001ac5   Thumb Code    32  rt_system.o(i.os_tick_init)
    rt_alloc_box                             0x00001aed   Thumb Code    26  rt_membox.o(i.rt_alloc_box)
    rt_alloc_mem                             0x00001b07   Thumb Code    60  rt_memory.o(i.rt_alloc_mem)
    rt_block                                 0x00001b45   Thumb Code    48  rt_task.o(i.rt_block)
    rt_chk_robin                             0x00001b7d   Thumb Code    60  rt_robin.o(i.rt_chk_robin)
    rt_dec_dly                               0x00001bc5   Thumb Code   102  rt_list.o(i.rt_dec_dly)
    rt_dispatch                              0x00001c35   Thumb Code    60  rt_task.o(i.rt_dispatch)
    rt_evt_psh                               0x00001c79   Thumb Code    76  rt_event.o(i.rt_evt_psh)
    rt_free_box                              0x00001cc9   Thumb Code    32  rt_membox.o(i.rt_free_box)
    rt_free_mem                              0x00001ce9   Thumb Code    40  rt_memory.o(i.rt_free_mem)
    rt_get_first                             0x00001d11   Thumb Code    40  rt_list.o(i.rt_get_first)
    rt_init_mem                              0x00001d81   Thumb Code    26  rt_memory.o(i.rt_init_mem)
    rt_init_robin                            0x00001d9d   Thumb Code    14  rt_robin.o(i.rt_init_robin)
    rt_init_stack                            0x00001db5   Thumb Code    70  hal_cm.o(i.rt_init_stack)
    rt_mbx_check                             0x00001e05   Thumb Code     8  rt_mailbox.o(i.rt_mbx_check)
    rt_mbx_init                              0x00001e0d   Thumb Code    28  rt_mailbox.o(i.rt_mbx_init)
    rt_mbx_psh                               0x00001e29   Thumb Code   234  rt_mailbox.o(i.rt_mbx_psh)
    rt_mbx_wait                              0x00001f19   Thumb Code   170  rt_mailbox.o(i.rt_mbx_wait)
    rt_mut_init                              0x00002005   Thumb Code    16  rt_mutex.o(i.rt_mut_init)
    rt_mut_release                           0x00002015   Thumb Code   150  rt_mutex.o(i.rt_mut_release)
    rt_mut_wait                              0x000020b5   Thumb Code    96  rt_mutex.o(i.rt_mut_wait)
    rt_pop_req                               0x00002119   Thumb Code   106  rt_system.o(i.rt_pop_req)
    rt_psh_req                               0x00002191   Thumb Code    22  rt_system.o(i.rt_psh_req)
    rt_psq_enq                               0x000021b1   Thumb Code    82  rt_list.o(i.rt_psq_enq)
    rt_put_dly                               0x00002209   Thumb Code    68  rt_list.o(i.rt_put_dly)
    rt_put_prio                              0x00002251   Thumb Code    54  rt_list.o(i.rt_put_prio)
    rt_put_rdy_first                         0x00002289   Thumb Code    14  rt_list.o(i.rt_put_rdy_first)
    rt_resort_prio                           0x0000229d   Thumb Code    46  rt_list.o(i.rt_resort_prio)
    rt_ret_val                               0x000022d1   Thumb Code     6  hal_cm.o(i.rt_ret_val)
    rt_ret_val2                              0x000022d7   Thumb Code     8  hal_cm.o(i.rt_ret_val2)
    rt_rmv_dly                               0x000022df   Thumb Code    40  rt_list.o(i.rt_rmv_dly)
    rt_rmv_list                              0x00002309   Thumb Code    44  rt_list.o(i.rt_rmv_list)
    rt_sem_psh                               0x00002339   Thumb Code    48  rt_semaphore.o(i.rt_sem_psh)
    rt_stk_check                             0x0000236d   Thumb Code    28  rt_system.o(i.rt_stk_check)
    rt_switch_req                            0x00002391   Thumb Code    30  rt_task.o(i.rt_switch_req)
    rt_sys_init                              0x000023b9   Thumb Code   200  rt_task.o(i.rt_sys_init)
    rt_sys_start                             0x000024c5   Thumb Code    44  rt_task.o(i.rt_sys_start)
    rt_systick                               0x000024f9   Thumb Code    48  rt_system.o(i.rt_systick)
    rt_tsk_create                            0x00002581   Thumb Code   116  rt_task.o(i.rt_tsk_create)
    rt_tsk_delete                            0x00002605   Thumb Code   162  rt_task.o(i.rt_tsk_delete)
    rt_tsk_prio                              0x000026c1   Thumb Code    98  rt_task.o(i.rt_tsk_prio)
    rt_tsk_self                              0x00002735   Thumb Code    12  rt_task.o(i.rt_tsk_self)
    svcKernelInitialize                      0x00002745   Thumb Code    78  rt_cmsis.o(i.svcKernelInitialize)
    svcKernelStart                           0x000027b5   Thumb Code    46  rt_cmsis.o(i.svcKernelStart)
    svcMessageCreate                         0x000027ed   Thumb Code    36  rt_cmsis.o(i.svcMessageCreate)
    svcMessageGet                            0x00002811   Thumb Code    58  rt_cmsis.o(i.svcMessageGet)
    svcThreadCreate                          0x0000284d   Thumb Code   100  rt_cmsis.o(i.svcThreadCreate)
    svcThreadGetId                           0x000028bd   Thumb Code    22  rt_cmsis.o(i.svcThreadGetId)
    svcThreadTerminate                       0x000028d9   Thumb Code    50  rt_cmsis.o(i.svcThreadTerminate)
    svcTimerCall                             0x00002911   Thumb Code    24  rt_cmsis.o(i.svcTimerCall)
    sysTimerTick                             0x00002929   Thumb Code    76  rt_cmsis.o(i.sysTimerTick)
    os_maxtaskrun                            0x0000297c   Data           2  rtx_conf_cm.o(.constdata)
    os_stackinfo                             0x00002980   Data           4  rtx_conf_cm.o(.constdata)
    os_rrobin                                0x00002984   Data           4  rtx_conf_cm.o(.constdata)
    os_tickfreq                              0x00002988   Data           4  rtx_conf_cm.o(.constdata)
    os_tickus_i                              0x0000298c   Data           2  rtx_conf_cm.o(.constdata)
    os_tickus_f                              0x0000298e   Data           2  rtx_conf_cm.o(.constdata)
    os_trv                                   0x00002990   Data           4  rtx_conf_cm.o(.constdata)
    os_flags                                 0x00002994   Data           1  rtx_conf_cm.o(.constdata)
    os_clockrate                             0x00002998   Data           4  rtx_conf_cm.o(.constdata)
    os_timernum                              0x0000299c   Data           4  rtx_conf_cm.o(.constdata)
    mp_tcb_size                              0x000029a0   Data           2  rtx_conf_cm.o(.constdata)
    mp_stk_size                              0x000029a4   Data           4  rtx_conf_cm.o(.constdata)
    os_stack_sz                              0x000029a8   Data           4  rtx_conf_cm.o(.constdata)
    os_fifo_size                             0x000029ac   Data           1  rtx_conf_cm.o(.constdata)
    os_thread_def_osTimerThread              0x000029b0   Data          16  rtx_conf_cm.o(.constdata)
    os_messageQ_def_osTimerMessageQ          0x000029c0   Data           8  rtx_conf_cm.o(.constdata)
    mp_tmr_size                              0x000029c8   Data           2  rtx_conf_cm.o(.constdata)
    Font_6x8_h                               0x000029ca   Data         896  glcd_spi_lpc1700.o(.constdata)
    Font_16x24_h                             0x00002d4a   Data        5376  glcd_spi_lpc1700.o(.constdata)
    Region$$Table$$Base                      0x00004284   Number         0  anon$$obj.o(Region$$Table)
    Region$$Table$$Limit                     0x000042a4   Number         0  anon$$obj.o(Region$$Table)
    SystemCoreClock                          0x10000000   Data           4  system_lpc17xx.o(.data)
    countIDLE                                0x10000004   Data           4  rtx_conf_cm.o(.data)
    os_tmr                                   0x10000008   Data           4  rtx_conf_cm.o(.data)
    m_tmr                                    0x1000000c   Data           4  rtx_conf_cm.o(.data)
    os_thread_def_main                       0x10000010   Data          16  rtx_conf_cm.o(.data)
    osThreadId_osTimerThread                 0x10000020   Data           4  rtx_conf_cm.o(.data)
    osMessageQId_osTimerMessageQ             0x10000024   Data           4  rtx_conf_cm.o(.data)
    cnt1                                     0x1000002c   Data           4  demo2.o(.data)
    cnt2                                     0x10000030   Data           4  demo2.o(.data)
    temp                                     0x10000034   Data           4  demo2.o(.data)
    led1                                     0x10000038   Data           4  demo2.o(.data)
    led2                                     0x1000003c   Data           4  demo2.o(.data)
    led3                                     0x10000040   Data           4  demo2.o(.data)
    led5                                     0x10000044   Data           4  demo2.o(.data)
    led7                                     0x10000048   Data           4  demo2.o(.data)
    id1                                      0x1000004c   Data           4  demo2.o(.data)
    id2                                      0x10000050   Data           4  demo2.o(.data)
    os_initialized                           0x1000005c   Data           1  rt_cmsis.o(.data)
    os_running                               0x1000005d   Data           1  rt_cmsis.o(.data)
    os_timer_head                            0x10000060   Data           4  rt_cmsis.o(.data)
    os_tsk                                   0x10000064   Data           8  rt_task.o(.data)
    os_tick_irqn                             0x10000070   Data           4  rt_system.o(.data)
    os_time                                  0x10000074   Data           4  rt_time.o(.data)
    os_robin                                 0x10000078   Data           8  rt_robin.o(.data)
    dbg_msg                                  0x10000080   Data           1  hal_cm.o(.data)
    mp_tcb                                   0x10000088   Data         348  rtx_conf_cm.o(.bss)
    mp_stk                                   0x100001e8   Data        1216  rtx_conf_cm.o(.bss)
    os_stack_mem                             0x100006a8   Data         432  rtx_conf_cm.o(.bss)
    os_fifo                                  0x10000858   Data         132  rtx_conf_cm.o(.bss)
    os_active_TCB                            0x100008dc   Data          28  rtx_conf_cm.o(.bss)
    os_messageQ_q_osTimerMessageQ            0x100008f8   Data          32  rtx_conf_cm.o(.bss)
    val                                      0x10000c18   Data          20  demo2.o(.bss)
    os_idle_TCB                              0x10000c2c   Data          48  rt_task.o(.bss)
    os_rdy                                   0x10000c5c   Data          24  rt_list.o(.bss)
    os_dly                                   0x10000c74   Data          24  rt_list.o(.bss)
    __libspace_start                         0x10000c8c   Data          96  libspace.o(.bss)
    __temporary_stack_top$libspace           0x10000cec   Data           0  libspace.o(.bss)



==============================================================================

Memory Map of the image

  Image Entry point : 0x000000cd

  Load Region LR_IROM1 (Base: 0x00000000, Size: 0x00004328, Max: 0x00080000, ABSOLUTE)

    Execution Region ER_IROM1 (Base: 0x00000000, Size: 0x000042a4, Max: 0x00080000, ABSOLUTE)

    Base Addr    Size         Type   Attr      Idx    E Section Name        Object

    0x00000000   0x000000cc   Data   RO            3    RESET               startup_lpc17xx.o
    0x000000cc   0x00000008   Code   RO         1390  * !!!main             c_w.l(__main.o)
    0x000000d4   0x00000034   Code   RO         1534    !!!scatter          c_w.l(__scatter.o)
    0x00000108   0x0000001a   Code   RO         1536    !!handler_copy      c_w.l(__scatter_copy.o)
    0x00000122   0x00000002   PAD
    0x00000124   0x0000001c   Code   RO         1538    !!handler_zi        c_w.l(__scatter_zi.o)
    0x00000140   0x00000000   Code   RO         1384    .ARM.Collect$$_printf_percent$$00000000  c_w.l(_printf_percent.o)
    0x00000140   0x00000006   Code   RO         1383    .ARM.Collect$$_printf_percent$$0000000C  c_w.l(_printf_x.o)
    0x00000146   0x00000004   Code   RO         1404    .ARM.Collect$$_printf_percent$$00000017  c_w.l(_printf_percent_end.o)
    0x0000014a   0x00000002   Code   RO         1389    .ARM.Collect$$libinit$$00000000  c_w.l(libinit.o)
    0x0000014c   0x00000000   Code   RO         1406    .ARM.Collect$$libinit$$00000002  c_w.l(libinit2.o)
    0x0000014c   0x00000000   Code   RO         1409    .ARM.Collect$$libinit$$00000008  c_w.l(libinit2.o)
    0x0000014c   0x00000000   Code   RO         1411    .ARM.Collect$$libinit$$0000000A  c_w.l(libinit2.o)
    0x0000014c   0x00000000   Code   RO         1413    .ARM.Collect$$libinit$$0000000C  c_w.l(libinit2.o)
    0x0000014c   0x00000000   Code   RO         1416    .ARM.Collect$$libinit$$0000000F  c_w.l(libinit2.o)
    0x0000014c   0x00000000   Code   RO         1418    .ARM.Collect$$libinit$$00000011  c_w.l(libinit2.o)
    0x0000014c   0x00000000   Code   RO         1420    .ARM.Collect$$libinit$$00000013  c_w.l(libinit2.o)
    0x0000014c   0x00000000   Code   RO         1422    .ARM.Collect$$libinit$$00000015  c_w.l(libinit2.o)
    0x0000014c   0x00000000   Code   RO         1424    .ARM.Collect$$libinit$$00000017  c_w.l(libinit2.o)
    0x0000014c   0x00000000   Code   RO         1426    .ARM.Collect$$libinit$$00000019  c_w.l(libinit2.o)
    0x0000014c   0x00000000   Code   RO         1428    .ARM.Collect$$libinit$$0000001B  c_w.l(libinit2.o)
    0x0000014c   0x00000000   Code   RO         1430    .ARM.Collect$$libinit$$0000001D  c_w.l(libinit2.o)
    0x0000014c   0x00000000   Code   RO         1432    .ARM.Collect$$libinit$$0000001F  c_w.l(libinit2.o)
    0x0000014c   0x00000000   Code   RO         1434    .ARM.Collect$$libinit$$00000021  c_w.l(libinit2.o)
    0x0000014c   0x00000000   Code   RO         1436    .ARM.Collect$$libinit$$00000023  c_w.l(libinit2.o)
    0x0000014c   0x00000000   Code   RO         1440    .ARM.Collect$$libinit$$0000002A  c_w.l(libinit2.o)
    0x0000014c   0x00000000   Code   RO         1442    .ARM.Collect$$libinit$$0000002C  c_w.l(libinit2.o)
    0x0000014c   0x00000000   Code   RO         1444    .ARM.Collect$$libinit$$0000002E  c_w.l(libinit2.o)
    0x0000014c   0x00000000   Code   RO         1446    .ARM.Collect$$libinit$$00000030  c_w.l(libinit2.o)
    0x0000014c   0x00000002   Code   RO         1447    .ARM.Collect$$libinit$$00000031  c_w.l(libinit2.o)
    0x0000014e   0x00000002   Code   RO         1475    .ARM.Collect$$libshutdown$$00000000  c_w.l(libshutdown.o)
    0x00000150   0x00000000   Code   RO         1495    .ARM.Collect$$libshutdown$$00000003  c_w.l(libshutdown2.o)
    0x00000150   0x00000000   Code   RO         1498    .ARM.Collect$$libshutdown$$00000006  c_w.l(libshutdown2.o)
    0x00000150   0x00000000   Code   RO         1501    .ARM.Collect$$libshutdown$$00000009  c_w.l(libshutdown2.o)
    0x00000150   0x00000000   Code   RO         1503    .ARM.Collect$$libshutdown$$0000000B  c_w.l(libshutdown2.o)
    0x00000150   0x00000000   Code   RO         1506    .ARM.Collect$$libshutdown$$0000000E  c_w.l(libshutdown2.o)
    0x00000150   0x00000002   Code   RO         1507    .ARM.Collect$$libshutdown$$0000000F  c_w.l(libshutdown2.o)
    0x00000152   0x00000002   Code   RO         1392    .ARM.Collect$$rtexit$$00000000  c_w.l(rtexit.o)
    0x00000154   0x00000000   Code   RO         1449    .ARM.Collect$$rtexit$$00000002  c_w.l(rtexit2.o)
    0x00000154   0x00000004   Code   RO         1450    .ARM.Collect$$rtexit$$00000003  c_w.l(rtexit2.o)
    0x00000158   0x00000006   Code   RO         1451    .ARM.Collect$$rtexit$$00000004  c_w.l(rtexit2.o)
    0x0000015e   0x00000002   PAD
    0x00000160   0x00000024   Code   RO           56    .emb_text           rtx_conf_cm.o
    0x00000184   0x00000130   Code   RO          857    .emb_text           RTX_CM3.lib(hal_cm3.o)
    0x000002b4   0x0000003c   Code   RO            5    .text               startup_lpc17xx.o
    0x000002f0   0x00000008   Code   RO         1327    .text               c_w.l(libspace.o)
    0x000002f8   0x00000002   Code   RO         1478    .text               c_w.l(use_no_semi.o)
    0x000002fa   0x00000000   Code   RO         1480    .text               c_w.l(indicate_semi.o)
    0x000002fa   0x00000002   Code   RO          869    i.os_tick_irqack    RTX_CM3.lib(rt_system.o)
    0x000002fc   0x00000004   Code   RO            4    .ARM.__at_0x02FC    startup_lpc17xx.o
    0x00000300   0x00000310   Code   RO           15    .text               system_lpc17xx.o
    0x00000610   0x000000a0   Code   RO           57    .text               rtx_conf_cm.o
    0x000006b0   0x00000178   Code   RO           89    .text               demo2.o
    0x00000828   0x00000ba4   Code   RO          127    .text               glcd_spi_lpc1700.o
    0x000013cc   0x0000004a   Code   RO         1330    .text               c_w.l(sys_stackheap_outer.o)
    0x00001416   0x000000ee   Code   RO         1332    .text               c_w.l(lludivv7m.o)
    0x00001504   0x00000028   Code   RO         1336    .text               c_w.l(noretval__2sprintf.o)
    0x0000152c   0x00000052   Code   RO         1340    .text               c_w.l(_printf_pad.o)
    0x0000157e   0x00000002   PAD
    0x00001580   0x0000005c   Code   RO         1345    .text               c_w.l(_printf_hex_int.o)
    0x000015dc   0x0000013c   Code   RO         1375    .text               c_w.l(__printf_flags_wp.o)
    0x00001718   0x0000000c   Code   RO         1385    .text               c_w.l(exit.o)
    0x00001724   0x00000006   Code   RO         1387    .text               c_w.l(heapauxi.o)
    0x0000172a   0x000000b8   Code   RO         1398    .text               c_w.l(_printf_intcommon.o)
    0x000017e2   0x00000002   PAD
    0x000017e4   0x00000030   Code   RO         1400    .text               c_w.l(_printf_char_common.o)
    0x00001814   0x0000000a   Code   RO         1402    .text               c_w.l(_sputc.o)
    0x0000181e   0x00000002   PAD
    0x00001820   0x0000000c   Code   RO         1463    .text               c_w.l(sys_exit.o)
    0x0000182c   0x00000004   Code   RO         1274    SVC_TABLE           RTX_CM3.lib(SVC_Table.o)
    0x00001830   0x00000046   Code   RO         1221    i._init_box         RTX_CM3.lib(rt_membox.o)
    0x00001876   0x0000000e   Code   RO         1373    i._is_digit         c_w.l(__printf_wp.o)
    0x00001884   0x00000030   Code   RO         1277    i.dbg_init          RTX_CM3.lib(hal_cm.o)
    0x000018b4   0x00000020   Code   RO         1278    i.dbg_task_notify   RTX_CM3.lib(hal_cm.o)
    0x000018d4   0x00000010   Code   RO         1279    i.dbg_task_switch   RTX_CM3.lib(hal_cm.o)
    0x000018e4   0x0000002c   Code   RO          168    i.isrMessagePut     RTX_CM3.lib(rt_cmsis.o)
    0x00001910   0x00000050   Code   RO         1076    i.isr_mbx_receive   RTX_CM3.lib(rt_mailbox.o)
    0x00001960   0x0000000e   Code   RO         1077    i.isr_mbx_send      RTX_CM3.lib(rt_mailbox.o)
    0x0000196e   0x00000002   PAD
    0x00001970   0x00000024   Code   RO          170    i.osKernelInitialize  RTX_CM3.lib(rt_cmsis.o)
    0x00001994   0x0000006c   Code   RO          172    i.osKernelStart     RTX_CM3.lib(rt_cmsis.o)
    0x00001a00   0x00000044   Code   RO          181    i.osMessageGet      RTX_CM3.lib(rt_cmsis.o)
    0x00001a44   0x00000030   Code   RO          198    i.osThreadCreate    RTX_CM3.lib(rt_cmsis.o)
    0x00001a74   0x00000018   Code   RO          199    i.osThreadExit      RTX_CM3.lib(rt_cmsis.o)
    0x00001a8c   0x0000000c   Code   RO          205    i.osTimerCall       RTX_CM3.lib(rt_cmsis.o)
    0x00001a98   0x0000002c   Code   RO          210    i.osTimerThread     RTX_CM3.lib(rt_cmsis.o)
    0x00001ac4   0x00000028   Code   RO          868    i.os_tick_init      RTX_CM3.lib(rt_system.o)
    0x00001aec   0x0000001a   Code   RO         1222    i.rt_alloc_box      RTX_CM3.lib(rt_membox.o)
    0x00001b06   0x0000003c   Code   RO         1250    i.rt_alloc_mem      RTX_CM3.lib(rt_memory.o)
    0x00001b42   0x00000002   PAD
    0x00001b44   0x00000038   Code   RO          743    i.rt_block          RTX_CM3.lib(rt_task.o)
    0x00001b7c   0x00000048   Code   RO         1199    i.rt_chk_robin      RTX_CM3.lib(rt_robin.o)
    0x00001bc4   0x00000070   Code   RO         1000    i.rt_dec_dly        RTX_CM3.lib(rt_list.o)
    0x00001c34   0x00000044   Code   RO          744    i.rt_dispatch       RTX_CM3.lib(rt_task.o)
    0x00001c78   0x00000050   Code   RO          961    i.rt_evt_psh        RTX_CM3.lib(rt_event.o)
    0x00001cc8   0x00000020   Code   RO         1223    i.rt_free_box       RTX_CM3.lib(rt_membox.o)
    0x00001ce8   0x00000028   Code   RO         1251    i.rt_free_mem       RTX_CM3.lib(rt_memory.o)
    0x00001d10   0x00000028   Code   RO         1001    i.rt_get_first      RTX_CM3.lib(rt_list.o)
    0x00001d38   0x00000008   Code   RO          213    i.rt_id2obj         RTX_CM3.lib(rt_cmsis.o)
    0x00001d40   0x00000040   Code   RO          745    i.rt_init_context   RTX_CM3.lib(rt_task.o)
    0x00001d80   0x0000001a   Code   RO         1252    i.rt_init_mem       RTX_CM3.lib(rt_memory.o)
    0x00001d9a   0x00000002   PAD
    0x00001d9c   0x00000018   Code   RO         1200    i.rt_init_robin     RTX_CM3.lib(rt_robin.o)
    0x00001db4   0x00000050   Code   RO         1280    i.rt_init_stack     RTX_CM3.lib(hal_cm.o)
    0x00001e04   0x00000008   Code   RO         1078    i.rt_mbx_check      RTX_CM3.lib(rt_mailbox.o)
    0x00001e0c   0x0000001c   Code   RO         1079    i.rt_mbx_init       RTX_CM3.lib(rt_mailbox.o)
    0x00001e28   0x000000f0   Code   RO         1080    i.rt_mbx_psh        RTX_CM3.lib(rt_mailbox.o)
    0x00001f18   0x000000b0   Code   RO         1082    i.rt_mbx_wait       RTX_CM3.lib(rt_mailbox.o)
    0x00001fc8   0x0000003c   Code   RO          214    i.rt_ms2tick        RTX_CM3.lib(rt_cmsis.o)
    0x00002004   0x00000010   Code   RO          828    i.rt_mut_init       RTX_CM3.lib(rt_mutex.o)
    0x00002014   0x000000a0   Code   RO          829    i.rt_mut_release    RTX_CM3.lib(rt_mutex.o)
    0x000020b4   0x00000064   Code   RO          830    i.rt_mut_wait       RTX_CM3.lib(rt_mutex.o)
    0x00002118   0x00000078   Code   RO          872    i.rt_pop_req        RTX_CM3.lib(rt_system.o)
    0x00002190   0x00000020   Code   RO          873    i.rt_psh_req        RTX_CM3.lib(rt_system.o)
    0x000021b0   0x00000058   Code   RO         1003    i.rt_psq_enq        RTX_CM3.lib(rt_list.o)
    0x00002208   0x00000048   Code   RO         1004    i.rt_put_dly        RTX_CM3.lib(rt_list.o)
    0x00002250   0x00000036   Code   RO         1005    i.rt_put_prio       RTX_CM3.lib(rt_list.o)
    0x00002286   0x00000002   PAD
    0x00002288   0x00000014   Code   RO         1006    i.rt_put_rdy_first  RTX_CM3.lib(rt_list.o)
    0x0000229c   0x00000034   Code   RO         1007    i.rt_resort_prio    RTX_CM3.lib(rt_list.o)
    0x000022d0   0x00000006   Code   RO         1281    i.rt_ret_val        RTX_CM3.lib(hal_cm.o)
    0x000022d6   0x00000008   Code   RO         1282    i.rt_ret_val2       RTX_CM3.lib(hal_cm.o)
    0x000022de   0x00000028   Code   RO         1008    i.rt_rmv_dly        RTX_CM3.lib(rt_list.o)
    0x00002306   0x00000002   PAD
    0x00002308   0x00000030   Code   RO         1009    i.rt_rmv_list       RTX_CM3.lib(rt_list.o)
    0x00002338   0x00000034   Code   RO         1127    i.rt_sem_psh        RTX_CM3.lib(rt_semaphore.o)
    0x0000236c   0x00000024   Code   RO          875    i.rt_stk_check      RTX_CM3.lib(rt_system.o)
    0x00002390   0x00000028   Code   RO          746    i.rt_switch_req     RTX_CM3.lib(rt_task.o)
    0x000023b8   0x0000010c   Code   RO          747    i.rt_sys_init       RTX_CM3.lib(rt_task.o)
    0x000024c4   0x00000034   Code   RO          748    i.rt_sys_start      RTX_CM3.lib(rt_task.o)
    0x000024f8   0x0000003c   Code   RO          877    i.rt_systick        RTX_CM3.lib(rt_system.o)
    0x00002534   0x00000012   Code   RO          215    i.rt_tid2ptcb       RTX_CM3.lib(rt_cmsis.o)
    0x00002546   0x00000002   PAD
    0x00002548   0x00000038   Code   RO          216    i.rt_timer_insert   RTX_CM3.lib(rt_cmsis.o)
    0x00002580   0x00000084   Code   RO          749    i.rt_tsk_create     RTX_CM3.lib(rt_task.o)
    0x00002604   0x000000bc   Code   RO          750    i.rt_tsk_delete     RTX_CM3.lib(rt_task.o)
    0x000026c0   0x00000074   Code   RO          752    i.rt_tsk_prio       RTX_CM3.lib(rt_task.o)
    0x00002734   0x00000010   Code   RO          753    i.rt_tsk_self       RTX_CM3.lib(rt_task.o)
    0x00002744   0x00000070   Code   RO          219    i.svcKernelInitialize  RTX_CM3.lib(rt_cmsis.o)
    0x000027b4   0x00000038   Code   RO          221    i.svcKernelStart    RTX_CM3.lib(rt_cmsis.o)
    0x000027ec   0x00000024   Code   RO          224    i.svcMessageCreate  RTX_CM3.lib(rt_cmsis.o)
    0x00002810   0x0000003a   Code   RO          225    i.svcMessageGet     RTX_CM3.lib(rt_cmsis.o)
    0x0000284a   0x00000002   PAD
    0x0000284c   0x00000070   Code   RO          239    i.svcThreadCreate   RTX_CM3.lib(rt_cmsis.o)
    0x000028bc   0x0000001c   Code   RO          240    i.svcThreadGetId    RTX_CM3.lib(rt_cmsis.o)
    0x000028d8   0x00000038   Code   RO          243    i.svcThreadTerminate  RTX_CM3.lib(rt_cmsis.o)
    0x00002910   0x00000018   Code   RO          245    i.svcTimerCall      RTX_CM3.lib(rt_cmsis.o)
    0x00002928   0x00000054   Code   RO          254    i.sysTimerTick      RTX_CM3.lib(rt_cmsis.o)
    0x0000297c   0x0000004e   Data   RO           59    .constdata          rtx_conf_cm.o
    0x000029ca   0x00001880   Data   RO          128    .constdata          glcd_spi_lpc1700.o
    0x0000424a   0x00000028   Data   RO         1346    .constdata          c_w.l(_printf_hex_int.o)
    0x00004272   0x00000011   Data   RO         1376    .constdata          c_w.l(__printf_flags_wp.o)
    0x00004283   0x00000001   PAD
    0x00004284   0x00000020   Data   RO         1532    Region$$Table       anon$$obj.o


    Execution Region RW_IRAM1 (Base: 0x10000000, Size: 0x00000ef0, Max: 0x00008000, ABSOLUTE)

    Base Addr    Size         Type   Attr      Idx    E Section Name        Object

    0x10000000   0x00000004   Data   RW           16    .data               system_lpc17xx.o
    0x10000004   0x00000028   Data   RW           60    .data               rtx_conf_cm.o
    0x1000002c   0x00000028   Data   RW           91    .data               demo2.o
    0x10000054   0x00000005   Data   RW          129    .data               glcd_spi_lpc1700.o
    0x10000059   0x00000003   PAD
    0x1000005c   0x00000008   Data   RW          255    .data               RTX_CM3.lib(rt_cmsis.o)
    0x10000064   0x00000008   Data   RW          755    .data               RTX_CM3.lib(rt_task.o)
    0x1000006c   0x00000008   Data   RW          880    .data               RTX_CM3.lib(rt_system.o)
    0x10000074   0x00000004   Data   RW         1170    .data               RTX_CM3.lib(rt_time.o)
    0x10000078   0x00000008   Data   RW         1201    .data               RTX_CM3.lib(rt_robin.o)
    0x10000080   0x00000001   Data   RW         1283    .data               RTX_CM3.lib(hal_cm.o)
    0x10000081   0x00000007   PAD
    0x10000088   0x00000b90   Zero   RW           58    .bss                rtx_conf_cm.o
    0x10000c18   0x00000014   Zero   RW           90    .bss                demo2.o
    0x10000c2c   0x00000030   Zero   RW          754    .bss                RTX_CM3.lib(rt_task.o)
    0x10000c5c   0x00000030   Zero   RW         1010    .bss                RTX_CM3.lib(rt_list.o)
    0x10000c8c   0x00000060   Zero   RW         1328    .bss                c_w.l(libspace.o)
    0x10000cec   0x00000004   PAD
    0x10000cf0   0x00000000   Zero   RW            2    HEAP                startup_lpc17xx.o
    0x10000cf0   0x00000200   Zero   RW            1    STACK               startup_lpc17xx.o


==============================================================================

Image component sizes


      Code (inc. data)   RO Data    RW Data    ZI Data      Debug   Object Name

       376         88          0         40         20       9160   demo2.o
      2980         62       6272          5          0       8796   glcd_spi_lpc1700.o
       196         36         78         40       2960       7810   rtx_conf_cm.o
        64         26        204          0        512        848   startup_lpc17xx.o
       784         78          0          4          0       5141   system_lpc17xx.o

    ----------------------------------------------------------------------
      4400        290       6586         92       3492      31755   Object Totals
         0          0         32          0          0          0   (incl. Generated)
         0          0          0          3          0          0   (incl. Padding)

    ----------------------------------------------------------------------

      Code (inc. data)   RO Data    RW Data    ZI Data      Debug   Library Member Name

         4          4          0          0          0        148   SVC_Table.o
       190         24          0          1          0       2572   hal_cm.o
       304         36          0          0          0        708   hal_cm3.o
      1092        144          0          8          0      26414   rt_cmsis.o
        80          4          0          0          0        517   rt_event.o
       526         36          0          0         48       6777   rt_list.o
       546         12          0          0          0       3081   rt_mailbox.o
       128          0          0          0          0       1529   rt_membox.o
       126          0          0          0          0       1847   rt_memory.o
       276         14          0          0          0       1581   rt_mutex.o
        96         22          0          8          0        990   rt_robin.o
        52          4          0          0          0        461   rt_semaphore.o
       290         52          0          8          0       5479   rt_system.o
      1000        170          0          8         48       7869   rt_task.o
         0          0          0          4          0        162   rt_time.o
         8          0          0          0          0         68   __main.o
       316          6         17          0          0         92   __printf_flags_wp.o
        14          0          0          0          0         68   __printf_wp.o
        52          8          0          0          0          0   __scatter.o
        26          0          0          0          0          0   __scatter_copy.o
        28          0          0          0          0          0   __scatter_zi.o
        48          6          0          0          0         96   _printf_char_common.o
        92          4         40          0          0         88   _printf_hex_int.o
       184          0          0          0          0         88   _printf_intcommon.o
        82          0          0          0          0        108   _printf_pad.o
         0          0          0          0          0          0   _printf_percent.o
         4          0          0          0          0          0   _printf_percent_end.o
         6          0          0          0          0          0   _printf_x.o
        10          0          0          0          0         68   _sputc.o
        12          0          0          0          0         72   exit.o
         6          0          0          0          0        152   heapauxi.o
         0          0          0          0          0          0   indicate_semi.o
         2          0          0          0          0          0   libinit.o
         2          0          0          0          0          0   libinit2.o
         2          0          0          0          0          0   libshutdown.o
         2          0          0          0          0          0   libshutdown2.o
         8          4          0          0         96         68   libspace.o
       238          0          0          0          0        100   lludivv7m.o
        40          6          0          0          0         84   noretval__2sprintf.o
         2          0          0          0          0          0   rtexit.o
        10          0          0          0          0          0   rtexit2.o
        12          4          0          0          0         68   sys_exit.o
        74          0          0          0          0         80   sys_stackheap_outer.o
         2          0          0          0          0         68   use_no_semi.o

    ----------------------------------------------------------------------
      6016        560         58         40        200      61503   Library Totals
        24          0          1          3          8          0   (incl. Padding)

    ----------------------------------------------------------------------

      Code (inc. data)   RO Data    RW Data    ZI Data      Debug   Library Name

      4710        522          0         37         96      60135   RTX_CM3.lib
      1282         38         57          0         96       1368   c_w.l

    ----------------------------------------------------------------------
      6016        560         58         40        200      61503   Library Totals

    ----------------------------------------------------------------------

==============================================================================


      Code (inc. data)   RO Data    RW Data    ZI Data      Debug   

     10416        850       6644        132       3692      88474   Grand Totals
     10416        850       6644        132       3692      88474   ELF Image Totals
     10416        850       6644        132          0          0   ROM Totals

==============================================================================

    Total RO  Size (Code + RO Data)                17060 (  16.66kB)
    Total RW  Size (RW Data + ZI Data)              3824 (   3.73kB)
    Total ROM Size (Code + RO Data + RW Data)      17192 (  16.79kB)

==============================================================================

