<html>
<body>
<pre>
<h1>µVision Build Log</h1>
<h2>Project:</h2>
S:\COE718\Lab_3b\part1\part1.uvproj
Project File Date:  10/28/2019

<h2>Output:</h2>
Rebuild target 'LPC1768'
assembling startup_LPC17xx.s...
compiling system_LPC17xx.c...
compiling Demo-1.c...
Demo-1.c(31): warning:  #167-D: argument of type "char *" is incompatible with parameter of type "unsigned char *"
        GLCD_DisplayString(4, 12, __FI, out);
Demo-1.c(48): warning:  #167-D: argument of type "char *" is incompatible with parameter of type "unsigned char *"
        GLCD_DisplayString(5, 12, __FI, out);
Demo-1.c(61): warning:  #167-D: argument of type "char *" is incompatible with parameter of type "unsigned char *"
        GLCD_DisplayString(6, 12, __FI, out);
Demo-1.c(82): warning:  #167-D: argument of type "char *" is incompatible with parameter of type "unsigned char *"
        GLCD_DisplayString(7, 12, __FI, out);
Demo-1.c(97): warning:  #167-D: argument of type "char *" is incompatible with parameter of type "unsigned char *"
        GLCD_DisplayString(8, 12, __FI, out);
Demo-1.c: 5 warnings, 0 errors
compiling ADC.c...
compiling GLCD_SPI_LPC1700.c...
compiling LED.c...
compiling RTX_Conf_CM.c...
RTX_Conf_CM.c(277): warning:  #1-D: last line of file ends without a newline
   *---------------------------------------------------------------------------*/
RTX_Conf_CM.c: 1 warning, 0 errors
linking...
Program Size: Code=17212 RO-data=6812 RW-data=152 ZI-data=30960  
".\part1.axf" - 0 Error(s), 6 Warning(s).
Load "S:\\COE718\\Lab_3b\\part1\\part1.axf" 
Erase Done.
Programming Done.
Verify OK.
part1.axf" 
Internal DLL Error
Error: Flash Download failed  -  Target DLL has been cancelled
Load "S:\\COE718\\Lab_3b\\part1\\part1.axf" 
Erase Done.
Programming Done.
Verify OK.
