ARM Linker, 5.03 [Build 76] [MDK-ARM Professional]

==============================================================================

Section Cross References

    startup_lpc17xx.o(STACK) refers (Special) to heapauxi.o(.text) for __use_two_region_memory
    startup_lpc17xx.o(HEAP) refers (Special) to heapauxi.o(.text) for __use_two_region_memory
    startup_lpc17xx.o(RESET) refers (Special) to heapauxi.o(.text) for __use_two_region_memory
    startup_lpc17xx.o(RESET) refers to startup_lpc17xx.o(STACK) for __initial_sp
    startup_lpc17xx.o(RESET) refers to startup_lpc17xx.o(.text) for Reset_Handler
    startup_lpc17xx.o(RESET) refers to hal_cm3.o(.emb_text) for SVC_Handler
    startup_lpc17xx.o(.ARM.__at_0x02FC) refers (Special) to heapauxi.o(.text) for __use_two_region_memory
    startup_lpc17xx.o(.text) refers (Special) to heapauxi.o(.text) for __use_two_region_memory
    startup_lpc17xx.o(.text) refers to system_lpc17xx.o(.text) for SystemInit
    startup_lpc17xx.o(.text) refers to __main.o(!!!main) for __main
    startup_lpc17xx.o(.text) refers to startup_lpc17xx.o(HEAP) for Heap_Mem
    startup_lpc17xx.o(.text) refers to startup_lpc17xx.o(STACK) for Stack_Mem
    system_lpc17xx.o(.text) refers to lludivv7m.o(.text) for __aeabi_uldivmod
    system_lpc17xx.o(.text) refers to system_lpc17xx.o(.data) for SystemCoreClock
    demo-1.o(.text) refers to rt_cmsis.o(i.osThreadTerminate) for osThreadTerminate
    demo-1.o(.text) refers to dflt_clz.o(x$fpl$dflt) for __aeabi_i2d
    demo-1.o(.text) refers to dmul.o(x$fpl$dmul) for __aeabi_dmul
    demo-1.o(.text) refers to pow.o(i.pow) for pow
    demo-1.o(.text) refers to ddiv.o(x$fpl$ddiv) for __aeabi_ddiv
    demo-1.o(.text) refers to daddsub_clz.o(x$fpl$dadd) for __aeabi_dadd
    demo-1.o(.text) refers to dfix.o(x$fpl$dfix) for __aeabi_d2iz
    demo-1.o(.text) refers to deqf.o(x$fpl$deqf) for __aeabi_cdcmpeq
    demo-1.o(.text) refers to system_lpc17xx.o(.text) for SystemInit
    demo-1.o(.text) refers to rt_cmsis.o(i.osKernelInitialize) for osKernelInitialize
    demo-1.o(.text) refers to rt_cmsis.o(i.osThreadCreate) for osThreadCreate
    demo-1.o(.text) refers to rt_cmsis.o(i.osKernelStart) for osKernelStart
    demo-1.o(.text) refers to rt_cmsis.o(i.osDelay) for osDelay
    demo-1.o(.text) refers to demo-1.o(.data) for x
    demo-1.o(.text) refers to rt_task.o(i.rt_tsk_pass) for rt_tsk_pass
    demo-1.o(.text) refers to demo-1.o(.constdata) for os_thread_def_threadA
    demo-1.o(.constdata) refers to demo-1.o(.text) for threadA
    adc.o(.text) refers to adc.o(.data) for AD_last
    glcd_spi_lpc1700.o(.text) refers to glcd_spi_lpc1700.o(.data) for Himax
    glcd_spi_lpc1700.o(.text) refers to glcd_spi_lpc1700.o(.constdata) for Font_6x8_h
    led.o(.text) refers to led.o(.constdata) for led_mask
    rtx_conf_cm.o(.emb_text) refers to sys_stackheap_outer.o(.text) for __user_setup_stackheap
    rtx_conf_cm.o(.emb_text) refers to libinit.o(.ARM.Collect$$libinit$$00000000) for __rt_lib_init
    rtx_conf_cm.o(.emb_text) refers to rt_cmsis.o(i.osKernelInitialize) for osKernelInitialize
    rtx_conf_cm.o(.emb_text) refers to rt_cmsis.o(i.osThreadCreate) for osThreadCreate
    rtx_conf_cm.o(.emb_text) refers to rt_cmsis.o(i.osKernelStart) for osKernelStart
    rtx_conf_cm.o(.emb_text) refers to exit.o(.text) for exit
    rtx_conf_cm.o(.emb_text) refers to rtx_conf_cm.o(.data) for os_thread_def_main
    rtx_conf_cm.o(.text) refers to rt_task.o(i.rt_tsk_self) for rt_tsk_self
    rtx_conf_cm.o(.text) refers to rt_mutex.o(i.rt_mut_init) for rt_mut_init
    rtx_conf_cm.o(.text) refers to rtx_conf_cm.o(.bss) for .bss
    rtx_conf_cm.o(.text) refers to libspace.o(.bss) for __libspace_start
    rtx_conf_cm.o(.text) refers to rtx_conf_cm.o(.data) for .data
    rtx_conf_cm.o(.text) refers to rt_mutex.o(i.rt_mut_wait) for rt_mut_wait
    rtx_conf_cm.o(.text) refers to rt_mutex.o(i.rt_mut_release) for rt_mut_release
    rtx_conf_cm.o(.constdata) refers to rt_cmsis.o(i.osTimerThread) for osTimerThread
    rtx_conf_cm.o(.constdata) refers to rtx_conf_cm.o(.bss) for os_messageQ_q_osTimerMessageQ
    rtx_conf_cm.o(.data) refers to demo-1.o(.text) for main
    rt_cmsis.o(i.isrMessagePut) refers to rt_mailbox.o(i.rt_mbx_check) for rt_mbx_check
    rt_cmsis.o(i.isrMessagePut) refers to rt_mailbox.o(i.isr_mbx_send) for isr_mbx_send
    rt_cmsis.o(i.osDelay) refers to rt_cmsis.o(i.svcDelay) for svcDelay
    rt_cmsis.o(i.osKernelInitialize) refers to rt_cmsis.o(i.svcKernelInitialize) for svcKernelInitialize
    rt_cmsis.o(i.osKernelRunning) refers to rt_cmsis.o(i.svcKernelRunning) for svcKernelRunning
    rt_cmsis.o(i.osKernelRunning) refers to rt_cmsis.o(.data) for .data
    rt_cmsis.o(i.osKernelStart) refers to rtx_conf_cm.o(.constdata) for os_flags
    rt_cmsis.o(i.osKernelStart) refers to rt_cmsis.o(i.svcKernelStart) for svcKernelStart
[...]
    Removing rt_cmsis.o(i.osThreadGetId), (24 bytes).
    Removing rt_cmsis.o(i.osThreadGetPriority), (24 bytes).
    Removing rt_cmsis.o(i.osThreadSetPriority), (24 bytes).
    Removing rt_cmsis.o(i.osThreadYield), (24 bytes).
    Removing rt_cmsis.o(i.osTimerCreate), (52 bytes).
    Removing rt_cmsis.o(i.osTimerDelete), (24 bytes).
    Removing rt_cmsis.o(i.osTimerStart), (24 bytes).
    Removing rt_cmsis.o(i.osTimerStop), (24 bytes).
    Removing rt_cmsis.o(i.osWait), (4 bytes).
    Removing rt_cmsis.o(i.rt_clr_box), (20 bytes).
    Removing rt_cmsis.o(i.rt_timer_remove), (60 bytes).
    Removing rt_cmsis.o(i.svcKernelRunning), (12 bytes).
    Removing rt_cmsis.o(i.svcKernelSysTick), (56 bytes).
    Removing rt_cmsis.o(i.svcMailCreate), (66 bytes).
    Removing rt_cmsis.o(i.svcMessagePut), (54 bytes).
    Removing rt_cmsis.o(i.svcMutexCreate), (28 bytes).
    Removing rt_cmsis.o(i.svcMutexDelete), (26 bytes).
    Removing rt_cmsis.o(i.svcMutexRelease), (34 bytes).
    Removing rt_cmsis.o(i.svcMutexWait), (54 bytes).
    Removing rt_cmsis.o(i.svcPoolCreate), (40 bytes).
    Removing rt_cmsis.o(i.svcSemaphoreCreate), (36 bytes).
    Removing rt_cmsis.o(i.svcSemaphoreDelete), (26 bytes).
    Removing rt_cmsis.o(i.svcSemaphoreRelease), (40 bytes).
    Removing rt_cmsis.o(i.svcSemaphoreWait), (50 bytes).
    Removing rt_cmsis.o(i.svcSignalClear), (36 bytes).
    Removing rt_cmsis.o(i.svcSignalSet), (36 bytes).
    Removing rt_cmsis.o(i.svcSignalWait), (84 bytes).
    Removing rt_cmsis.o(i.svcThreadGetPriority), (18 bytes).
    Removing rt_cmsis.o(i.svcThreadSetPriority), (46 bytes).
    Removing rt_cmsis.o(i.svcThreadYield), (10 bytes).
    Removing rt_cmsis.o(i.svcTimerCreate), (52 bytes).
    Removing rt_cmsis.o(i.svcTimerDelete), (40 bytes).
    Removing rt_cmsis.o(i.svcTimerStart), (72 bytes).
    Removing rt_cmsis.o(i.svcTimerStop), (36 bytes).
    Removing rt_cmsis.o(i.sysMailAlloc), (112 bytes).
    Removing rt_cmsis.o(i.sysMailFree), (102 bytes).
    Removing rt_cmsis.o(i.sysPoolAlloc), (32 bytes).
    Removing rt_cmsis.o(i.sysPoolFree), (20 bytes).
    Removing rt_mutex.o(i.rt_mut_delete), (120 bytes).
    Removing rt_system.o(.emb_text), (0 bytes).
    Removing rt_system.o(i.os_tick_ovf), (16 bytes).
    Removing rt_system.o(i.os_tick_val), (20 bytes).
    Removing rt_system.o(i.rt_resume), (128 bytes).
    Removing rt_system.o(i.rt_suspend), (28 bytes).
    Removing rt_system.o(i.rt_tsk_lock), (80 bytes).
    Removing rt_system.o(i.rt_tsk_unlock), (80 bytes).
    Removing rt_event.o(i.isr_evt_set), (40 bytes).
    Removing rt_event.o(i.rt_evt_clr), (28 bytes).
    Removing rt_event.o(i.rt_evt_get), (12 bytes).
    Removing rt_event.o(i.rt_evt_set), (92 bytes).
    Removing rt_event.o(i.rt_evt_wait), (60 bytes).
    Removing rt_mailbox.o(i.rt_mbx_send), (152 bytes).
    Removing rt_semaphore.o(i.isr_sem_send), (16 bytes).
    Removing rt_semaphore.o(i.rt_sem_delete), (92 bytes).
    Removing rt_semaphore.o(i.rt_sem_init), (12 bytes).
    Removing rt_semaphore.o(i.rt_sem_send), (42 bytes).
    Removing rt_semaphore.o(i.rt_sem_wait), (60 bytes).
    Removing rt_time.o(i.rt_itv_set), (24 bytes).
    Removing rt_time.o(i.rt_itv_wait), (44 bytes).
    Removing rt_time.o(i.rt_time_get), (12 bytes).
    Removing rt_membox.o(i._calloc_box), (30 bytes).

106 unused section(s) (total 13249 bytes) removed from the image.

==============================================================================

Image Symbol Table

    Local Symbols

    Symbol Name                              Value     Ov Type        Size  Object(Section)

    RESET                                    0x00000000   Section      204  startup_lpc17xx.o(RESET)
    ../clib/angel/boardlib.s                 0x00000000   Number         0  boardshut.o ABSOLUTE
    ../clib/angel/handlers.s                 0x00000000   Number         0  __scatter_copy.o ABSOLUTE
    ../clib/angel/handlers.s                 0x00000000   Number         0  __scatter_zi.o ABSOLUTE
    ../clib/angel/kernel.s                   0x00000000   Number         0  rtexit.o ABSOLUTE
    ../clib/angel/kernel.s                   0x00000000   Number         0  rtexit2.o ABSOLUTE
    ../clib/angel/rt.s                       0x00000000   Number         0  rt_errno_addr_intlibspace.o ABSOLUTE
    ../clib/angel/rt.s                       0x00000000   Number         0  rt_raise.o ABSOLUTE
    ../clib/angel/rt.s                       0x00000000   Number         0  aeabi_ldiv0.o ABSOLUTE
    ../clib/angel/rt.s                       0x00000000   Number         0  rt_errno_addr_twolibspace.o ABSOLUTE
    ../clib/angel/rt.s                       0x00000000   Number         0  rt_errno_addr.o ABSOLUTE
    ../clib/angel/rt.s                       0x00000000   Number         0  rt_div0.o ABSOLUTE
    ../clib/angel/rt.s                       0x00000000   Number         0  aeabi_ldiv0_sigfpe.o ABSOLUTE
    ../clib/angel/scatter.s                  0x00000000   Number         0  __scatter.o ABSOLUTE
    ../clib/angel/startup.s                  0x00000000   Number         0  __main.o ABSOLUTE
    ../clib/angel/sys.s                      0x00000000   Number         0  sys_stackheap_outer.o ABSOLUTE
    ../clib/angel/sys.s                      0x00000000   Number         0  use_no_semi.o ABSOLUTE
    ../clib/angel/sys.s                      0x00000000   Number         0  indicate_semi.o ABSOLUTE
    ../clib/angel/sys.s                      0x00000000   Number         0  libspace.o ABSOLUTE
    ../clib/angel/sysapp.c                   0x00000000   Number         0  sys_wrch.o ABSOLUTE
    ../clib/angel/sysapp.c                   0x00000000   Number         0  sys_command.o ABSOLUTE
    ../clib/angel/sysapp.c                   0x00000000   Number         0  sys_exit.o ABSOLUTE
    ../clib/armsys.c                         0x00000000   Number         0  _get_argv_nomalloc.o ABSOLUTE
    ../clib/armsys.c                         0x00000000   Number         0  no_argv.o ABSOLUTE
    ../clib/armsys.c                         0x00000000   Number         0  argv_veneer.o ABSOLUTE
    ../clib/armsys.c                         0x00000000   Number         0  argv_veneer.o ABSOLUTE
    ../clib/fenv.c                           0x00000000   Number         0  _rserrno.o ABSOLUTE
    ../clib/heapalloc.c                      0x00000000   Number         0  hrguard.o ABSOLUTE
    ../clib/heapaux.c                        0x00000000   Number         0  heapauxi.o ABSOLUTE
    ../clib/libinit.s                        0x00000000   Number         0  libinit.o ABSOLUTE
    ../clib/libinit.s                        0x00000000   Number         0  libshutdown2.o ABSOLUTE
    ../clib/libinit.s                        0x00000000   Number         0  libshutdown.o ABSOLUTE
    ../clib/libinit.s                        0x00000000   Number         0  libinit2.o ABSOLUTE
    ../clib/longlong.s                       0x00000000   Number         0  lludivv7m.o ABSOLUTE
    ../clib/signal.c                         0x00000000   Number         0  defsig_rtmem_inner.o ABSOLUTE
    ../clib/signal.c                         0x00000000   Number         0  defsig_general.o ABSOLUTE
    ../clib/signal.c                         0x00000000   Number         0  defsig_fpe_formal.o ABSOLUTE
    ../clib/signal.c                         0x00000000   Number         0  defsig_fpe_outer.o ABSOLUTE
    ../clib/signal.c                         0x00000000   Number         0  __raise.o ABSOLUTE
    ../clib/signal.c                         0x00000000   Number         0  defsig_other.o ABSOLUTE
    ../clib/signal.c                         0x00000000   Number         0  defsig_cppl_inner.o ABSOLUTE
    ../clib/signal.c                         0x00000000   Number         0  defsig_pvfn_inner.o ABSOLUTE
    ../clib/signal.c                         0x00000000   Number         0  defsig_stak_inner.o ABSOLUTE
    ../clib/signal.c                         0x00000000   Number         0  defsig_exit.o ABSOLUTE
    ../clib/signal.c                         0x00000000   Number         0  defsig_rtred_inner.o ABSOLUTE
    ../clib/signal.c                         0x00000000   Number         0  defsig_abrt_inner.o ABSOLUTE
    ../clib/signal.c                         0x00000000   Number         0  defsig_segv_inner.o ABSOLUTE
    ../clib/signal.c                         0x00000000   Number         0  defsig_rtmem_formal.o ABSOLUTE
    ../clib/signal.c                         0x00000000   Number         0  defsig_rtmem_outer.o ABSOLUTE
    ../clib/signal.c                         0x00000000   Number         0  defsig_fpe_inner.o ABSOLUTE
    ../clib/signal.s                         0x00000000   Number         0  defsig.o ABSOLUTE
    ../clib/stdlib.c                         0x00000000   Number         0  exit.o ABSOLUTE
    ../fplib/daddsub.s                       0x00000000   Number         0  daddsub_clz.o ABSOLUTE
    ../fplib/dcheck1.s                       0x00000000   Number         0  dcheck1.o ABSOLUTE
    ../fplib/dcmpi.s                         0x00000000   Number         0  dcmpi.o ABSOLUTE
    ../fplib/ddiv.s                          0x00000000   Number         0  ddiv.o ABSOLUTE
    ../fplib/deqf.s                          0x00000000   Number         0  deqf.o ABSOLUTE
    ../fplib/dfix.s                          0x00000000   Number         0  dfix.o ABSOLUTE
    ../fplib/dflt.s                          0x00000000   Number         0  dflt_clz.o ABSOLUTE
    ../fplib/dleqf.s                         0x00000000   Number         0  dleqf.o ABSOLUTE
    ../fplib/dmul.s                          0x00000000   Number         0  dmul.o ABSOLUTE
    ../fplib/dnaninf.s                       0x00000000   Number         0  dnaninf.o ABSOLUTE
    ../fplib/dretinf.s                       0x00000000   Number         0  dretinf.o ABSOLUTE
    ../fplib/drleqf.s                        0x00000000   Number         0  drleqf.o ABSOLUTE
    ../fplib/dsqrt.s                         0x00000000   Number         0  dsqrt_noumaal.o ABSOLUTE
    ../fplib/fpinit.s                        0x00000000   Number         0  fpinit.o ABSOLUTE
    ../fplib/retnan.s                        0x00000000   Number         0  retnan.o ABSOLUTE
    ../fplib/scalbn.s                        0x00000000   Number         0  scalbn.o ABSOLUTE
    ../fplib/trapv.s                         0x00000000   Number         0  trapv.o ABSOLUTE
    ../fplib/usenofp.s                       0x00000000   Number         0  usenofp.o ABSOLUTE
    ../mathlib/dunder.c                      0x00000000   Number         0  dunder.o ABSOLUTE
    ../mathlib/fpclassify.c                  0x00000000   Number         0  fpclassify.o ABSOLUTE
    ../mathlib/poly.c                        0x00000000   Number         0  poly.o ABSOLUTE
    ../mathlib/pow.c                         0x00000000   Number         0  pow.o ABSOLUTE
    ../mathlib/pow.c                         0x00000000   Number         0  pow_x.o ABSOLUTE
    ../mathlib/qnan.c                        0x00000000   Number         0  qnan.o ABSOLUTE
    ../mathlib/sqrt.c                        0x00000000   Number         0  sqrt_x.o ABSOLUTE
    ../mathlib/sqrt.c                        0x00000000   Number         0  sqrt.o ABSOLUTE
    ..\..\Lab_3a\ADC.c                       0x00000000   Number         0  adc.o ABSOLUTE
    ..\..\Lab_3a\GLCD_SPI_LPC1700.c          0x00000000   Number         0  glcd_spi_lpc1700.o ABSOLUTE
    ..\..\Lab_3a\LED.c                       0x00000000   Number         0  led.o ABSOLUTE
    ..\HAL_CM.c                              0x00000000   Number         0  hal_cm.o ABSOLUTE
    ..\\..\\Lab_3a\\ADC.c                    0x00000000   Number         0  adc.o ABSOLUTE
    ..\\..\\Lab_3a\\GLCD_SPI_LPC1700.c       0x00000000   Number         0  glcd_spi_lpc1700.o ABSOLUTE
    ..\\..\\Lab_3a\\LED.c                    0x00000000   Number         0  led.o ABSOLUTE
    ..\\rt_CMSIS.c                           0x00000000   Number         0  rt_cmsis.o ABSOLUTE
    ..\\rt_System.c                          0x00000000   Number         0  rt_system.o ABSOLUTE
    ..\rt_CMSIS.c                            0x00000000   Number         0  rt_cmsis.o ABSOLUTE
    ..\rt_Event.c                            0x00000000   Number         0  rt_event.o ABSOLUTE
    ..\rt_List.c                             0x00000000   Number         0  rt_list.o ABSOLUTE
    ..\rt_Mailbox.c                          0x00000000   Number         0  rt_mailbox.o ABSOLUTE
    ..\rt_MemBox.c                           0x00000000   Number         0  rt_membox.o ABSOLUTE
    ..\rt_Memory.c                           0x00000000   Number         0  rt_memory.o ABSOLUTE
    ..\rt_Mutex.c                            0x00000000   Number         0  rt_mutex.o ABSOLUTE
    ..\rt_Robin.c                            0x00000000   Number         0  rt_robin.o ABSOLUTE
    ..\rt_Semaphore.c                        0x00000000   Number         0  rt_semaphore.o ABSOLUTE
    ..\rt_System.c                           0x00000000   Number         0  rt_system.o ABSOLUTE
    ..\rt_Task.c                             0x00000000   Number         0  rt_task.o ABSOLUTE
    ..\rt_Time.c                             0x00000000   Number         0  rt_time.o ABSOLUTE
    Demo-1.c                                 0x00000000   Number         0  demo-1.o ABSOLUTE
    Demo-1.c                                 0x00000000   Number         0  demo-1.o ABSOLUTE
    HAL_CM3.c                                0x00000000   Number         0  hal_cm3.o ABSOLUTE
    HAL_CM3.c                                0x00000000   Number         0  hal_cm3.o ABSOLUTE
    SVC_Table.s                              0x00000000   Number         0  SVC_Table.o ABSOLUTE
    U:\\coe718\\labs\\lab3b-threads\\RTX_Conf_CM.c 0x00000000   Number         0  rtx_conf_cm.o ABSOLUTE
    U:\\coe718\\labs\\lab3b-threads\\system_LPC17xx.c 0x00000000   Number         0  system_lpc17xx.o ABSOLUTE
    U:\coe718\labs\lab3b-threads\RTX_Conf_CM.c 0x00000000   Number         0  rtx_conf_cm.o ABSOLUTE
    U:\coe718\labs\lab3b-threads\system_LPC17xx.c 0x00000000   Number         0  system_lpc17xx.o ABSOLUTE
    dc.s                                     0x00000000   Number         0  dc.o ABSOLUTE
    startup_LPC17xx.s                        0x00000000   Number         0  startup_lpc17xx.o ABSOLUTE
    !!!main                                  0x000000cc   Section        8  __main.o(!!!main)
    !!!scatter                               0x000000d4   Section       52  __scatter.o(!!!scatter)
    !!handler_copy                           0x00000108   Section       26  __scatter_copy.o(!!handler_copy)
    !!handler_zi                             0x00000124   Section       28  __scatter_zi.o(!!handler_zi)
    .ARM.Collect$$libinit$$00000000          0x00000140   Section        2  libinit.o(.ARM.Collect$$libinit$$00000000)
    .ARM.Collect$$libinit$$00000002          0x00000142   Section        0  libinit2.o(.ARM.Collect$$libinit$$00000002)
    .ARM.Collect$$libinit$$00000008          0x00000142   Section        0  libinit2.o(.ARM.Collect$$libinit$$00000008)
    .ARM.Collect$$libinit$$0000000A          0x00000142   Section        0  libinit2.o(.ARM.Collect$$libinit$$0000000A)
    .ARM.Collect$$libinit$$0000000C          0x00000142   Section        0  libinit2.o(.ARM.Collect$$libinit$$0000000C)
    .ARM.Collect$$libinit$$0000000F          0x00000142   Section        0  libinit2.o(.ARM.Collect$$libinit$$0000000F)
    .ARM.Collect$$libinit$$00000011          0x00000142   Section        0  libinit2.o(.ARM.Collect$$libinit$$00000011)
    .ARM.Collect$$libinit$$00000013          0x00000142   Section        0  libinit2.o(.ARM.Collect$$libinit$$00000013)
    .ARM.Collect$$libinit$$00000015          0x00000142   Section        0  libinit2.o(.ARM.Collect$$libinit$$00000015)
    .ARM.Collect$$libinit$$00000017          0x00000142   Section        0  libinit2.o(.ARM.Collect$$libinit$$00000017)
    .ARM.Collect$$libinit$$00000019          0x00000142   Section        0  libinit2.o(.ARM.Collect$$libinit$$00000019)
    .ARM.Collect$$libinit$$0000001B          0x00000142   Section        0  libinit2.o(.ARM.Collect$$libinit$$0000001B)
    .ARM.Collect$$libinit$$0000001D          0x00000142   Section        0  libinit2.o(.ARM.Collect$$libinit$$0000001D)
    .ARM.Collect$$libinit$$0000001F          0x00000142   Section        0  libinit2.o(.ARM.Collect$$libinit$$0000001F)
    .ARM.Collect$$libinit$$00000021          0x00000142   Section        0  libinit2.o(.ARM.Collect$$libinit$$00000021)
    .ARM.Collect$$libinit$$00000023          0x00000142   Section        0  libinit2.o(.ARM.Collect$$libinit$$00000023)
    .ARM.Collect$$libinit$$0000002A          0x00000142   Section        0  libinit2.o(.ARM.Collect$$libinit$$0000002A)
    .ARM.Collect$$libinit$$0000002C          0x00000142   Section        0  libinit2.o(.ARM.Collect$$libinit$$0000002C)
    .ARM.Collect$$libinit$$0000002E          0x00000142   Section        0  libinit2.o(.ARM.Collect$$libinit$$0000002E)
    .ARM.Collect$$libinit$$00000030          0x00000142   Section        0  libinit2.o(.ARM.Collect$$libinit$$00000030)
    .ARM.Collect$$libinit$$00000031          0x00000142   Section        2  libinit2.o(.ARM.Collect$$libinit$$00000031)
    .ARM.Collect$$libshutdown$$00000000      0x00000144   Section        2  libshutdown.o(.ARM.Collect$$libshutdown$$00000000)
    .ARM.Collect$$libshutdown$$00000003      0x00000146   Section        0  libshutdown2.o(.ARM.Collect$$libshutdown$$00000003)
    .ARM.Collect$$libshutdown$$00000006      0x00000146   Section        0  libshutdown2.o(.ARM.Collect$$libshutdown$$00000006)
    .ARM.Collect$$libshutdown$$00000009      0x00000146   Section        0  libshutdown2.o(.ARM.Collect$$libshutdown$$00000009)
    .ARM.Collect$$libshutdown$$0000000B      0x00000146   Section        0  libshutdown2.o(.ARM.Collect$$libshutdown$$0000000B)
    .ARM.Collect$$libshutdown$$0000000E      0x00000146   Section        0  libshutdown2.o(.ARM.Collect$$libshutdown$$0000000E)
    .ARM.Collect$$libshutdown$$0000000F      0x00000146   Section        2  libshutdown2.o(.ARM.Collect$$libshutdown$$0000000F)
    .ARM.Collect$$rtexit$$00000000           0x00000148   Section        2  rtexit.o(.ARM.Collect$$rtexit$$00000000)
    .ARM.Collect$$rtexit$$00000002           0x0000014a   Section        0  rtexit2.o(.ARM.Collect$$rtexit$$00000002)
    .ARM.Collect$$rtexit$$00000003           0x0000014a   Section        4  rtexit2.o(.ARM.Collect$$rtexit$$00000003)
    .ARM.Collect$$rtexit$$00000004           0x0000014e   Section        6  rtexit2.o(.ARM.Collect$$rtexit$$00000004)
    .emb_text                                0x00000154   Section       36  rtx_conf_cm.o(.emb_text)
    .emb_text                                0x00000178   Section      304  hal_cm3.o(.emb_text)
    .text                                    0x000002a8   Section       60  startup_lpc17xx.o(.text)
    .text                                    0x000002e4   Section        8  libspace.o(.text)
    .text                                    0x000002ec   Section        0  exit.o(.text)
    .text                                    0x000002f8   Section        4  rt_errno_addr_twolibspace.o(.text)
    .ARM.__at_0x02FC                         0x000002fc   Section        4  startup_lpc17xx.o(.ARM.__at_0x02FC)
    .text                                    0x00000300   Section        0  system_lpc17xx.o(.text)
    .text                                    0x00000610   Section        0  demo-1.o(.text)
    .text                                    0x000008e0   Section        0  rtx_conf_cm.o(.text)
    __tagsym$$used                           0x00000929   Number         0  rtx_conf_cm.o(.text)
    __tagsym$$used                           0x00000943   Number         0  rtx_conf_cm.o(.text)
    .text                                    0x00000970   Section       74  sys_stackheap_outer.o(.text)
    .text                                    0x000009ba   Section      238  lludivv7m.o(.text)
    .text                                    0x00000aa8   Section        0  heapauxi.o(.text)
    .text                                    0x00000aae   Section        0  _rserrno.o(.text)
    .text                                    0x00000ac4   Section        0  sys_exit.o(.text)
    .text                                    0x00000ad0   Section        2  use_no_semi.o(.text)
    .text                                    0x00000ad2   Section        0  indicate_semi.o(.text)
    SVC_TABLE                                0x00000ad4   Section        4  SVC_Table.o(SVC_TABLE)
    i.__ARM_fpclassify                       0x00000ad8   Section        0  fpclassify.o(i.__ARM_fpclassify)
    i.__kernel_poly                          0x00000b00   Section        0  poly.o(i.__kernel_poly)
    i.__mathlib_dbl_underflow                0x00000bac   Section        0  dunder.o(i.__mathlib_dbl_underflow)
    i._init_box                              0x00000bbc   Section        0  rt_membox.o(i._init_box)
    i.dbg_init                               0x00000c04   Section        0  hal_cm.o(i.dbg_init)
    i.dbg_task_notify                        0x00000c34   Section        0  hal_cm.o(i.dbg_task_notify)
    i.dbg_task_switch                        0x00000c54   Section        0  hal_cm.o(i.dbg_task_switch)
    i.isrMessagePut                          0x00000c64   Section        0  rt_cmsis.o(i.isrMessagePut)
    isrMessagePut                            0x00000c65   Thumb Code    44  rt_cmsis.o(i.isrMessagePut)
    i.isr_mbx_receive                        0x00000c90   Section        0  rt_mailbox.o(i.isr_mbx_receive)
    i.isr_mbx_send                           0x00000ce0   Section        0  rt_mailbox.o(i.isr_mbx_send)
    i.osDelay                                0x00000cf0   Section        0  rt_cmsis.o(i.osDelay)
    i.osKernelInitialize                     0x00000d08   Section        0  rt_cmsis.o(i.osKernelInitialize)
    i.osKernelStart                          0x00000d2c   Section        0  rt_cmsis.o(i.osKernelStart)
    i.osMessageGet                           0x00000d98   Section        0  rt_cmsis.o(i.osMessageGet)
    i.osThreadCreate                         0x00000ddc   Section        0  rt_cmsis.o(i.osThreadCreate)
    i.osThreadExit                           0x00000e0c   Section        0  rt_cmsis.o(i.osThreadExit)
    i.osThreadTerminate                      0x00000e24   Section        0  rt_cmsis.o(i.osThreadTerminate)
    i.osTimerCall                            0x00000e3c   Section        0  rt_cmsis.o(i.osTimerCall)
    i.osTimerThread                          0x00000e48   Section        0  rt_cmsis.o(i.osTimerThread)
    i.os_tick_init                           0x00000e74   Section        0  rt_system.o(i.os_tick_init)
    i.os_tick_irqack                         0x00000e9c   Section        0  rt_system.o(i.os_tick_irqack)
    i.pow                                    0x00000ea0   Section        0  pow.o(i.pow)
    i.rt_alloc_box                           0x00001880   Section        0  rt_membox.o(i.rt_alloc_box)
    i.rt_alloc_mem                           0x0000189a   Section        0  rt_memory.o(i.rt_alloc_mem)
    i.rt_block                               0x000018d8   Section        0  rt_task.o(i.rt_block)
    i.rt_chk_robin                           0x00001910   Section        0  rt_robin.o(i.rt_chk_robin)
    i.rt_dec_dly                             0x00001958   Section        0  rt_list.o(i.rt_dec_dly)
    i.rt_dispatch                            0x000019c8   Section        0  rt_task.o(i.rt_dispatch)
    i.rt_dly_wait                            0x00001a0c   Section        0  rt_time.o(i.rt_dly_wait)
    i.rt_evt_psh                             0x00001a14   Section        0  rt_event.o(i.rt_evt_psh)
    i.rt_free_box                            0x00001a64   Section        0  rt_membox.o(i.rt_free_box)
    i.rt_free_mem                            0x00001a84   Section        0  rt_memory.o(i.rt_free_mem)
    i.rt_get_first                           0x00001aac   Section        0  rt_list.o(i.rt_get_first)
    i.rt_get_same_rdy_prio                   0x00001ad4   Section        0  rt_list.o(i.rt_get_same_rdy_prio)
    i.rt_id2obj                              0x00001af8   Section        0  rt_cmsis.o(i.rt_id2obj)
    rt_id2obj                                0x00001af9   Thumb Code     8  rt_cmsis.o(i.rt_id2obj)
    i.rt_init_context                        0x00001b00   Section        0  rt_task.o(i.rt_init_context)
    rt_init_context                          0x00001b01   Thumb Code    60  rt_task.o(i.rt_init_context)
    i.rt_init_mem                            0x00001b40   Section        0  rt_memory.o(i.rt_init_mem)
    i.rt_init_robin                          0x00001b5c   Section        0  rt_robin.o(i.rt_init_robin)
    i.rt_init_stack                          0x00001b74   Section        0  hal_cm.o(i.rt_init_stack)
    i.rt_mbx_check                           0x00001bc4   Section        0  rt_mailbox.o(i.rt_mbx_check)
    i.rt_mbx_init                            0x00001bcc   Section        0  rt_mailbox.o(i.rt_mbx_init)
    i.rt_mbx_psh                             0x00001be8   Section        0  rt_mailbox.o(i.rt_mbx_psh)
    i.rt_mbx_wait                            0x00001cd8   Section        0  rt_mailbox.o(i.rt_mbx_wait)
    i.rt_ms2tick                             0x00001d88   Section        0  rt_cmsis.o(i.rt_ms2tick)
    rt_ms2tick                               0x00001d89   Thumb Code    50  rt_cmsis.o(i.rt_ms2tick)
    i.rt_mut_init                            0x00001dc4   Section        0  rt_mutex.o(i.rt_mut_init)
    i.rt_mut_release                         0x00001dd4   Section        0  rt_mutex.o(i.rt_mut_release)
    i.rt_mut_wait                            0x00001e74   Section        0  rt_mutex.o(i.rt_mut_wait)
    i.rt_pop_req                             0x00001ed8   Section        0  rt_system.o(i.rt_pop_req)
    i.rt_psh_req                             0x00001f50   Section        0  rt_system.o(i.rt_psh_req)
    i.rt_psq_enq                             0x00001f70   Section        0  rt_list.o(i.rt_psq_enq)
    i.rt_put_dly                             0x00001fc8   Section        0  rt_list.o(i.rt_put_dly)
    i.rt_put_prio                            0x00002010   Section        0  rt_list.o(i.rt_put_prio)
    i.rt_put_rdy_first                       0x00002048   Section        0  rt_list.o(i.rt_put_rdy_first)
    i.rt_resort_prio                         0x0000205c   Section        0  rt_list.o(i.rt_resort_prio)
    i.rt_ret_val                             0x00002090   Section        0  hal_cm.o(i.rt_ret_val)
    i.rt_ret_val2                            0x00002096   Section        0  hal_cm.o(i.rt_ret_val2)
    i.rt_rmv_dly                             0x0000209e   Section        0  rt_list.o(i.rt_rmv_dly)
    i.rt_rmv_list                            0x000020c8   Section        0  rt_list.o(i.rt_rmv_list)
    i.rt_sem_psh                             0x000020f8   Section        0  rt_semaphore.o(i.rt_sem_psh)
    i.rt_stk_check                           0x0000212c   Section        0  rt_system.o(i.rt_stk_check)
    i.rt_switch_req                          0x00002150   Section        0  rt_task.o(i.rt_switch_req)
    i.rt_sys_init                            0x00002178   Section        0  rt_task.o(i.rt_sys_init)
    i.rt_sys_start                           0x00002284   Section        0  rt_task.o(i.rt_sys_start)
    i.rt_systick                             0x000022b8   Section        0  rt_system.o(i.rt_systick)
    i.rt_tid2ptcb                            0x000022f4   Section        0  rt_cmsis.o(i.rt_tid2ptcb)
    rt_tid2ptcb                              0x000022f5   Thumb Code    18  rt_cmsis.o(i.rt_tid2ptcb)
    i.rt_timer_insert                        0x00002308   Section        0  rt_cmsis.o(i.rt_timer_insert)
    rt_timer_insert                          0x00002309   Thumb Code    50  rt_cmsis.o(i.rt_timer_insert)
    i.rt_tsk_create                          0x00002340   Section        0  rt_task.o(i.rt_tsk_create)
    i.rt_tsk_delete                          0x000023c4   Section        0  rt_task.o(i.rt_tsk_delete)
    i.rt_tsk_pass                            0x00002480   Section        0  rt_task.o(i.rt_tsk_pass)
    i.rt_tsk_prio                            0x000024b0   Section        0  rt_task.o(i.rt_tsk_prio)
    i.rt_tsk_self                            0x00002524   Section        0  rt_task.o(i.rt_tsk_self)
    i.sqrt                                   0x00002534   Section        0  sqrt.o(i.sqrt)
    i.svcDelay                               0x00002580   Section        0  rt_cmsis.o(i.svcDelay)
    i.svcKernelInitialize                    0x00002594   Section        0  rt_cmsis.o(i.svcKernelInitialize)
    i.svcKernelStart                         0x00002604   Section        0  rt_cmsis.o(i.svcKernelStart)
    i.svcMessageCreate                       0x0000263c   Section        0  rt_cmsis.o(i.svcMessageCreate)
    i.svcMessageGet                          0x00002660   Section        0  rt_cmsis.o(i.svcMessageGet)
    i.svcThreadCreate                        0x0000269c   Section        0  rt_cmsis.o(i.svcThreadCreate)
    i.svcThreadGetId                         0x0000270c   Section        0  rt_cmsis.o(i.svcThreadGetId)
    i.svcThreadTerminate                     0x00002728   Section        0  rt_cmsis.o(i.svcThreadTerminate)
    i.svcTimerCall                           0x00002760   Section        0  rt_cmsis.o(i.svcTimerCall)
    i.sysTimerTick                           0x00002778   Section        0  rt_cmsis.o(i.sysTimerTick)
    x$fpl$dadd                               0x000027cc   Section      336  daddsub_clz.o(x$fpl$dadd)
    _dadd1                                   0x000027dd   Thumb Code     0  daddsub_clz.o(x$fpl$dadd)
    x$fpl$dcheck1                            0x0000291c   Section       16  dcheck1.o(x$fpl$dcheck1)
    x$fpl$dcmpinf                            0x0000292c   Section       24  dcmpi.o(x$fpl$dcmpinf)
    x$fpl$ddiv                               0x00002944   Section      688  ddiv.o(x$fpl$ddiv)
    ddiv_entry                               0x0000294b   Thumb Code     0  ddiv.o(x$fpl$ddiv)
    x$fpl$deqf                               0x00002bf4   Section      120  deqf.o(x$fpl$deqf)
    x$fpl$dfix                               0x00002c6c   Section       94  dfix.o(x$fpl$dfix)
    x$fpl$dflt                               0x00002cca   Section       46  dflt_clz.o(x$fpl$dflt)
    x$fpl$dleqf                              0x00002cf8   Section      120  dleqf.o(x$fpl$dleqf)
    x$fpl$dmul                               0x00002d70   Section      340  dmul.o(x$fpl$dmul)
    x$fpl$dnaninf                            0x00002ec4   Section      156  dnaninf.o(x$fpl$dnaninf)
    x$fpl$dretinf                            0x00002f60   Section       12  dretinf.o(x$fpl$dretinf)
    x$fpl$drleqf                             0x00002f6c   Section      108  drleqf.o(x$fpl$drleqf)
    x$fpl$drsb                               0x00002fd8   Section       22  daddsub_clz.o(x$fpl$drsb)
    x$fpl$dsqrt                              0x00002ff0   Section      460  dsqrt_noumaal.o(x$fpl$dsqrt)
    x$fpl$dsub                               0x000031bc   Section      468  daddsub_clz.o(x$fpl$dsub)
    _dsub1                                   0x000031cd   Thumb Code     0  daddsub_clz.o(x$fpl$dsub)
    x$fpl$retnan                             0x00003390   Section      100  retnan.o(x$fpl$retnan)
    x$fpl$scalbn                             0x000033f4   Section       92  scalbn.o(x$fpl$scalbn)
    x$fpl$trapveneer                         0x00003450   Section       48  trapv.o(x$fpl$trapveneer)
    .constdata                               0x00003480   Section       80  demo-1.o(.constdata)
    x$fpl$usenofp                            0x00003480   Section        0  usenofp.o(x$fpl$usenofp)
    .constdata                               0x000034d0   Section       78  rtx_conf_cm.o(.constdata)
    __tagsym$$used                           0x000034ec   Number         0  rtx_conf_cm.o(.constdata)
    __tagsym$$used                           0x000034f0   Number         0  rtx_conf_cm.o(.constdata)
    .constdata                               0x00003520   Section      136  pow.o(.constdata)
    bp                                       0x00003520   Data          16  pow.o(.constdata)
    dp_h                                     0x00003530   Data          16  pow.o(.constdata)
    dp_l                                     0x00003540   Data          16  pow.o(.constdata)
    L                                        0x00003550   Data          48  pow.o(.constdata)
    P                                        0x00003580   Data          40  pow.o(.constdata)
    .constdata                               0x000035a8   Section        8  qnan.o(.constdata)
    .data                                    0x10000000   Section        4  system_lpc17xx.o(.data)
    .data                                    0x10000008   Section       56  demo-1.o(.data)
    .data                                    0x10000040   Section       40  rtx_conf_cm.o(.data)
    nr_mutex                                 0x10000064   Data           4  rtx_conf_cm.o(.data)
    .data                                    0x10000068   Section        8  rt_cmsis.o(.data)
    .data                                    0x10000070   Section        8  rt_task.o(.data)
    .data                                    0x10000078   Section        8  rt_system.o(.data)
    os_lock                                  0x10000078   Data           1  rt_system.o(.data)
    os_psh_flag                              0x10000079   Data           1  rt_system.o(.data)
    pend_flags                               0x1000007a   Data           1  rt_system.o(.data)
    .data                                    0x10000080   Section        4  rt_time.o(.data)
    .data                                    0x10000084   Section        8  rt_robin.o(.data)
    .data                                    0x1000008c   Section        1  hal_cm.o(.data)
    .bss                                     0x10000090   Section     2960  rtx_conf_cm.o(.bss)
    std_libspace                             0x10000920   Data         672  rtx_conf_cm.o(.bss)
    std_libmutex                             0x10000bc0   Data          96  rtx_conf_cm.o(.bss)
    .bss                                     0x10000c20   Section       48  rt_task.o(.bss)
    .bss                                     0x10000c50   Section       48  rt_list.o(.bss)
    .bss                                     0x10000c80   Section       96  libspace.o(.bss)
    HEAP                                     0x10000ce0   Section        0  startup_lpc17xx.o(HEAP)
    STACK                                    0x10000ce0   Section      512  startup_lpc17xx.o(STACK)
    Heap_Mem                                 0x10000ce0   Data           0  startup_lpc17xx.o(HEAP)
    Stack_Mem                                0x10000ce0   Data         512  startup_lpc17xx.o(STACK)
    __initial_sp                             0x10000ee0   Data           0  startup_lpc17xx.o(STACK)

    Global Symbols

    Symbol Name                              Value     Ov Type        Size  Object(Section)

    BuildAttributes$$THM_ISAv4$P$D$K$B$S$PE$A:L22UL41UL21$X:L11$S22US41US21$IEEE1$IW$USESV6$~STKCKD$USESV7$~SHL$OTIME$ROPI$IEEEX$EBA8$UX$STANDARDLIB$REQ8$PRES8$EABIv2 0x00000000   Number         0  anon$$obj.o ABSOLUTE
    __ARM_use_no_argv                        0x00000000   Number         0  demo-1.o ABSOLUTE
    __Vectors                                0x00000000   Data           4  startup_lpc17xx.o(RESET)
    __ARM_exceptions_init                     - Undefined Weak Reference
    __alloca_initialize                       - Undefined Weak Reference
    __cpp_initialize__aeabi_                  - Undefined Weak Reference
    __cxa_finalize                            - Undefined Weak Reference
    __rt_locale                               - Undefined Weak Reference
    __sigvec_lookup                           - Undefined Weak Reference
    _atexit_init                              - Undefined Weak Reference
    _call_atexit_fns                          - Undefined Weak Reference
    _clock_init                               - Undefined Weak Reference
    _fp_trap_init                             - Undefined Weak Reference
    _fp_trap_shutdown                         - Undefined Weak Reference
    _get_lc_collate                           - Undefined Weak Reference
    _get_lc_ctype                             - Undefined Weak Reference
    _get_lc_monetary                          - Undefined Weak Reference
    _get_lc_numeric                           - Undefined Weak Reference
    _get_lc_time                              - Undefined Weak Reference
    _getenv_init                              - Undefined Weak Reference
    _handle_redirection                       - Undefined Weak Reference
    _init_alloc                               - Undefined Weak Reference
    _init_user_alloc                          - Undefined Weak Reference
    _initio                                   - Undefined Weak Reference
    _rand_init                                - Undefined Weak Reference
    _signal_finish                            - Undefined Weak Reference
    _signal_init                              - Undefined Weak Reference
    _terminate_alloc                          - Undefined Weak Reference
    _terminate_user_alloc                     - Undefined Weak Reference
    _terminateio                              - Undefined Weak Reference
    __main                                   0x000000cd   Thumb Code     8  __main.o(!!!main)
    __scatterload                            0x000000d5   Thumb Code     0  __scatter.o(!!!scatter)
    __scatterload_rt2                        0x000000d5   Thumb Code    44  __scatter.o(!!!scatter)
    __scatterload_rt2_thumb_only             0x000000d5   Thumb Code     0  __scatter.o(!!!scatter)
    __scatterload_null                       0x000000e3   Thumb Code     0  __scatter.o(!!!scatter)
    __scatterload_copy                       0x00000109   Thumb Code    26  __scatter_copy.o(!!handler_copy)
    __scatterload_zeroinit                   0x00000125   Thumb Code    28  __scatter_zi.o(!!handler_zi)
    __rt_lib_init                            0x00000141   Thumb Code     0  libinit.o(.ARM.Collect$$libinit$$00000000)
    __rt_lib_init_alloca_1                   0x00000143   Thumb Code     0  libinit2.o(.ARM.Collect$$libinit$$0000002C)
    __rt_lib_init_argv_1                     0x00000143   Thumb Code     0  libinit2.o(.ARM.Collect$$libinit$$0000002A)
    __rt_lib_init_atexit_1                   0x00000143   Thumb Code     0  libinit2.o(.ARM.Collect$$libinit$$00000019)
    __rt_lib_init_clock_1                    0x00000143   Thumb Code     0  libinit2.o(.ARM.Collect$$libinit$$0000001F)
    __rt_lib_init_cpp_1                      0x00000143   Thumb Code     0  libinit2.o(.ARM.Collect$$libinit$$00000030)
    __rt_lib_init_exceptions_1               0x00000143   Thumb Code     0  libinit2.o(.ARM.Collect$$libinit$$0000002E)
    __rt_lib_init_fp_1                       0x00000143   Thumb Code     0  libinit2.o(.ARM.Collect$$libinit$$00000002)
    __rt_lib_init_fp_trap_1                  0x00000143   Thumb Code     0  libinit2.o(.ARM.Collect$$libinit$$0000001D)
    __rt_lib_init_getenv_1                   0x00000143   Thumb Code     0  libinit2.o(.ARM.Collect$$libinit$$00000021)
    __rt_lib_init_heap_1                     0x00000143   Thumb Code     0  libinit2.o(.ARM.Collect$$libinit$$00000008)
    __rt_lib_init_lc_collate_1               0x00000143   Thumb Code     0  libinit2.o(.ARM.Collect$$libinit$$0000000F)
    __rt_lib_init_lc_ctype_1                 0x00000143   Thumb Code     0  libinit2.o(.ARM.Collect$$libinit$$00000011)
    __rt_lib_init_lc_monetary_1              0x00000143   Thumb Code     0  libinit2.o(.ARM.Collect$$libinit$$00000013)
    __rt_lib_init_lc_numeric_1               0x00000143   Thumb Code     0  libinit2.o(.ARM.Collect$$libinit$$00000015)
    __rt_lib_init_lc_time_1                  0x00000143   Thumb Code     0  libinit2.o(.ARM.Collect$$libinit$$00000017)
    __rt_lib_init_rand_1                     0x00000143   Thumb Code     0  libinit2.o(.ARM.Collect$$libinit$$0000000C)
    __rt_lib_init_return                     0x00000143   Thumb Code     0  libinit2.o(.ARM.Collect$$libinit$$00000031)
    __rt_lib_init_signal_1                   0x00000143   Thumb Code     0  libinit2.o(.ARM.Collect$$libinit$$0000001B)
    __rt_lib_init_stdio_1                    0x00000143   Thumb Code     0  libinit2.o(.ARM.Collect$$libinit$$00000023)
    __rt_lib_init_user_alloc_1               0x00000143   Thumb Code     0  libinit2.o(.ARM.Collect$$libinit$$0000000A)
    __rt_lib_shutdown                        0x00000145   Thumb Code     0  libshutdown.o(.ARM.Collect$$libshutdown$$00000000)
    __rt_lib_shutdown_fp_trap_1              0x00000147   Thumb Code     0  libshutdown2.o(.ARM.Collect$$libshutdown$$00000006)
    __rt_lib_shutdown_heap_1                 0x00000147   Thumb Code     0  libshutdown2.o(.ARM.Collect$$libshutdown$$0000000E)
    __rt_lib_shutdown_return                 0x00000147   Thumb Code     0  libshutdown2.o(.ARM.Collect$$libshutdown$$0000000F)
    __rt_lib_shutdown_signal_1               0x00000147   Thumb Code     0  libshutdown2.o(.ARM.Collect$$libshutdown$$00000009)
    __rt_lib_shutdown_stdio_1                0x00000147   Thumb Code     0  libshutdown2.o(.ARM.Collect$$libshutdown$$00000003)
    __rt_lib_shutdown_user_alloc_1           0x00000147   Thumb Code     0  libshutdown2.o(.ARM.Collect$$libshutdown$$0000000B)
    __rt_exit                                0x00000149   Thumb Code     0  rtexit.o(.ARM.Collect$$rtexit$$00000000)
    __rt_exit_ls                             0x0000014b   Thumb Code     0  rtexit2.o(.ARM.Collect$$rtexit$$00000003)
    __rt_exit_prels_1                        0x0000014b   Thumb Code     0  rtexit2.o(.ARM.Collect$$rtexit$$00000002)
    __rt_exit_exit                           0x0000014f   Thumb Code     0  rtexit2.o(.ARM.Collect$$rtexit$$00000004)
    __rt_entry                               0x00000155   Thumb Code    32  rtx_conf_cm.o(.emb_text)
    rt_set_PSP                               0x00000179   Thumb Code     6  hal_cm3.o(.emb_text)
    rt_get_PSP                               0x0000017f   Thumb Code     6  hal_cm3.o(.emb_text)
    os_set_env                               0x00000185   Thumb Code    24  hal_cm3.o(.emb_text)
    _alloc_box                               0x000001a1   Thumb Code    28  hal_cm3.o(.emb_text)
    _free_box                                0x000001c1   Thumb Code    28  hal_cm3.o(.emb_text)
    SVC_Handler                              0x000001e1   Thumb Code   108  hal_cm3.o(.emb_text)
    PendSV_Handler                           0x00000259   Thumb Code    56  hal_cm3.o(.emb_text)
    SysTick_Handler                          0x00000295   Thumb Code     8  hal_cm3.o(.emb_text)
    OS_Tick_Handler                          0x0000029d   Thumb Code    12  hal_cm3.o(.emb_text)
    Reset_Handler                            0x000002a9   Thumb Code     8  startup_lpc17xx.o(.text)
    NMI_Handler                              0x000002b1   Thumb Code     2  startup_lpc17xx.o(.text)
    HardFault_Handler                        0x000002b3   Thumb Code     2  startup_lpc17xx.o(.text)
    MemManage_Handler                        0x000002b5   Thumb Code     2  startup_lpc17xx.o(.text)
    BusFault_Handler                         0x000002b7   Thumb Code     2  startup_lpc17xx.o(.text)
    UsageFault_Handler                       0x000002b9   Thumb Code     2  startup_lpc17xx.o(.text)
    DebugMon_Handler                         0x000002bd   Thumb Code     2  startup_lpc17xx.o(.text)
    ADC_IRQHandler                           0x000002c3   Thumb Code     0  startup_lpc17xx.o(.text)
    BOD_IRQHandler                           0x000002c3   Thumb Code     0  startup_lpc17xx.o(.text)
    CANActivity_IRQHandler                   0x000002c3   Thumb Code     0  startup_lpc17xx.o(.text)
    CAN_IRQHandler                           0x000002c3   Thumb Code     0  startup_lpc17xx.o(.text)
    DMA_IRQHandler                           0x000002c3   Thumb Code     0  startup_lpc17xx.o(.text)
    EINT0_IRQHandler                         0x000002c3   Thumb Code     0  startup_lpc17xx.o(.text)
    EINT1_IRQHandler                         0x000002c3   Thumb Code     0  startup_lpc17xx.o(.text)
    EINT2_IRQHandler                         0x000002c3   Thumb Code     0  startup_lpc17xx.o(.text)
    EINT3_IRQHandler                         0x000002c3   Thumb Code     0  startup_lpc17xx.o(.text)
    ENET_IRQHandler                          0x000002c3   Thumb Code     0  startup_lpc17xx.o(.text)
    I2C0_IRQHandler                          0x000002c3   Thumb Code     0  startup_lpc17xx.o(.text)
    I2C1_IRQHandler                          0x000002c3   Thumb Code     0  startup_lpc17xx.o(.text)
    I2C2_IRQHandler                          0x000002c3   Thumb Code     0  startup_lpc17xx.o(.text)
    I2S_IRQHandler                           0x000002c3   Thumb Code     0  startup_lpc17xx.o(.text)
    MCPWM_IRQHandler                         0x000002c3   Thumb Code     0  startup_lpc17xx.o(.text)
    PLL0_IRQHandler                          0x000002c3   Thumb Code     0  startup_lpc17xx.o(.text)
    PLL1_IRQHandler                          0x000002c3   Thumb Code     0  startup_lpc17xx.o(.text)
    PWM1_IRQHandler                          0x000002c3   Thumb Code     0  startup_lpc17xx.o(.text)
    QEI_IRQHandler                           0x000002c3   Thumb Code     0  startup_lpc17xx.o(.text)
    RIT_IRQHandler                           0x000002c3   Thumb Code     0  startup_lpc17xx.o(.text)
    RTC_IRQHandler                           0x000002c3   Thumb Code     0  startup_lpc17xx.o(.text)
    SPI_IRQHandler                           0x000002c3   Thumb Code     0  startup_lpc17xx.o(.text)
    SSP0_IRQHandler                          0x000002c3   Thumb Code     0  startup_lpc17xx.o(.text)
    SSP1_IRQHandler                          0x000002c3   Thumb Code     0  startup_lpc17xx.o(.text)
    TIMER0_IRQHandler                        0x000002c3   Thumb Code     0  startup_lpc17xx.o(.text)
    TIMER1_IRQHandler                        0x000002c3   Thumb Code     0  startup_lpc17xx.o(.text)
    TIMER2_IRQHandler                        0x000002c3   Thumb Code     0  startup_lpc17xx.o(.text)
    TIMER3_IRQHandler                        0x000002c3   Thumb Code     0  startup_lpc17xx.o(.text)
    UART0_IRQHandler                         0x000002c3   Thumb Code     0  startup_lpc17xx.o(.text)
    UART1_IRQHandler                         0x000002c3   Thumb Code     0  startup_lpc17xx.o(.text)
    UART2_IRQHandler                         0x000002c3   Thumb Code     0  startup_lpc17xx.o(.text)
    UART3_IRQHandler                         0x000002c3   Thumb Code     0  startup_lpc17xx.o(.text)
    USBActivity_IRQHandler                   0x000002c3   Thumb Code     0  startup_lpc17xx.o(.text)
    USB_IRQHandler                           0x000002c3   Thumb Code     0  startup_lpc17xx.o(.text)
    WDT_IRQHandler                           0x000002c3   Thumb Code     0  startup_lpc17xx.o(.text)
    __user_initial_stackheap                 0x000002c5   Thumb Code     0  startup_lpc17xx.o(.text)
    __user_libspace                          0x000002e5   Thumb Code     8  libspace.o(.text)
    __user_perproc_libspace                  0x000002e5   Thumb Code     0  libspace.o(.text)
    exit                                     0x000002ed   Thumb Code    12  exit.o(.text)
    __aeabi_errno_addr                       0x000002f9   Thumb Code     4  rt_errno_addr_twolibspace.o(.text)
    __errno$twolibspace                      0x000002f9   Thumb Code     0  rt_errno_addr_twolibspace.o(.text)
    __rt_errno_addr$twolibspace              0x000002f9   Thumb Code     0  rt_errno_addr_twolibspace.o(.text)
    SystemCoreClockUpdate                    0x00000301   Thumb Code   424  system_lpc17xx.o(.text)
    __RL_RTX_VER                             0x00000450   Number         0  rt_system.o ABSOLUTE
    SystemInit                               0x000004a9   Thumb Code   282  system_lpc17xx.o(.text)
    threadA                                  0x00000611   Thumb Code    56  demo-1.o(.text)
    threadB                                  0x00000649   Thumb Code   142  demo-1.o(.text)
    threadC                                  0x000006d7   Thumb Code    52  demo-1.o(.text)
    threadD                                  0x0000070b   Thumb Code   170  demo-1.o(.text)
    threadE                                  0x000007b5   Thumb Code   130  demo-1.o(.text)
    main                                     0x00000837   Thumb Code    86  demo-1.o(.text)
    os_idle_demon                            0x000008e1   Thumb Code     4  rtx_conf_cm.o(.text)
    os_error                                 0x000008e5   Thumb Code     4  rtx_conf_cm.o(.text)
    __user_perthread_libspace                0x000008e9   Thumb Code    26  rtx_conf_cm.o(.text)
    _mutex_initialize                        0x00000903   Thumb Code    38  rtx_conf_cm.o(.text)
    _mutex_acquire                           0x00000929   Thumb Code    26  rtx_conf_cm.o(.text)
    _mutex_release                           0x00000943   Thumb Code    22  rtx_conf_cm.o(.text)
    __user_setup_stackheap                   0x00000971   Thumb Code    74  sys_stackheap_outer.o(.text)
    __aeabi_uldivmod                         0x000009bb   Thumb Code     0  lludivv7m.o(.text)
    _ll_udiv                                 0x000009bb   Thumb Code   238  lludivv7m.o(.text)
    __use_two_region_memory                  0x00000aa9   Thumb Code     2  heapauxi.o(.text)
    __rt_heap_escrow$2region                 0x00000aab   Thumb Code     2  heapauxi.o(.text)
    __rt_heap_expand$2region                 0x00000aad   Thumb Code     2  heapauxi.o(.text)
    __read_errno                             0x00000aaf   Thumb Code    10  _rserrno.o(.text)
    __set_errno                              0x00000ab9   Thumb Code    12  _rserrno.o(.text)
    _sys_exit                                0x00000ac5   Thumb Code     8  sys_exit.o(.text)
    __I$use$semihosting                      0x00000ad1   Thumb Code     0  use_no_semi.o(.text)
    __use_no_semihosting_swi                 0x00000ad1   Thumb Code     2  use_no_semi.o(.text)
    __semihosting_library_function           0x00000ad3   Thumb Code     0  indicate_semi.o(.text)
    SVC_Count                                0x00000ad4   Data           4  SVC_Table.o(SVC_TABLE)
    SVC_Table                                0x00000ad8   Data           0  SVC_Table.o(SVC_TABLE)
    __ARM_fpclassify                         0x00000ad9   Thumb Code    40  fpclassify.o(i.__ARM_fpclassify)
    __kernel_poly                            0x00000b01   Thumb Code   170  poly.o(i.__kernel_poly)
    __mathlib_dbl_underflow                  0x00000bad   Thumb Code    10  dunder.o(i.__mathlib_dbl_underflow)
    _init_box                                0x00000bbd   Thumb Code    70  rt_membox.o(i._init_box)
    dbg_init                                 0x00000c05   Thumb Code    34  hal_cm.o(i.dbg_init)
    dbg_task_notify                          0x00000c35   Thumb Code    32  hal_cm.o(i.dbg_task_notify)
    dbg_task_switch                          0x00000c55   Thumb Code    16  hal_cm.o(i.dbg_task_switch)
    isr_mbx_receive                          0x00000c91   Thumb Code    80  rt_mailbox.o(i.isr_mbx_receive)
    isr_mbx_send                             0x00000ce1   Thumb Code    14  rt_mailbox.o(i.isr_mbx_send)
    osDelay                                  0x00000cf1   Thumb Code    18  rt_cmsis.o(i.osDelay)
    osKernelInitialize                       0x00000d09   Thumb Code    30  rt_cmsis.o(i.osKernelInitialize)
    osKernelStart                            0x00000d2d   Thumb Code    98  rt_cmsis.o(i.osKernelStart)
    osMessageGet                             0x00000d99   Thumb Code    62  rt_cmsis.o(i.osMessageGet)
    osThreadCreate                           0x00000ddd   Thumb Code    38  rt_cmsis.o(i.osThreadCreate)
    osThreadExit                             0x00000e0d   Thumb Code    14  rt_cmsis.o(i.osThreadExit)
    osThreadTerminate                        0x00000e25   Thumb Code    18  rt_cmsis.o(i.osThreadTerminate)
    osTimerCall                              0x00000e3d   Thumb Code     8  rt_cmsis.o(i.osTimerCall)
    osTimerThread                            0x00000e49   Thumb Code    38  rt_cmsis.o(i.osTimerThread)
    os_tick_init                             0x00000e75   Thumb Code    32  rt_system.o(i.os_tick_init)
    os_tick_irqack                           0x00000e9d   Thumb Code     2  rt_system.o(i.os_tick_irqack)
    pow                                      0x00000ea1   Thumb Code  2510  pow.o(i.pow)
    rt_alloc_box                             0x00001881   Thumb Code    26  rt_membox.o(i.rt_alloc_box)
    rt_alloc_mem                             0x0000189b   Thumb Code    60  rt_memory.o(i.rt_alloc_mem)
    rt_block                                 0x000018d9   Thumb Code    48  rt_task.o(i.rt_block)
    rt_chk_robin                             0x00001911   Thumb Code    60  rt_robin.o(i.rt_chk_robin)
    rt_dec_dly                               0x00001959   Thumb Code   102  rt_list.o(i.rt_dec_dly)
    rt_dispatch                              0x000019c9   Thumb Code    60  rt_task.o(i.rt_dispatch)
    rt_dly_wait                              0x00001a0d   Thumb Code     6  rt_time.o(i.rt_dly_wait)
    rt_evt_psh                               0x00001a15   Thumb Code    76  rt_event.o(i.rt_evt_psh)
    rt_free_box                              0x00001a65   Thumb Code    32  rt_membox.o(i.rt_free_box)
    rt_free_mem                              0x00001a85   Thumb Code    40  rt_memory.o(i.rt_free_mem)
    rt_get_first                             0x00001aad   Thumb Code    40  rt_list.o(i.rt_get_first)
    rt_get_same_rdy_prio                     0x00001ad5   Thumb Code    26  rt_list.o(i.rt_get_same_rdy_prio)
    rt_init_mem                              0x00001b41   Thumb Code    26  rt_memory.o(i.rt_init_mem)
    rt_init_robin                            0x00001b5d   Thumb Code    14  rt_robin.o(i.rt_init_robin)
    rt_init_stack                            0x00001b75   Thumb Code    70  hal_cm.o(i.rt_init_stack)
    rt_mbx_check                             0x00001bc5   Thumb Code     8  rt_mailbox.o(i.rt_mbx_check)
    rt_mbx_init                              0x00001bcd   Thumb Code    28  rt_mailbox.o(i.rt_mbx_init)
    rt_mbx_psh                               0x00001be9   Thumb Code   234  rt_mailbox.o(i.rt_mbx_psh)
    rt_mbx_wait                              0x00001cd9   Thumb Code   170  rt_mailbox.o(i.rt_mbx_wait)
    rt_mut_init                              0x00001dc5   Thumb Code    16  rt_mutex.o(i.rt_mut_init)
    rt_mut_release                           0x00001dd5   Thumb Code   150  rt_mutex.o(i.rt_mut_release)
    rt_mut_wait                              0x00001e75   Thumb Code    96  rt_mutex.o(i.rt_mut_wait)
    rt_pop_req                               0x00001ed9   Thumb Code   106  rt_system.o(i.rt_pop_req)
    rt_psh_req                               0x00001f51   Thumb Code    22  rt_system.o(i.rt_psh_req)
    rt_psq_enq                               0x00001f71   Thumb Code    82  rt_list.o(i.rt_psq_enq)
    rt_put_dly                               0x00001fc9   Thumb Code    68  rt_list.o(i.rt_put_dly)
    rt_put_prio                              0x00002011   Thumb Code    54  rt_list.o(i.rt_put_prio)
    rt_put_rdy_first                         0x00002049   Thumb Code    14  rt_list.o(i.rt_put_rdy_first)
    rt_resort_prio                           0x0000205d   Thumb Code    46  rt_list.o(i.rt_resort_prio)
    rt_ret_val                               0x00002091   Thumb Code     6  hal_cm.o(i.rt_ret_val)
    rt_ret_val2                              0x00002097   Thumb Code     8  hal_cm.o(i.rt_ret_val2)
    rt_rmv_dly                               0x0000209f   Thumb Code    40  rt_list.o(i.rt_rmv_dly)
    rt_rmv_list                              0x000020c9   Thumb Code    44  rt_list.o(i.rt_rmv_list)
    rt_sem_psh                               0x000020f9   Thumb Code    48  rt_semaphore.o(i.rt_sem_psh)
    rt_stk_check                             0x0000212d   Thumb Code    28  rt_system.o(i.rt_stk_check)
    rt_switch_req                            0x00002151   Thumb Code    30  rt_task.o(i.rt_switch_req)
    rt_sys_init                              0x00002179   Thumb Code   200  rt_task.o(i.rt_sys_init)
    rt_sys_start                             0x00002285   Thumb Code    44  rt_task.o(i.rt_sys_start)
    rt_systick                               0x000022b9   Thumb Code    48  rt_system.o(i.rt_systick)
    rt_tsk_create                            0x00002341   Thumb Code   116  rt_task.o(i.rt_tsk_create)
    rt_tsk_delete                            0x000023c5   Thumb Code   162  rt_task.o(i.rt_tsk_delete)
    rt_tsk_pass                              0x00002481   Thumb Code    38  rt_task.o(i.rt_tsk_pass)
    rt_tsk_prio                              0x000024b1   Thumb Code    98  rt_task.o(i.rt_tsk_prio)
    rt_tsk_self                              0x00002525   Thumb Code    12  rt_task.o(i.rt_tsk_self)
    sqrt                                     0x00002535   Thumb Code    76  sqrt.o(i.sqrt)
    svcDelay                                 0x00002581   Thumb Code    20  rt_cmsis.o(i.svcDelay)
    svcKernelInitialize                      0x00002595   Thumb Code    78  rt_cmsis.o(i.svcKernelInitialize)
    svcKernelStart                           0x00002605   Thumb Code    46  rt_cmsis.o(i.svcKernelStart)
    svcMessageCreate                         0x0000263d   Thumb Code    36  rt_cmsis.o(i.svcMessageCreate)
    svcMessageGet                            0x00002661   Thumb Code    58  rt_cmsis.o(i.svcMessageGet)
    svcThreadCreate                          0x0000269d   Thumb Code   100  rt_cmsis.o(i.svcThreadCreate)
    svcThreadGetId                           0x0000270d   Thumb Code    22  rt_cmsis.o(i.svcThreadGetId)
    svcThreadTerminate                       0x00002729   Thumb Code    50  rt_cmsis.o(i.svcThreadTerminate)
    svcTimerCall                             0x00002761   Thumb Code    24  rt_cmsis.o(i.svcTimerCall)
    sysTimerTick                             0x00002779   Thumb Code    76  rt_cmsis.o(i.sysTimerTick)
    __aeabi_dadd                             0x000027cd   Thumb Code     0  daddsub_clz.o(x$fpl$dadd)
    _dadd                                    0x000027cd   Thumb Code   332  daddsub_clz.o(x$fpl$dadd)
    __fpl_dcheck_NaN1                        0x0000291d   Thumb Code    10  dcheck1.o(x$fpl$dcheck1)
    __fpl_dcmp_Inf                           0x0000292d   Thumb Code    24  dcmpi.o(x$fpl$dcmpinf)
    __aeabi_ddiv                             0x00002945   Thumb Code     0  ddiv.o(x$fpl$ddiv)
    _ddiv                                    0x00002945   Thumb Code   552  ddiv.o(x$fpl$ddiv)
    __aeabi_cdcmpeq                          0x00002bf5   Thumb Code     0  deqf.o(x$fpl$deqf)
    _dcmpeq                                  0x00002bf5   Thumb Code   120  deqf.o(x$fpl$deqf)
    __aeabi_d2iz                             0x00002c6d   Thumb Code     0  dfix.o(x$fpl$dfix)
    _dfix                                    0x00002c6d   Thumb Code    94  dfix.o(x$fpl$dfix)
    __aeabi_i2d                              0x00002ccb   Thumb Code     0  dflt_clz.o(x$fpl$dflt)
    _dflt                                    0x00002ccb   Thumb Code    46  dflt_clz.o(x$fpl$dflt)
    __aeabi_cdcmple                          0x00002cf9   Thumb Code     0  dleqf.o(x$fpl$dleqf)
    _dcmple                                  0x00002cf9   Thumb Code   120  dleqf.o(x$fpl$dleqf)
    __fpl_dcmple_InfNaN                      0x00002d5b   Thumb Code     0  dleqf.o(x$fpl$dleqf)
    __aeabi_dmul                             0x00002d71   Thumb Code     0  dmul.o(x$fpl$dmul)
    _dmul                                    0x00002d71   Thumb Code   332  dmul.o(x$fpl$dmul)
    __fpl_dnaninf                            0x00002ec5   Thumb Code   156  dnaninf.o(x$fpl$dnaninf)
    __fpl_dretinf                            0x00002f61   Thumb Code    12  dretinf.o(x$fpl$dretinf)
    __aeabi_cdrcmple                         0x00002f6d   Thumb Code     0  drleqf.o(x$fpl$drleqf)
    _drcmple                                 0x00002f6d   Thumb Code   108  drleqf.o(x$fpl$drleqf)
    __aeabi_drsub                            0x00002fd9   Thumb Code     0  daddsub_clz.o(x$fpl$drsb)
    _drsb                                    0x00002fd9   Thumb Code    22  daddsub_clz.o(x$fpl$drsb)
    _dsqrt                                   0x00002ff1   Thumb Code   456  dsqrt_noumaal.o(x$fpl$dsqrt)
    __aeabi_dsub                             0x000031bd   Thumb Code     0  daddsub_clz.o(x$fpl$dsub)
    _dsub                                    0x000031bd   Thumb Code   464  daddsub_clz.o(x$fpl$dsub)
    __fpl_return_NaN                         0x00003391   Thumb Code   100  retnan.o(x$fpl$retnan)
    __ARM_scalbn                             0x000033f5   Thumb Code    92  scalbn.o(x$fpl$scalbn)
    __fpl_cmpreturn                          0x00003451   Thumb Code    48  trapv.o(x$fpl$trapveneer)
    __I$use$fp                               0x00003480   Number         0  usenofp.o(x$fpl$usenofp)
    os_thread_def_threadA                    0x00003480   Data          16  demo-1.o(.constdata)
    os_thread_def_threadB                    0x00003490   Data          16  demo-1.o(.constdata)
    os_thread_def_threadC                    0x000034a0   Data          16  demo-1.o(.constdata)
    os_thread_def_threadD                    0x000034b0   Data          16  demo-1.o(.constdata)
    os_thread_def_threadE                    0x000034c0   Data          16  demo-1.o(.constdata)
    os_maxtaskrun                            0x000034d0   Data           2  rtx_conf_cm.o(.constdata)
    os_stackinfo                             0x000034d4   Data           4  rtx_conf_cm.o(.constdata)
    os_rrobin                                0x000034d8   Data           4  rtx_conf_cm.o(.constdata)
    os_tickfreq                              0x000034dc   Data           4  rtx_conf_cm.o(.constdata)
    os_tickus_i                              0x000034e0   Data           2  rtx_conf_cm.o(.constdata)
    os_tickus_f                              0x000034e2   Data           2  rtx_conf_cm.o(.constdata)
    os_trv                                   0x000034e4   Data           4  rtx_conf_cm.o(.constdata)
    os_flags                                 0x000034e8   Data           1  rtx_conf_cm.o(.constdata)
    os_clockrate                             0x000034ec   Data           4  rtx_conf_cm.o(.constdata)
    os_timernum                              0x000034f0   Data           4  rtx_conf_cm.o(.constdata)
    mp_tcb_size                              0x000034f4   Data           2  rtx_conf_cm.o(.constdata)
    mp_stk_size                              0x000034f8   Data           4  rtx_conf_cm.o(.constdata)
    os_stack_sz                              0x000034fc   Data           4  rtx_conf_cm.o(.constdata)
    os_fifo_size                             0x00003500   Data           1  rtx_conf_cm.o(.constdata)
    os_thread_def_osTimerThread              0x00003504   Data          16  rtx_conf_cm.o(.constdata)
    os_messageQ_def_osTimerMessageQ          0x00003514   Data           8  rtx_conf_cm.o(.constdata)
    mp_tmr_size                              0x0000351c   Data           2  rtx_conf_cm.o(.constdata)
    __mathlib_zero                           0x000035a8   Data           8  qnan.o(.constdata)
    Region$$Table$$Base                      0x000035b0   Number         0  anon$$obj.o(Region$$Table)
    Region$$Table$$Limit                     0x000035d0   Number         0  anon$$obj.o(Region$$Table)
    SystemCoreClock                          0x10000000   Data           4  system_lpc17xx.o(.data)
    idA                                      0x10000008   Data           4  demo-1.o(.data)
    idB                                      0x1000000c   Data           4  demo-1.o(.data)
    idC                                      0x10000010   Data           4  demo-1.o(.data)
    idD                                      0x10000014   Data           4  demo-1.o(.data)
    idE                                      0x10000018   Data           4  demo-1.o(.data)
    x                                        0x1000001c   Data           4  demo-1.o(.data)
    i                                        0x10000020   Data           4  demo-1.o(.data)
    p                                        0x10000024   Data           4  demo-1.o(.data)
    j                                        0x10000028   Data           4  demo-1.o(.data)
    n                                        0x1000002c   Data           4  demo-1.o(.data)
    m                                        0x10000030   Data           4  demo-1.o(.data)
    factor                                   0x10000038   Data           8  demo-1.o(.data)
    countIDLE                                0x10000040   Data           4  rtx_conf_cm.o(.data)
    os_tmr                                   0x10000044   Data           4  rtx_conf_cm.o(.data)
    m_tmr                                    0x10000048   Data           4  rtx_conf_cm.o(.data)
    os_thread_def_main                       0x1000004c   Data          16  rtx_conf_cm.o(.data)
    osThreadId_osTimerThread                 0x1000005c   Data           4  rtx_conf_cm.o(.data)
    osMessageQId_osTimerMessageQ             0x10000060   Data           4  rtx_conf_cm.o(.data)
    os_initialized                           0x10000068   Data           1  rt_cmsis.o(.data)
    os_running                               0x10000069   Data           1  rt_cmsis.o(.data)
    os_timer_head                            0x1000006c   Data           4  rt_cmsis.o(.data)
    os_tsk                                   0x10000070   Data           8  rt_task.o(.data)
    os_tick_irqn                             0x1000007c   Data           4  rt_system.o(.data)
    os_time                                  0x10000080   Data           4  rt_time.o(.data)
    os_robin                                 0x10000084   Data           8  rt_robin.o(.data)
    dbg_msg                                  0x1000008c   Data           1  hal_cm.o(.data)
    mp_tcb                                   0x10000090   Data         348  rtx_conf_cm.o(.bss)
    mp_stk                                   0x100001f0   Data        1216  rtx_conf_cm.o(.bss)
    os_stack_mem                             0x100006b0   Data         432  rtx_conf_cm.o(.bss)
    os_fifo                                  0x10000860   Data         132  rtx_conf_cm.o(.bss)
    os_active_TCB                            0x100008e4   Data          28  rtx_conf_cm.o(.bss)
    os_messageQ_q_osTimerMessageQ            0x10000900   Data          32  rtx_conf_cm.o(.bss)
    os_idle_TCB                              0x10000c20   Data          48  rt_task.o(.bss)
    os_rdy                                   0x10000c50   Data          24  rt_list.o(.bss)
    os_dly                                   0x10000c68   Data          24  rt_list.o(.bss)
    __libspace_start                         0x10000c80   Data          96  libspace.o(.bss)
    __temporary_stack_top$libspace           0x10000ce0   Data           0  libspace.o(.bss)



==============================================================================

Memory Map of the image

  Image Entry point : 0x000000cd

  Load Region LR_IROM1 (Base: 0x00000000, Size: 0x00003660, Max: 0x00080000, ABSOLUTE)

    Execution Region ER_IROM1 (Base: 0x00000000, Size: 0x000035d0, Max: 0x00080000, ABSOLUTE)

    Base Addr    Size         Type   Attr      Idx    E Section Name        Object

    0x00000000   0x000000cc   Data   RO            3    RESET               startup_lpc17xx.o
    0x000000cc   0x00000008   Code   RO         1413  * !!!main             c_w.l(__main.o)
    0x000000d4   0x00000034   Code   RO         1627    !!!scatter          c_w.l(__scatter.o)
    0x00000108   0x0000001a   Code   RO         1629    !!handler_copy      c_w.l(__scatter_copy.o)
    0x00000122   0x00000002   PAD
    0x00000124   0x0000001c   Code   RO         1631    !!handler_zi        c_w.l(__scatter_zi.o)
    0x00000140   0x00000002   Code   RO         1412    .ARM.Collect$$libinit$$00000000  c_w.l(libinit.o)
    0x00000142   0x00000000   Code   RO         1458    .ARM.Collect$$libinit$$00000002  c_w.l(libinit2.o)
    0x00000142   0x00000000   Code   RO         1461    .ARM.Collect$$libinit$$00000008  c_w.l(libinit2.o)
    0x00000142   0x00000000   Code   RO         1463    .ARM.Collect$$libinit$$0000000A  c_w.l(libinit2.o)
    0x00000142   0x00000000   Code   RO         1465    .ARM.Collect$$libinit$$0000000C  c_w.l(libinit2.o)
    0x00000142   0x00000000   Code   RO         1468    .ARM.Collect$$libinit$$0000000F  c_w.l(libinit2.o)
    0x00000142   0x00000000   Code   RO         1470    .ARM.Collect$$libinit$$00000011  c_w.l(libinit2.o)
    0x00000142   0x00000000   Code   RO         1472    .ARM.Collect$$libinit$$00000013  c_w.l(libinit2.o)
    0x00000142   0x00000000   Code   RO         1474    .ARM.Collect$$libinit$$00000015  c_w.l(libinit2.o)
    0x00000142   0x00000000   Code   RO         1476    .ARM.Collect$$libinit$$00000017  c_w.l(libinit2.o)
    0x00000142   0x00000000   Code   RO         1478    .ARM.Collect$$libinit$$00000019  c_w.l(libinit2.o)
    0x00000142   0x00000000   Code   RO         1480    .ARM.Collect$$libinit$$0000001B  c_w.l(libinit2.o)
    0x00000142   0x00000000   Code   RO         1482    .ARM.Collect$$libinit$$0000001D  c_w.l(libinit2.o)
    0x00000142   0x00000000   Code   RO         1484    .ARM.Collect$$libinit$$0000001F  c_w.l(libinit2.o)
    0x00000142   0x00000000   Code   RO         1486    .ARM.Collect$$libinit$$00000021  c_w.l(libinit2.o)
    0x00000142   0x00000000   Code   RO         1488    .ARM.Collect$$libinit$$00000023  c_w.l(libinit2.o)
    0x00000142   0x00000000   Code   RO         1492    .ARM.Collect$$libinit$$0000002A  c_w.l(libinit2.o)
    0x00000142   0x00000000   Code   RO         1494    .ARM.Collect$$libinit$$0000002C  c_w.l(libinit2.o)
    0x00000142   0x00000000   Code   RO         1496    .ARM.Collect$$libinit$$0000002E  c_w.l(libinit2.o)
    0x00000142   0x00000000   Code   RO         1498    .ARM.Collect$$libinit$$00000030  c_w.l(libinit2.o)
    0x00000142   0x00000002   Code   RO         1499    .ARM.Collect$$libinit$$00000031  c_w.l(libinit2.o)
    0x00000144   0x00000002   Code   RO         1564    .ARM.Collect$$libshutdown$$00000000  c_w.l(libshutdown.o)
    0x00000146   0x00000000   Code   RO         1586    .ARM.Collect$$libshutdown$$00000003  c_w.l(libshutdown2.o)
    0x00000146   0x00000000   Code   RO         1589    .ARM.Collect$$libshutdown$$00000006  c_w.l(libshutdown2.o)
    0x00000146   0x00000000   Code   RO         1592    .ARM.Collect$$libshutdown$$00000009  c_w.l(libshutdown2.o)
    0x00000146   0x00000000   Code   RO         1594    .ARM.Collect$$libshutdown$$0000000B  c_w.l(libshutdown2.o)
    0x00000146   0x00000000   Code   RO         1597    .ARM.Collect$$libshutdown$$0000000E  c_w.l(libshutdown2.o)
    0x00000146   0x00000002   Code   RO         1598    .ARM.Collect$$libshutdown$$0000000F  c_w.l(libshutdown2.o)
    0x00000148   0x00000002   Code   RO         1449    .ARM.Collect$$rtexit$$00000000  c_w.l(rtexit.o)
    0x0000014a   0x00000000   Code   RO         1527    .ARM.Collect$$rtexit$$00000002  c_w.l(rtexit2.o)
    0x0000014a   0x00000004   Code   RO         1528    .ARM.Collect$$rtexit$$00000003  c_w.l(rtexit2.o)
    0x0000014e   0x00000006   Code   RO         1529    .ARM.Collect$$rtexit$$00000004  c_w.l(rtexit2.o)
    0x00000154   0x00000024   Code   RO          209    .emb_text           rtx_conf_cm.o
    0x00000178   0x00000130   Code   RO         1386    .emb_text           RTX_CM3.lib(hal_cm3.o)
    0x000002a8   0x0000003c   Code   RO            5    .text               startup_lpc17xx.o
    0x000002e4   0x00000008   Code   RO         1401    .text               c_w.l(libspace.o)
    0x000002ec   0x0000000c   Code   RO         1408    .text               c_w.l(exit.o)
    0x000002f8   0x00000004   Code   RO         1540    .text               c_w.l(rt_errno_addr_twolibspace.o)
    0x000002fc   0x00000004   Code   RO            4    .ARM.__at_0x02FC    startup_lpc17xx.o
    0x00000300   0x00000310   Code   RO           15    .text               system_lpc17xx.o
    0x00000610   0x000002d0   Code   RO           58    .text               demo-1.o
    0x000008e0   0x00000090   Code   RO          210    .text               rtx_conf_cm.o
    0x00000970   0x0000004a   Code   RO         1404    .text               c_w.l(sys_stackheap_outer.o)
    0x000009ba   0x000000ee   Code   RO         1406    .text               c_w.l(lludivv7m.o)
    0x00000aa8   0x00000006   Code   RO         1410    .text               c_w.l(heapauxi.o)
    0x00000aae   0x00000016   Code   RO         1455    .text               c_w.l(_rserrno.o)
    0x00000ac4   0x0000000c   Code   RO         1552    .text               c_w.l(sys_exit.o)
    0x00000ad0   0x00000002   Code   RO         1569    .text               c_w.l(use_no_semi.o)
    0x00000ad2   0x00000000   Code   RO         1571    .text               c_w.l(indicate_semi.o)
    0x00000ad2   0x00000002   PAD
    0x00000ad4   0x00000004   Code   RO         1396    SVC_TABLE           RTX_CM3.lib(SVC_Table.o)
    0x00000ad8   0x00000028   Code   RO         1513    i.__ARM_fpclassify  m_ws.l(fpclassify.o)
    0x00000b00   0x000000aa   Code   RO         1515    i.__kernel_poly     m_ws.l(poly.o)
    0x00000baa   0x00000002   PAD
    0x00000bac   0x00000010   Code   RO         1511    i.__mathlib_dbl_underflow  m_ws.l(dunder.o)
    0x00000bbc   0x00000046   Code   RO         1285    i._init_box         RTX_CM3.lib(rt_membox.o)
    0x00000c02   0x00000002   PAD
    0x00000c04   0x00000030   Code   RO         1338    i.dbg_init          RTX_CM3.lib(hal_cm.o)
    0x00000c34   0x00000020   Code   RO         1339    i.dbg_task_notify   RTX_CM3.lib(hal_cm.o)
    0x00000c54   0x00000010   Code   RO         1340    i.dbg_task_switch   RTX_CM3.lib(hal_cm.o)
    0x00000c64   0x0000002c   Code   RO          242    i.isrMessagePut     RTX_CM3.lib(rt_cmsis.o)
    0x00000c90   0x00000050   Code   RO         1140    i.isr_mbx_receive   RTX_CM3.lib(rt_mailbox.o)
    0x00000ce0   0x0000000e   Code   RO         1141    i.isr_mbx_send      RTX_CM3.lib(rt_mailbox.o)
    0x00000cee   0x00000002   PAD
    0x00000cf0   0x00000018   Code   RO          243    i.osDelay           RTX_CM3.lib(rt_cmsis.o)
    0x00000d08   0x00000024   Code   RO          244    i.osKernelInitialize  RTX_CM3.lib(rt_cmsis.o)
    0x00000d2c   0x0000006c   Code   RO          246    i.osKernelStart     RTX_CM3.lib(rt_cmsis.o)
    0x00000d98   0x00000044   Code   RO          255    i.osMessageGet      RTX_CM3.lib(rt_cmsis.o)
    0x00000ddc   0x00000030   Code   RO          272    i.osThreadCreate    RTX_CM3.lib(rt_cmsis.o)
    0x00000e0c   0x00000018   Code   RO          273    i.osThreadExit      RTX_CM3.lib(rt_cmsis.o)
    0x00000e24   0x00000018   Code   RO          277    i.osThreadTerminate  RTX_CM3.lib(rt_cmsis.o)
    0x00000e3c   0x0000000c   Code   RO          279    i.osTimerCall       RTX_CM3.lib(rt_cmsis.o)
    0x00000e48   0x0000002c   Code   RO          284    i.osTimerThread     RTX_CM3.lib(rt_cmsis.o)
    0x00000e74   0x00000028   Code   RO          932    i.os_tick_init      RTX_CM3.lib(rt_system.o)
    0x00000e9c   0x00000002   Code   RO          933    i.os_tick_irqack    RTX_CM3.lib(rt_system.o)
    0x00000e9e   0x00000002   PAD
    0x00000ea0   0x000009e0   Code   RO         1440    i.pow               m_ws.l(pow.o)
    0x00001880   0x0000001a   Code   RO         1286    i.rt_alloc_box      RTX_CM3.lib(rt_membox.o)
    0x0000189a   0x0000003c   Code   RO         1314    i.rt_alloc_mem      RTX_CM3.lib(rt_memory.o)
    0x000018d6   0x00000002   PAD
    0x000018d8   0x00000038   Code   RO          817    i.rt_block          RTX_CM3.lib(rt_task.o)
    0x00001910   0x00000048   Code   RO         1263    i.rt_chk_robin      RTX_CM3.lib(rt_robin.o)
    0x00001958   0x00000070   Code   RO         1064    i.rt_dec_dly        RTX_CM3.lib(rt_list.o)
    0x000019c8   0x00000044   Code   RO          818    i.rt_dispatch       RTX_CM3.lib(rt_task.o)
    0x00001a0c   0x00000006   Code   RO         1230    i.rt_dly_wait       RTX_CM3.lib(rt_time.o)
    0x00001a12   0x00000002   PAD
    0x00001a14   0x00000050   Code   RO         1025    i.rt_evt_psh        RTX_CM3.lib(rt_event.o)
    0x00001a64   0x00000020   Code   RO         1287    i.rt_free_box       RTX_CM3.lib(rt_membox.o)
    0x00001a84   0x00000028   Code   RO         1315    i.rt_free_mem       RTX_CM3.lib(rt_memory.o)
    0x00001aac   0x00000028   Code   RO         1065    i.rt_get_first      RTX_CM3.lib(rt_list.o)
    0x00001ad4   0x00000024   Code   RO         1066    i.rt_get_same_rdy_prio  RTX_CM3.lib(rt_list.o)
    0x00001af8   0x00000008   Code   RO          287    i.rt_id2obj         RTX_CM3.lib(rt_cmsis.o)
    0x00001b00   0x00000040   Code   RO          819    i.rt_init_context   RTX_CM3.lib(rt_task.o)
    0x00001b40   0x0000001a   Code   RO         1316    i.rt_init_mem       RTX_CM3.lib(rt_memory.o)
    0x00001b5a   0x00000002   PAD
    0x00001b5c   0x00000018   Code   RO         1264    i.rt_init_robin     RTX_CM3.lib(rt_robin.o)
    0x00001b74   0x00000050   Code   RO         1341    i.rt_init_stack     RTX_CM3.lib(hal_cm.o)
    0x00001bc4   0x00000008   Code   RO         1142    i.rt_mbx_check      RTX_CM3.lib(rt_mailbox.o)
    0x00001bcc   0x0000001c   Code   RO         1143    i.rt_mbx_init       RTX_CM3.lib(rt_mailbox.o)
    0x00001be8   0x000000f0   Code   RO         1144    i.rt_mbx_psh        RTX_CM3.lib(rt_mailbox.o)
    0x00001cd8   0x000000b0   Code   RO         1146    i.rt_mbx_wait       RTX_CM3.lib(rt_mailbox.o)
    0x00001d88   0x0000003c   Code   RO          288    i.rt_ms2tick        RTX_CM3.lib(rt_cmsis.o)
    0x00001dc4   0x00000010   Code   RO          902    i.rt_mut_init       RTX_CM3.lib(rt_mutex.o)
    0x00001dd4   0x000000a0   Code   RO          903    i.rt_mut_release    RTX_CM3.lib(rt_mutex.o)
    0x00001e74   0x00000064   Code   RO          904    i.rt_mut_wait       RTX_CM3.lib(rt_mutex.o)
    0x00001ed8   0x00000078   Code   RO          936    i.rt_pop_req        RTX_CM3.lib(rt_system.o)
    0x00001f50   0x00000020   Code   RO          937    i.rt_psh_req        RTX_CM3.lib(rt_system.o)
    0x00001f70   0x00000058   Code   RO         1067    i.rt_psq_enq        RTX_CM3.lib(rt_list.o)
    0x00001fc8   0x00000048   Code   RO         1068    i.rt_put_dly        RTX_CM3.lib(rt_list.o)
    0x00002010   0x00000036   Code   RO         1069    i.rt_put_prio       RTX_CM3.lib(rt_list.o)
    0x00002046   0x00000002   PAD
    0x00002048   0x00000014   Code   RO         1070    i.rt_put_rdy_first  RTX_CM3.lib(rt_list.o)
    0x0000205c   0x00000034   Code   RO         1071    i.rt_resort_prio    RTX_CM3.lib(rt_list.o)
    0x00002090   0x00000006   Code   RO         1342    i.rt_ret_val        RTX_CM3.lib(hal_cm.o)
    0x00002096   0x00000008   Code   RO         1343    i.rt_ret_val2       RTX_CM3.lib(hal_cm.o)
    0x0000209e   0x00000028   Code   RO         1072    i.rt_rmv_dly        RTX_CM3.lib(rt_list.o)
    0x000020c6   0x00000002   PAD
    0x000020c8   0x00000030   Code   RO         1073    i.rt_rmv_list       RTX_CM3.lib(rt_list.o)
    0x000020f8   0x00000034   Code   RO         1191    i.rt_sem_psh        RTX_CM3.lib(rt_semaphore.o)
    0x0000212c   0x00000024   Code   RO          939    i.rt_stk_check      RTX_CM3.lib(rt_system.o)
    0x00002150   0x00000028   Code   RO          820    i.rt_switch_req     RTX_CM3.lib(rt_task.o)
    0x00002178   0x0000010c   Code   RO          821    i.rt_sys_init       RTX_CM3.lib(rt_task.o)
    0x00002284   0x00000034   Code   RO          822    i.rt_sys_start      RTX_CM3.lib(rt_task.o)
    0x000022b8   0x0000003c   Code   RO          941    i.rt_systick        RTX_CM3.lib(rt_system.o)
    0x000022f4   0x00000012   Code   RO          289    i.rt_tid2ptcb       RTX_CM3.lib(rt_cmsis.o)
    0x00002306   0x00000002   PAD
    0x00002308   0x00000038   Code   RO          290    i.rt_timer_insert   RTX_CM3.lib(rt_cmsis.o)
    0x00002340   0x00000084   Code   RO          823    i.rt_tsk_create     RTX_CM3.lib(rt_task.o)
    0x000023c4   0x000000bc   Code   RO          824    i.rt_tsk_delete     RTX_CM3.lib(rt_task.o)
    0x00002480   0x00000030   Code   RO          825    i.rt_tsk_pass       RTX_CM3.lib(rt_task.o)
    0x000024b0   0x00000074   Code   RO          826    i.rt_tsk_prio       RTX_CM3.lib(rt_task.o)
    0x00002524   0x00000010   Code   RO          827    i.rt_tsk_self       RTX_CM3.lib(rt_task.o)
    0x00002534   0x0000004c   Code   RO         1519    i.sqrt              m_ws.l(sqrt.o)
    0x00002580   0x00000014   Code   RO          292    i.svcDelay          RTX_CM3.lib(rt_cmsis.o)
    0x00002594   0x00000070   Code   RO          293    i.svcKernelInitialize  RTX_CM3.lib(rt_cmsis.o)
    0x00002604   0x00000038   Code   RO          295    i.svcKernelStart    RTX_CM3.lib(rt_cmsis.o)
    0x0000263c   0x00000024   Code   RO          298    i.svcMessageCreate  RTX_CM3.lib(rt_cmsis.o)
    0x00002660   0x0000003a   Code   RO          299    i.svcMessageGet     RTX_CM3.lib(rt_cmsis.o)
    0x0000269a   0x00000002   PAD
    0x0000269c   0x00000070   Code   RO          313    i.svcThreadCreate   RTX_CM3.lib(rt_cmsis.o)
    0x0000270c   0x0000001c   Code   RO          314    i.svcThreadGetId    RTX_CM3.lib(rt_cmsis.o)
    0x00002728   0x00000038   Code   RO          317    i.svcThreadTerminate  RTX_CM3.lib(rt_cmsis.o)
    0x00002760   0x00000018   Code   RO          319    i.svcTimerCall      RTX_CM3.lib(rt_cmsis.o)
    0x00002778   0x00000054   Code   RO          328    i.sysTimerTick      RTX_CM3.lib(rt_cmsis.o)
    0x000027cc   0x00000150   Code   RO         1415    x$fpl$dadd          fz_ws.l(daddsub_clz.o)
    0x0000291c   0x00000010   Code   RO         1544    x$fpl$dcheck1       fz_ws.l(dcheck1.o)
    0x0000292c   0x00000018   Code   RO         1500    x$fpl$dcmpinf       fz_ws.l(dcmpi.o)
    0x00002944   0x000002b0   Code   RO         1422    x$fpl$ddiv          fz_ws.l(ddiv.o)
    0x00002bf4   0x00000078   Code   RO         1425    x$fpl$deqf          fz_ws.l(deqf.o)
    0x00002c6c   0x0000005e   Code   RO         1427    x$fpl$dfix          fz_ws.l(dfix.o)
    0x00002cca   0x0000002e   Code   RO         1432    x$fpl$dflt          fz_ws.l(dflt_clz.o)
    0x00002cf8   0x00000078   Code   RO         1546    x$fpl$dleqf         fz_ws.l(dleqf.o)
    0x00002d70   0x00000154   Code   RO         1437    x$fpl$dmul          fz_ws.l(dmul.o)
    0x00002ec4   0x0000009c   Code   RO         1502    x$fpl$dnaninf       fz_ws.l(dnaninf.o)
    0x00002f60   0x0000000c   Code   RO         1504    x$fpl$dretinf       fz_ws.l(dretinf.o)
    0x00002f6c   0x0000006c   Code   RO         1506    x$fpl$drleqf        fz_ws.l(drleqf.o)
    0x00002fd8   0x00000016   Code   RO         1416    x$fpl$drsb          fz_ws.l(daddsub_clz.o)
    0x00002fee   0x00000002   PAD
    0x00002ff0   0x000001cc   Code   RO         1548    x$fpl$dsqrt         fz_ws.l(dsqrt_noumaal.o)
    0x000031bc   0x000001d4   Code   RO         1417    x$fpl$dsub          fz_ws.l(daddsub_clz.o)
    0x00003390   0x00000064   Code   RO         1565    x$fpl$retnan        fz_ws.l(retnan.o)
    0x000033f4   0x0000005c   Code   RO         1508    x$fpl$scalbn        fz_ws.l(scalbn.o)
    0x00003450   0x00000030   Code   RO         1599    x$fpl$trapveneer    fz_ws.l(trapv.o)
    0x00003480   0x00000000   Code   RO         1510    x$fpl$usenofp       fz_ws.l(usenofp.o)
    0x00003480   0x00000050   Data   RO           60    .constdata          demo-1.o
    0x000034d0   0x0000004e   Data   RO          212    .constdata          rtx_conf_cm.o
    0x0000351e   0x00000002   PAD
    0x00003520   0x00000088   Data   RO         1441    .constdata          m_ws.l(pow.o)
    0x000035a8   0x00000008   Data   RO         1517    .constdata          m_ws.l(qnan.o)
    0x000035b0   0x00000020   Data   RO         1625    Region$$Table       anon$$obj.o


    Execution Region RW_IRAM1 (Base: 0x10000000, Size: 0x00000ee0, Max: 0x00008000, ABSOLUTE)

    Base Addr    Size         Type   Attr      Idx    E Section Name        Object

    0x10000000   0x00000004   Data   RW           16    .data               system_lpc17xx.o
    0x10000004   0x00000004   PAD
    0x10000008   0x00000038   Data   RW           61    .data               demo-1.o
    0x10000040   0x00000028   Data   RW          213    .data               rtx_conf_cm.o
    0x10000068   0x00000008   Data   RW          329    .data               RTX_CM3.lib(rt_cmsis.o)
    0x10000070   0x00000008   Data   RW          829    .data               RTX_CM3.lib(rt_task.o)
    0x10000078   0x00000008   Data   RW          944    .data               RTX_CM3.lib(rt_system.o)
    0x10000080   0x00000004   Data   RW         1234    .data               RTX_CM3.lib(rt_time.o)
    0x10000084   0x00000008   Data   RW         1265    .data               RTX_CM3.lib(rt_robin.o)
    0x1000008c   0x00000001   Data   RW         1344    .data               RTX_CM3.lib(hal_cm.o)
    0x1000008d   0x00000003   PAD
    0x10000090   0x00000b90   Zero   RW          211    .bss                rtx_conf_cm.o
    0x10000c20   0x00000030   Zero   RW          828    .bss                RTX_CM3.lib(rt_task.o)
    0x10000c50   0x00000030   Zero   RW         1074    .bss                RTX_CM3.lib(rt_list.o)
    0x10000c80   0x00000060   Zero   RW         1402    .bss                c_w.l(libspace.o)
    0x10000ce0   0x00000000   Zero   RW            2    HEAP                startup_lpc17xx.o
    0x10000ce0   0x00000200   Zero   RW            1    STACK               startup_lpc17xx.o


==============================================================================

Image component sizes


      Code (inc. data)   RO Data    RW Data    ZI Data      Debug   Object Name

       720         84         80         56          0       6200   demo-1.o
       180         30         78         40       2960       7930   rtx_conf_cm.o
        64         26        204          0        512        856   startup_lpc17xx.o
       784         78          0          4          0       5173   system_lpc17xx.o

    ----------------------------------------------------------------------
      1748        218        396        104       3472      20159   Object Totals
         0          0         32          0          0          0   (incl. Generated)
         0          0          2          4          0          0   (incl. Padding)

    ----------------------------------------------------------------------

      Code (inc. data)   RO Data    RW Data    ZI Data      Debug   Library Member Name

         4          4          0          0          0        148   SVC_Table.o
       190         24          0          1          0       2572   hal_cm.o
       304         36          0          0          0        708   hal_cm3.o
      1160        156          0          8          0      27875   rt_cmsis.o
        80          4          0          0          0        517   rt_event.o
       562         46          0          0         48       7240   rt_list.o
       546         12          0          0          0       3081   rt_mailbox.o
       128          0          0          0          0       1529   rt_membox.o
       126          0          0          0          0       1847   rt_memory.o
       276         14          0          0          0       1581   rt_mutex.o
        96         22          0          8          0        990   rt_robin.o
        52          4          0          0          0        461   rt_semaphore.o
       290         52          0          8          0       5479   rt_system.o
      1048        180          0          8         48       8311   rt_task.o
         6          0          0          4          0        524   rt_time.o
         8          0          0          0          0         68   __main.o
        52          8          0          0          0          0   __scatter.o
        26          0          0          0          0          0   __scatter_copy.o
        28          0          0          0          0          0   __scatter_zi.o
        22          0          0          0          0        100   _rserrno.o
        12          0          0          0          0         72   exit.o
         6          0          0          0          0        152   heapauxi.o
         0          0          0          0          0          0   indicate_semi.o
         2          0          0          0          0          0   libinit.o
         2          0          0          0          0          0   libinit2.o
         2          0          0          0          0          0   libshutdown.o
         2          0          0          0          0          0   libshutdown2.o
         8          4          0          0         96         68   libspace.o
       238          0          0          0          0        100   lludivv7m.o
         4          0          0          0          0         68   rt_errno_addr_twolibspace.o
         2          0          0          0          0          0   rtexit.o
        10          0          0          0          0          0   rtexit2.o
        12          4          0          0          0         68   sys_exit.o
        74          0          0          0          0         80   sys_stackheap_outer.o
         2          0          0          0          0         68   use_no_semi.o
       826         16          0          0          0        348   daddsub_clz.o
        16          4          0          0          0         68   dcheck1.o
        24          0          0          0          0         68   dcmpi.o
       688        140          0          0          0        208   ddiv.o
       120          4          0          0          0         92   deqf.o
        94          4          0          0          0         92   dfix.o
        46          0          0          0          0         68   dflt_clz.o
       120          4          0          0          0         92   dleqf.o
       340         12          0          0          0        104   dmul.o
       156          4          0          0          0         92   dnaninf.o
        12          0          0          0          0         68   dretinf.o
       108          0          0          0          0         80   drleqf.o
       460         56          0          0          0        120   dsqrt_noumaal.o
       100          0          0          0          0         68   retnan.o
        92          0          0          0          0         68   scalbn.o
        48          0          0          0          0         68   trapv.o
         0          0          0          0          0          0   usenofp.o
        16          6          0          0          0         68   dunder.o
        40          0          0          0          0         68   fpclassify.o
       170          0          0          0          0         96   poly.o
      2528        190        136          0          0        332   pow.o
         0          0          8          0          0          0   qnan.o
        76          0          0          0          0         84   sqrt.o

    ----------------------------------------------------------------------
     11488       1010        144         40        192      66059   Library Totals
        28          0          0          3          0          0   (incl. Padding)

    ----------------------------------------------------------------------

      Code (inc. data)   RO Data    RW Data    ZI Data      Debug   Library Name

      4868        554          0         37         96      62863   RTX_CM3.lib
       512         16          0          0         96        844   c_w.l
      3250        244          0          0          0       1704   fz_ws.l
      2830        196        144          0          0        648   m_ws.l

    ----------------------------------------------------------------------
     11488       1010        144         40        192      66059   Library Totals

    ----------------------------------------------------------------------

==============================================================================


      Code (inc. data)   RO Data    RW Data    ZI Data      Debug   

     13236       1228        540        144       3664      80498   Grand Totals
     13236       1228        540        144       3664      80498   ELF Image Totals
     13236       1228        540        144          0          0   ROM Totals

==============================================================================

    Total RO  Size (Code + RO Data)                13776 (  13.45kB)
    Total RW  Size (RW Data + ZI Data)              3808 (   3.72kB)
    Total ROM Size (Code + RO Data + RW Data)      13920 (  13.59kB)

==============================================================================

