<html>
<body>
<pre>
<h1>µVision Build Log</h1>
<h2>Project:</h2>
S:\COE718\Lab_3b\part1\part1.uvproj
Project File Date:  10/28/2019

<h2>Output:</h2>
Rebuild target 'LPC1768'
assembling startup_LPC17xx.s...
compiling system_LPC17xx.c...
compiling Demo-1.c...
compiling ADC.c...
compiling GLCD_SPI_LPC1700.c...
compiling LED.c...
compiling RTX_Conf_CM.c...
U:\coe718\labs\lab3b-threads\RTX_Conf_CM.c(277): warning:  #1-D: last line of file ends without a newline
   *---------------------------------------------------------------------------*/
U:\coe718\labs\lab3b-threads\RTX_Conf_CM.c: 1 warning, 0 errors
linking...
Program Size: Code=13236 RO-data=540 RW-data=144 ZI-data=3664  
".\part1.axf" - 0 Error(s), 1 Warning(s).
</pre>
</body>
</html>

   *---------------------------------------------------------------------------*/
U:\coe718\labs\lab3b-threads\RTX_Conf_CM.c: 1 warning, 0 errors
".\part1.axf" - 1 Error(s), 3 Warning(s).
Target not created
..
compiling RTX_Conf_CM.c...
U:\coe718\labs\lab3b-threads\RTX_Conf_CM.c(277): warning:  #1-D: last line of file ends without a newline
   *---------------------------------------------------------------------------*/
U:\coe718\labs\lab3b-threads\RTX_Conf_CM.c: 1 warning, 0 errors
".\part1.axf" - 5 Error(s), 2 Warning(s).
Target not created
s undefined
        for (int p=1; p<13; p++){
Demo-1.c(101): error:  #20: identifier "threadE" is undefined
  osThreadDef (threadE, osPriorityAboveNormal, 1, 0); //medium priority
Demo-1.c: 1 warning, 12 errors
compiling ADC.c...
compiling GLCD_SPI_LPC1700.c...
compiling LED.c...
compiling RTX_Conf_CM.c...
U:\coe718\labs\lab3b-threads\RTX_Conf_CM.c(277): warning:  #1-D: last line of file ends without a newline
   *---------------------------------------------------------------------------*/
U:\coe718\labs\lab3b-threads\RTX_Conf_CM.c: 1 warning, 0 errors
".\part1.axf" - 12 Error(s), 2 Warning(s).
Target not created
= osThreadCreate (osThread(taskB), NULL);
Demo-1.c(126): error:  #20: identifier "os_thread_def_taskB" is undefined
        ID_B = osThreadCreate (osThread(taskB), NULL);
Demo-1.c(127): error:  #20: identifier "ID_C" is undefined
        ID_C = osThreadCreate (osThread(taskC), NULL); 
Demo-1.c(127): error:  #20: identifier "os_thread_def_taskC" is undefined
        ID_C = osThreadCreate (osThread(taskC), NULL); 
Demo-1.c(128): error:  #20: identifier "ID_D" is undefined
        ID_D = osThreadCreate (osThread(taskD), NULL); 
Demo-1.c(128): error:  #20: identifier "os_thread_def_taskD" is undefined
        ID_D = osThreadCreate (osThread(taskD), NULL); 
Demo-1.c(129): error:  #20: identifier "ID_E" is undefined
        ID_E = osThreadCreate (osThread(taskE), NULL); 
Demo-1.c(129): error:  #20: identifier "os_thread_def_taskE" is undefined
        ID_E = osThreadCreate (osThread(taskE), NULL); 
Demo-1.c: 1 warning, 23 errors
compiling ADC.c...
compiling GLCD_SPI_LPC1700.c...
compiling LED.c...
compiling RTX_Conf_CM.c...
U:\coe718\labs\lab3b-threads\RTX_Conf_CM.c(277): warning:  #1-D: last line of file ends without a newline
   *---------------------------------------------------------------------------*/
U:\coe718\labs\lab3b-threads\RTX_Conf_CM.c: 1 warning, 0 errors
".\part1.axf" - 23 Error(s), 2 Warning(s).
Target not created
Error: Could not load file 'S:\COE718\Lab_3b\part1\part1.axf'. Debugger aborted !
