ARM Linker, 5.03 [Build 76] [MDK-ARM Professional]

==============================================================================

Section Cross References

    startup_lpc17xx.o(STACK) refers (Special) to heapauxi.o(.text) for __use_two_region_memory
    startup_lpc17xx.o(HEAP) refers (Special) to heapauxi.o(.text) for __use_two_region_memory
    startup_lpc17xx.o(RESET) refers (Special) to heapauxi.o(.text) for __use_two_region_memory
    startup_lpc17xx.o(RESET) refers to startup_lpc17xx.o(STACK) for __initial_sp
    startup_lpc17xx.o(RESET) refers to startup_lpc17xx.o(.text) for Reset_Handler
    startup_lpc17xx.o(.ARM.__at_0x02FC) refers (Special) to heapauxi.o(.text) for __use_two_region_memory
    startup_lpc17xx.o(.text) refers (Special) to heapauxi.o(.text) for __use_two_region_memory
    startup_lpc17xx.o(.text) refers to __main.o(!!!main) for __main
    startup_lpc17xx.o(.text) refers to startup_lpc17xx.o(HEAP) for Heap_Mem
    startup_lpc17xx.o(.text) refers to startup_lpc17xx.o(STACK) for Stack_Mem
    joystick.o(.text) refers to strcpy.o(.text) for strcpy
    joystick.o(.text) refers to joystick.o(.data) for KBD_neutral
    blinky.o(.text) refers to _printf_pad.o(.text) for _printf_pre_padding
    blinky.o(.text) refers to _printf_percent.o(.ARM.Collect$$_printf_percent$$00000000) for _printf_percent
    blinky.o(.text) refers to _printf_x.o(.ARM.Collect$$_printf_percent$$0000000C) for _printf_x
    blinky.o(.text) refers to _printf_hex_int.o(.text) for _printf_longlong_hex
    blinky.o(.text) refers to _printf_s.o(.ARM.Collect$$_printf_percent$$00000014) for _printf_s
    blinky.o(.text) refers to _printf_str.o(.text) for _printf_str
    blinky.o(.text) refers to led.o(.text) for LED_Init
    blinky.o(.text) refers to adc.o(.text) for ADC_Init
    blinky.o(.text) refers to joystick.o(.text) for JOYSTICK_Init
    blinky.o(.text) refers to glcd_spi_lpc1700.o(.text) for GLCD_Init
    blinky.o(.text) refers to noretval__2sprintf.o(.text) for __2sprintf
    blinky.o(.text) refers to noretval__2printf.o(.text) for __2printf
    blinky.o(.text) refers to strcpy.o(.text) for strcpy
    blinky.o(.text) refers to strcmpv7m.o(.text) for strcmp
    blinky.o(.text) refers to strcat.o(.text) for strcat
    blinky.o(.text) refers to adc.o(.data) for AD_done
    blinky.o(.text) refers to blinky.o(.data) for ADC_Dbg
    blinky.o(.text) refers to blinky.o(.bss) for adc_value
    glcd_spi_lpc1700.o(.text) refers to glcd_spi_lpc1700.o(.data) for Himax
    glcd_spi_lpc1700.o(.text) refers to glcd_spi_lpc1700.o(.constdata) for Font_6x8_h
    adc.o(.text) refers to adc.o(.data) for AD_last
    __2printf.o(.text) refers to _printf_char_file.o(.text) for _printf_char_file
    __2printf.o(.text) refers to blinky.o(.data) for __stdout
    __2sprintf.o(.text) refers to _printf_char_common.o(.text) for _printf_char_common
    __2sprintf.o(.text) refers to _sputc.o(.text) for _sputc
    noretval__2printf.o(.text) refers to _printf_char_file.o(.text) for _printf_char_file
    noretval__2printf.o(.text) refers to blinky.o(.data) for __stdout
    noretval__2sprintf.o(.text) refers to _printf_char_common.o(.text) for _printf_char_common
    noretval__2sprintf.o(.text) refers to _sputc.o(.text) for _sputc
    __printf.o(.text) refers to _printf_percent.o(.ARM.Collect$$_printf_percent$$00000000) for _printf_percent
    _printf_str.o(.text) refers (Special) to _printf_char.o(.text) for _printf_cs_common
    _printf_str.o(.text) refers (Weak) to _printf_pad.o(.text) for _printf_pre_padding
    _printf_str.o(.text) refers (Weak) to _printf_pad.o(.text) for _printf_post_padding
    _printf_hex_ll.o(.text) refers to _printf_intcommon.o(.text) for _printf_int_common
    _printf_hex_ll.o(.text) refers to _printf_hex_ll.o(.constdata) for .constdata
    _printf_hex_int.o(.text) refers to _printf_intcommon.o(.text) for _printf_int_common
    _printf_hex_int.o(.text) refers to _printf_hex_int.o(.constdata) for .constdata
    _printf_hex_int_ll.o(.text) refers to _printf_intcommon.o(.text) for _printf_int_common
    _printf_hex_int_ll.o(.text) refers to _printf_hex_int_ll.o(.constdata) for .constdata
    _printf_hex_ptr.o(.text) refers to _printf_intcommon.o(.text) for _printf_int_common
    _printf_hex_ptr.o(.text) refers to _printf_hex_ptr.o(.constdata) for .constdata
    _printf_hex_int_ptr.o(.text) refers to _printf_intcommon.o(.text) for _printf_int_common
    _printf_hex_int_ptr.o(.text) refers to _printf_hex_int_ptr.o(.constdata) for .constdata
    _printf_hex_ll_ptr.o(.text) refers to _printf_intcommon.o(.text) for _printf_int_common
    _printf_hex_ll_ptr.o(.text) refers to _printf_hex_ll_ptr.o(.constdata) for .constdata
    _printf_hex_int_ll_ptr.o(.text) refers to _printf_intcommon.o(.text) for _printf_int_common
    _printf_hex_int_ll_ptr.o(.text) refers to _printf_hex_int_ll_ptr.o(.constdata) for .constdata
    __printf_flags.o(.text) refers to _printf_percent.o(.ARM.Collect$$_printf_percent$$00000000) for _printf_percent
    __printf_flags.o(.text) refers to __printf_flags.o(.constdata) for .constdata
    __printf_ss.o(.text) refers to _printf_percent.o(.ARM.Collect$$_printf_percent$$00000000) for _printf_percent
    __printf_flags_ss.o(.text) refers to _printf_percent.o(.ARM.Collect$$_printf_percent$$00000000) for _printf_percent
    __printf_flags_ss.o(.text) refers to __printf_flags_ss.o(.constdata) for .constdata
    __printf_wp.o(.text) refers to __printf_wp.o(i._is_digit) for _is_digit
    __printf_wp.o(.text) refers to _printf_percent.o(.ARM.Collect$$_printf_percent$$00000000) for _printf_percent
    __printf_flags_wp.o(.text) refers to __printf_wp.o(i._is_digit) for _is_digit
    __printf_flags_wp.o(.text) refers to _printf_percent.o(.ARM.Collect$$_printf_percent$$00000000) for _printf_percent
    __printf_flags_wp.o(.text) refers to __printf_flags_wp.o(.constdata) for .constdata
    __printf_ss_wp.o(.text) refers to __printf_wp.o(i._is_digit) for _is_digit
    __printf_ss_wp.o(.text) refers to _printf_percent.o(.ARM.Collect$$_printf_percent$$00000000) for _printf_percent
    __printf_flags_ss_wp.o(.text) refers to __printf_wp.o(i._is_digit) for _is_digit
    __printf_flags_ss_wp.o(.text) refers to _printf_percent.o(.ARM.Collect$$_printf_percent$$00000000) for _printf_percent
    __printf_flags_ss_wp.o(.text) refers to __printf_flags_ss_wp.o(.constdata) for .constdata
    _printf_s.o(.ARM.Collect$$_printf_percent$$00000014) refers (Weak) to _printf_char.o(.text) for _printf_string
    _printf_x.o(.ARM.Collect$$_printf_percent$$0000000C) refers (Weak) to _printf_hex_int.o(.text) for _printf_int_hex
    _printf_percent.o(.ARM.Collect$$_printf_percent$$00000000) refers (Special) to _printf_percent_end.o(.ARM.Collect$$_printf_percent$$00000017) for _printf_percent_end
    __main.o(!!!main) refers to rtentry.o(.ARM.Collect$$rtentry$$00000000) for __rt_entry
    rtentry.o(.ARM.Collect$$rtentry$$00000000) refers (Special) to rtentry2.o(.ARM.Collect$$rtentry$$0000000A) for __rt_entry_li
    rtentry.o(.ARM.Collect$$rtentry$$00000000) refers (Special) to rtentry2.o(.ARM.Collect$$rtentry$$0000000D) for __rt_entry_main
    rtentry.o(.ARM.Collect$$rtentry$$00000000) refers (Special) to rtentry2.o(.ARM.Collect$$rtentry$$0000000C) for __rt_entry_postli_1
    rtentry.o(.ARM.Collect$$rtentry$$00000000) refers (Special) to rtentry2.o(.ARM.Collect$$rtentry$$00000009) for __rt_entry_postsh_1
    rtentry.o(.ARM.Collect$$rtentry$$00000000) refers (Special) to rtentry2.o(.ARM.Collect$$rtentry$$00000002) for __rt_entry_presh_1
    rtentry.o(.ARM.Collect$$rtentry$$00000000) refers (Special) to rtentry4.o(.ARM.Collect$$rtentry$$00000004) for __rt_entry_sh
    _printf_intcommon.o(.text) refers (Weak) to _printf_pad.o(.text) for _printf_pre_padding
    _printf_intcommon.o(.text) refers (Weak) to _printf_pad.o(.text) for _printf_pre_padding
    _printf_intcommon.o(.text) refers (Weak) to _printf_pad.o(.text) for _printf_post_padding
    _printf_char_common.o(.text) refers to __printf_flags_wp.o(.text) for __printf
    _printf_char.o(.text) refers (Weak) to _printf_str.o(.text) for _printf_str
    _printf_char_file.o(.text) refers to _printf_char_common.o(.text) for _printf_char_common
    _printf_char_file.o(.text) refers to ferror.o(.text) for ferror
    _printf_char_file.o(.text) refers to blinky.o(.text) for fputc
    rtentry2.o(.ARM.Collect$$rtentry$$00000008) refers to boardinit2.o(.text) for _platform_post_stackheap_init
    rtentry2.o(.ARM.Collect$$rtentry$$0000000A) refers to libinit.o(.ARM.Collect$$libinit$$00000000) for __rt_lib_init
    rtentry2.o(.ARM.Collect$$rtentry$$0000000B) refers to boardinit3.o(.text) for _platform_post_lib_init
    rtentry2.o(.ARM.Collect$$rtentry$$0000000D) refers to blinky.o(.text) for main
    rtentry2.o(.ARM.Collect$$rtentry$$0000000D) refers to exit.o(.text) for exit
    rtentry2.o(.ARM.exidx) refers to rtentry2.o(.ARM.Collect$$rtentry$$00000001) for .ARM.Collect$$rtentry$$00000001
    rtentry2.o(.ARM.exidx) refers to rtentry2.o(.ARM.Collect$$rtentry$$00000008) for .ARM.Collect$$rtentry$$00000008
    rtentry2.o(.ARM.exidx) refers to rtentry2.o(.ARM.Collect$$rtentry$$0000000A) for .ARM.Collect$$rtentry$$0000000A
    rtentry2.o(.ARM.exidx) refers to rtentry2.o(.ARM.Collect$$rtentry$$0000000B) for .ARM.Collect$$rtentry$$0000000B
    rtentry2.o(.ARM.exidx) refers to rtentry2.o(.ARM.Collect$$rtentry$$0000000D) for .ARM.Collect$$rtentry$$0000000D
    rtentry4.o(.ARM.Collect$$rtentry$$00000004) refers to sys_stackheap_outer.o(.text) for __user_setup_stackheap
    rtentry4.o(.ARM.exidx) refers to rtentry4.o(.ARM.Collect$$rtentry$$00000004) for .ARM.Collect$$rtentry$$00000004
    sys_stackheap_outer.o(.text) refers to libspace.o(.text) for __user_perproc_libspace
    sys_stackheap_outer.o(.text) refers to startup_lpc17xx.o(.text) for __user_initial_stackheap
    exit.o(.text) refers to rtexit.o(.ARM.Collect$$rtexit$$00000000) for __rt_exit
    libinit.o(.ARM.Collect$$libinit$$00000000) refers (Special) to libinit2.o(.ARM.Collect$$libinit$$0000002C) for __rt_lib_init_alloca_1
    libinit.o(.ARM.Collect$$libinit$$00000000) refers (Special) to libinit2.o(.ARM.Collect$$libinit$$0000002A) for __rt_lib_init_argv_1
    libinit.o(.ARM.Collect$$libinit$$00000000) refers (Special) to libinit2.o(.ARM.Collect$$libinit$$00000019) for __rt_lib_init_atexit_1
    libinit.o(.ARM.Collect$$libinit$$00000000) refers (Special) to libinit2.o(.ARM.Collect$$libinit$$0000001F) for __rt_lib_init_clock_1
    libinit.o(.ARM.Collect$$libinit$$00000000) refers (Special) to libinit2.o(.ARM.Collect$$libinit$$00000030) for __rt_lib_init_cpp_1
    libinit.o(.ARM.Collect$$libinit$$00000000) refers (Special) to libinit2.o(.ARM.Collect$$libinit$$0000002E) for __rt_lib_init_exceptions_1
    libinit.o(.ARM.Collect$$libinit$$00000000) refers (Special) to libinit2.o(.ARM.Collect$$libinit$$00000002) for __rt_lib_init_fp_1
    libinit.o(.ARM.Collect$$libinit$$00000000) refers (Special) to libinit2.o(.ARM.Collect$$libinit$$0000001D) for __rt_lib_init_fp_trap_1
    libinit.o(.ARM.Collect$$libinit$$00000000) refers (Special) to libinit2.o(.ARM.Collect$$libinit$$00000021) for __rt_lib_init_getenv_1
    libinit.o(.ARM.Collect$$libinit$$00000000) refers (Special) to libinit2.o(.ARM.Collect$$libinit$$00000008) for __rt_lib_init_heap_1
    libinit.o(.ARM.Collect$$libinit$$00000000) refers (Special) to libinit2.o(.ARM.Collect$$libinit$$0000000F) for __rt_lib_init_lc_collate_1
    libinit.o(.ARM.Collect$$libinit$$00000000) refers (Special) to libinit2.o(.ARM.Collect$$libinit$$00000011) for __rt_lib_init_lc_ctype_1
    libinit.o(.ARM.Collect$$libinit$$00000000) refers (Special) to libinit2.o(.ARM.Collect$$libinit$$00000013) for __rt_lib_init_lc_monetary_1
    libinit.o(.ARM.Collect$$libinit$$00000000) refers (Special) to libinit2.o(.ARM.Collect$$libinit$$00000015) for __rt_lib_init_lc_numeric_1
    libinit.o(.ARM.Collect$$libinit$$00000000) refers (Special) to libinit2.o(.ARM.Collect$$libinit$$00000017) for __rt_lib_init_lc_time_1
    libinit.o(.ARM.Collect$$libinit$$00000000) refers (Special) to libinit2.o(.ARM.Collect$$libinit$$0000000C) for __rt_lib_init_rand_1
    libinit.o(.ARM.Collect$$libinit$$00000000) refers (Special) to libinit2.o(.ARM.Collect$$libinit$$00000031) for __rt_lib_init_return
    libinit.o(.ARM.Collect$$libinit$$00000000) refers (Special) to libinit2.o(.ARM.Collect$$libinit$$0000001B) for __rt_lib_init_signal_1
    libinit.o(.ARM.Collect$$libinit$$00000000) refers (Special) to libinit2.o(.ARM.Collect$$libinit$$00000023) for __rt_lib_init_stdio_1
    libinit.o(.ARM.Collect$$libinit$$00000000) refers (Special) to libinit2.o(.ARM.Collect$$libinit$$0000000A) for __rt_lib_init_user_alloc_1
    libspace.o(.text) refers to libspace.o(.bss) for __libspace_start
    rtexit.o(.ARM.Collect$$rtexit$$00000000) refers (Special) to rtexit2.o(.ARM.Collect$$rtexit$$00000004) for __rt_exit_exit
    rtexit.o(.ARM.Collect$$rtexit$$00000000) refers (Special) to rtexit2.o(.ARM.Collect$$rtexit$$00000003) for __rt_exit_ls
    rtexit.o(.ARM.Collect$$rtexit$$00000000) refers (Special) to rtexit2.o(.ARM.Collect$$rtexit$$00000002) for __rt_exit_prels_1
    rtexit.o(.ARM.exidx) refers (Special) to rtexit2.o(.ARM.Collect$$rtexit$$00000004) for __rt_exit_exit
    rtexit.o(.ARM.exidx) refers (Special) to rtexit2.o(.ARM.Collect$$rtexit$$00000003) for __rt_exit_ls
    rtexit.o(.ARM.exidx) refers (Special) to rtexit2.o(.ARM.Collect$$rtexit$$00000002) for __rt_exit_prels_1
    rtexit.o(.ARM.exidx) refers to rtexit.o(.ARM.Collect$$rtexit$$00000000) for .ARM.Collect$$rtexit$$00000000
    libinit2.o(.ARM.Collect$$libinit$$0000000E) refers to libinit2.o(.ARM.Collect$$libinit$$0000000D) for .ARM.Collect$$libinit$$0000000D
    libinit2.o(.ARM.Collect$$libinit$$00000010) refers to libinit2.o(.ARM.Collect$$libinit$$0000000D) for .ARM.Collect$$libinit$$0000000D
    libinit2.o(.ARM.Collect$$libinit$$00000012) refers to libinit2.o(.ARM.Collect$$libinit$$0000000D) for .ARM.Collect$$libinit$$0000000D
    libinit2.o(.ARM.Collect$$libinit$$00000014) refers to libinit2.o(.ARM.Collect$$libinit$$0000000D) for .ARM.Collect$$libinit$$0000000D
    libinit2.o(.ARM.Collect$$libinit$$00000016) refers to libinit2.o(.ARM.Collect$$libinit$$0000000D) for .ARM.Collect$$libinit$$0000000D
    libinit2.o(.ARM.Collect$$libinit$$00000024) refers to argv_veneer.o(.emb_text) for __ARM_argv_veneer
    libinit2.o(.ARM.Collect$$libinit$$00000025) refers to argv_veneer.o(.emb_text) for __ARM_argv_veneer
    rtexit2.o(.ARM.Collect$$rtexit$$00000003) refers to libshutdown.o(.ARM.Collect$$libshutdown$$00000000) for __rt_lib_shutdown
    rtexit2.o(.ARM.Collect$$rtexit$$00000004) refers to sys_exit.o(.text) for _sys_exit
    rtexit2.o(.ARM.exidx) refers to rtexit2.o(.ARM.Collect$$rtexit$$00000001) for .ARM.Collect$$rtexit$$00000001
    rtexit2.o(.ARM.exidx) refers to rtexit2.o(.ARM.Collect$$rtexit$$00000003) for .ARM.Collect$$rtexit$$00000003
    rtexit2.o(.ARM.exidx) refers to rtexit2.o(.ARM.Collect$$rtexit$$00000004) for .ARM.Collect$$rtexit$$00000004
    argv_veneer.o(.emb_text) refers to no_argv.o(.text) for __ARM_get_argv
    sys_exit.o(.text) refers (Special) to use_no_semi.o(.text) for __I$use$semihosting
    sys_exit.o(.text) refers (Special) to indicate_semi.o(.text) for __semihosting_library_function
    _get_argv_nomalloc.o(.text) refers (Special) to hrguard.o(.text) for __heap_region$guard
    _get_argv_nomalloc.o(.text) refers to defsig_rtmem_outer.o(.text) for __rt_SIGRTMEM
    _get_argv_nomalloc.o(.text) refers to sys_command.o(.text) for _sys_command_string
    libshutdown.o(.ARM.Collect$$libshutdown$$00000000) refers (Special) to libshutdown2.o(.ARM.Collect$$libshutdown$$00000006) for __rt_lib_shutdown_fp_trap_1
    libshutdown.o(.ARM.Collect$$libshutdown$$00000000) refers (Special) to libshutdown2.o(.ARM.Collect$$libshutdown$$0000000E) for __rt_lib_shutdown_heap_1
    libshutdown.o(.ARM.Collect$$libshutdown$$00000000) refers (Special) to libshutdown2.o(.ARM.Collect$$libshutdown$$0000000F) for __rt_lib_shutdown_return
    libshutdown.o(.ARM.Collect$$libshutdown$$00000000) refers (Special) to libshutdown2.o(.ARM.Collect$$libshutdown$$00000009) for __rt_lib_shutdown_signal_1
    libshutdown.o(.ARM.Collect$$libshutdown$$00000000) refers (Special) to libshutdown2.o(.ARM.Collect$$libshutdown$$00000003) for __rt_lib_shutdown_stdio_1
    libshutdown.o(.ARM.Collect$$libshutdown$$00000000) refers (Special) to libshutdown2.o(.ARM.Collect$$libshutdown$$0000000B) for __rt_lib_shutdown_user_alloc_1
    sys_command.o(.text) refers (Special) to use_no_semi.o(.text) for __I$use$semihosting
    sys_command.o(.text) refers (Special) to indicate_semi.o(.text) for __semihosting_library_function
    defsig_rtmem_outer.o(.text) refers to defsig_rtmem_inner.o(.text) for __rt_SIGRTMEM_inner
    defsig_rtmem_outer.o(.text) refers to defsig_exit.o(.text) for __sig_exit
    defsig_rtmem_formal.o(.text) refers to rt_raise.o(.text) for __rt_raise
    rt_raise.o(.text) refers to __raise.o(.text) for __raise
    rt_raise.o(.text) refers to sys_exit.o(.text) for _sys_exit
    defsig_exit.o(.text) refers to sys_exit.o(.text) for _sys_exit
    defsig_rtmem_inner.o(.text) refers to defsig_general.o(.text) for __default_signal_display
    __raise.o(.text) refers to defsig.o(CL$$defsig) for __default_signal_handler
    defsig_general.o(.text) refers to sys_wrch.o(.text) for _ttywrch
    sys_wrch.o(.text) refers (Special) to use_no_semi.o(.text) for __I$use$semihosting
    sys_wrch.o(.text) refers (Special) to indicate_semi.o(.text) for __semihosting_library_function
    defsig.o(CL$$defsig) refers to defsig_rtmem_inner.o(.text) for __rt_SIGRTMEM_inner
    defsig_abrt_inner.o(.text) refers to defsig_general.o(.text) for __default_signal_display
    defsig_fpe_inner.o(.text) refers to defsig_general.o(.text) for __default_signal_display
    defsig_rtred_inner.o(.text) refers to defsig_general.o(.text) for __default_signal_display
    defsig_stak_inner.o(.text) refers to defsig_general.o(.text) for __default_signal_display
    defsig_pvfn_inner.o(.text) refers to defsig_general.o(.text) for __default_signal_display
    defsig_cppl_inner.o(.text) refers to defsig_general.o(.text) for __default_signal_display
    defsig_segv_inner.o(.text) refers to defsig_general.o(.text) for __default_signal_display
    defsig_other.o(.text) refers to defsig_general.o(.text) for __default_signal_display


==============================================================================

Removing Unused input sections from the image.

    Removing kdb.o(.rev16_text), (4 bytes).
    Removing kdb.o(.revsh_text), (4 bytes).
    Removing kdb.o(.text), (96 bytes).
    Removing kdb.o(.data), (4 bytes).
    Removing led.o(.rev16_text), (4 bytes).
    Removing led.o(.revsh_text), (4 bytes).
    Removing blinky.o(.rev16_text), (4 bytes).
    Removing blinky.o(.revsh_text), (4 bytes).
    Removing glcd_spi_lpc1700.o(.rev16_text), (4 bytes).
    Removing glcd_spi_lpc1700.o(.revsh_text), (4 bytes).
    Removing adc.o(.rev16_text), (4 bytes).
    Removing adc.o(.revsh_text), (4 bytes).

12 unused section(s) (total 140 bytes) removed from the image.

==============================================================================

Memory Map of the image

  Image Entry point : 0x00000000

  Load Region LR_1 (Base: 0x00008000, Size: 0x0000306c, Max: 0xffffffff, ABSOLUTE)

    Execution Region ER_RO (Base: 0x00008000, Size: 0x00003044, Max: 0xffffffff, ABSOLUTE)

    Base Addr    Size         Type   Attr      Idx    E Section Name        Object

    0x00008000   0x000000cc   Data   RO            3    RESET               startup_lpc17xx.o
    0x000080cc   0x00000008   Code   RO          283  * !!!main             c_w.l(__main.o)
    0x000080d4   0x00000000   Code   RO          274    .ARM.Collect$$_printf_percent$$00000000  c_w.l(_printf_percent.o)
    0x000080d4   0x00000006   Code   RO          273    .ARM.Collect$$_printf_percent$$0000000C  c_w.l(_printf_x.o)
    0x000080da   0x00000006   Code   RO          272    .ARM.Collect$$_printf_percent$$00000014  c_w.l(_printf_s.o)
    0x000080e0   0x00000004   Code   RO          296    .ARM.Collect$$_printf_percent$$00000017  c_w.l(_printf_percent_end.o)
    0x000080e4   0x00000002   Code   RO          327    .ARM.Collect$$libinit$$00000000  c_w.l(libinit.o)
    0x000080e6   0x00000000   Code   RO          334    .ARM.Collect$$libinit$$00000002  c_w.l(libinit2.o)
    0x000080e6   0x00000000   Code   RO          337    .ARM.Collect$$libinit$$00000008  c_w.l(libinit2.o)
    0x000080e6   0x00000000   Code   RO          339    .ARM.Collect$$libinit$$0000000A  c_w.l(libinit2.o)
    0x000080e6   0x00000000   Code   RO          341    .ARM.Collect$$libinit$$0000000C  c_w.l(libinit2.o)
    0x000080e6   0x00000000   Code   RO          344    .ARM.Collect$$libinit$$0000000F  c_w.l(libinit2.o)
    0x000080e6   0x00000000   Code   RO          346    .ARM.Collect$$libinit$$00000011  c_w.l(libinit2.o)
    0x000080e6   0x00000000   Code   RO          348    .ARM.Collect$$libinit$$00000013  c_w.l(libinit2.o)
    0x000080e6   0x00000000   Code   RO          350    .ARM.Collect$$libinit$$00000015  c_w.l(libinit2.o)
    0x000080e6   0x00000000   Code   RO          352    .ARM.Collect$$libinit$$00000017  c_w.l(libinit2.o)
    0x000080e6   0x00000000   Code   RO          354    .ARM.Collect$$libinit$$00000019  c_w.l(libinit2.o)
    0x000080e6   0x00000000   Code   RO          356    .ARM.Collect$$libinit$$0000001B  c_w.l(libinit2.o)
    0x000080e6   0x00000000   Code   RO          358    .ARM.Collect$$libinit$$0000001D  c_w.l(libinit2.o)
    0x000080e6   0x00000000   Code   RO          360    .ARM.Collect$$libinit$$0000001F  c_w.l(libinit2.o)
    0x000080e6   0x00000000   Code   RO          362    .ARM.Collect$$libinit$$00000021  c_w.l(libinit2.o)
    0x000080e6   0x00000000   Code   RO          364    .ARM.Collect$$libinit$$00000023  c_w.l(libinit2.o)
    0x000080e6   0x00000000   Code   RO          368    .ARM.Collect$$libinit$$0000002A  c_w.l(libinit2.o)
    0x000080e6   0x00000000   Code   RO          370    .ARM.Collect$$libinit$$0000002C  c_w.l(libinit2.o)
    0x000080e6   0x00000000   Code   RO          372    .ARM.Collect$$libinit$$0000002E  c_w.l(libinit2.o)
    0x000080e6   0x00000000   Code   RO          374    .ARM.Collect$$libinit$$00000030  c_w.l(libinit2.o)
    0x000080e6   0x00000002   Code   RO          375    .ARM.Collect$$libinit$$00000031  c_w.l(libinit2.o)
    0x000080e8   0x00000002   Code   RO          395    .ARM.Collect$$libshutdown$$00000000  c_w.l(libshutdown.o)
    0x000080ea   0x00000000   Code   RO          409    .ARM.Collect$$libshutdown$$00000003  c_w.l(libshutdown2.o)
    0x000080ea   0x00000000   Code   RO          412    .ARM.Collect$$libshutdown$$00000006  c_w.l(libshutdown2.o)
    0x000080ea   0x00000000   Code   RO          415    .ARM.Collect$$libshutdown$$00000009  c_w.l(libshutdown2.o)
    0x000080ea   0x00000000   Code   RO          417    .ARM.Collect$$libshutdown$$0000000B  c_w.l(libshutdown2.o)
    0x000080ea   0x00000000   Code   RO          420    .ARM.Collect$$libshutdown$$0000000E  c_w.l(libshutdown2.o)
    0x000080ea   0x00000002   Code   RO          421    .ARM.Collect$$libshutdown$$0000000F  c_w.l(libshutdown2.o)
    0x000080ec   0x00000000   Code   RO          285    .ARM.Collect$$rtentry$$00000000  c_w.l(rtentry.o)
    0x000080ec   0x00000000   Code   RO          298    .ARM.Collect$$rtentry$$00000002  c_w.l(rtentry2.o)
    0x000080ec   0x00000006   Code   RO          310    .ARM.Collect$$rtentry$$00000004  c_w.l(rtentry4.o)
    0x000080f2   0x00000000   Code   RO          300    .ARM.Collect$$rtentry$$00000009  c_w.l(rtentry2.o)
    0x000080f2   0x00000004   Code   RO          301    .ARM.Collect$$rtentry$$0000000A  c_w.l(rtentry2.o)
    0x000080f6   0x00000000   Code   RO          303    .ARM.Collect$$rtentry$$0000000C  c_w.l(rtentry2.o)
    0x000080f6   0x00000008   Code   RO          304    .ARM.Collect$$rtentry$$0000000D  c_w.l(rtentry2.o)
    0x000080fe   0x00000002   Code   RO          331    .ARM.Collect$$rtexit$$00000000  c_w.l(rtexit.o)
    0x00008100   0x00000000   Code   RO          377    .ARM.Collect$$rtexit$$00000002  c_w.l(rtexit2.o)
    0x00008100   0x00000004   Code   RO          378    .ARM.Collect$$rtexit$$00000003  c_w.l(rtexit2.o)
    0x00008104   0x00000006   Code   RO          379    .ARM.Collect$$rtexit$$00000004  c_w.l(rtexit2.o)
    0x0000810a   0x00000002   PAD
    0x0000810c   0x0000003c   Code   RO            5  * .text               startup_lpc17xx.o
    0x00008148   0x00000184   Code   RO           62    .text               led.o
    0x000082cc   0x000000ac   Code   RO           83    .text               joystick.o
    0x00008378   0x00000298   Code   RO          111    .text               blinky.o
    0x00008610   0x00000ba4   Code   RO          154    .text               glcd_spi_lpc1700.o
    0x000091b4   0x000000a8   Code   RO          191    .text               adc.o
    0x0000925c   0x00000018   Code   RO          221    .text               c_w.l(noretval__2printf.o)
    0x00009274   0x00000028   Code   RO          223    .text               c_w.l(noretval__2sprintf.o)
    0x0000929c   0x00000052   Code   RO          227    .text               c_w.l(_printf_pad.o)
    0x000092ee   0x00000052   Code   RO          229    .text               c_w.l(_printf_str.o)
    0x00009340   0x0000005c   Code   RO          234    .text               c_w.l(_printf_hex_int.o)
    0x0000939c   0x0000013c   Code   RO          264    .text               c_w.l(__printf_flags_wp.o)
    0x000094d8   0x00000048   Code   RO          275    .text               c_w.l(strcpy.o)
    0x00009520   0x00000018   Code   RO          277    .text               c_w.l(strcat.o)
    0x00009538   0x00000080   Code   RO          279    .text               c_w.l(strcmpv7m.o)
    0x000095b8   0x00000006   Code   RO          281    .text               c_w.l(heapauxi.o)
    0x000095be   0x000000b8   Code   RO          286    .text               c_w.l(_printf_intcommon.o)
    0x00009676   0x00000002   PAD
    0x00009678   0x00000030   Code   RO          288    .text               c_w.l(_printf_char_common.o)
    0x000096a8   0x0000000a   Code   RO          290    .text               c_w.l(_sputc.o)
    0x000096b2   0x0000002c   Code   RO          292    .text               c_w.l(_printf_char.o)
    0x000096de   0x00000002   PAD
    0x000096e0   0x00000024   Code   RO          294    .text               c_w.l(_printf_char_file.o)
    0x00009704   0x00000008   Code   RO          314    .text               c_w.l(ferror.o)
    0x0000970c   0x0000004a   Code   RO          318    .text               c_w.l(sys_stackheap_outer.o)
    0x00009756   0x0000000c   Code   RO          320    .text               c_w.l(exit.o)
    0x00009762   0x00000002   PAD
    0x00009764   0x00000008   Code   RO          328    .text               c_w.l(libspace.o)
    0x0000976c   0x0000000c   Code   RO          387    .text               c_w.l(sys_exit.o)
    0x00009778   0x00000002   Code   RO          398    .text               c_w.l(use_no_semi.o)
    0x0000977a   0x00000000   Code   RO          400    .text               c_w.l(indicate_semi.o)
    0x0000977a   0x0000000e   Code   RO          262    i._is_digit         c_w.l(__printf_wp.o)
    0x00009788   0x00001880   Data   RO          155    .constdata          glcd_spi_lpc1700.o
    0x0000b008   0x00000028   Data   RO          235    .constdata          c_w.l(_printf_hex_int.o)
    0x0000b030   0x00000011   Data   RO          265    .constdata          c_w.l(__printf_flags_wp.o)
    0x0000b041   0x00000003   PAD
    0x0000b044   0x00000000   Data   RO          452    Region$$Table       anon$$obj.o


    Execution Region ER_RW (Base: 0x0000b044, Size: 0x00000028, Max: 0xffffffff, ABSOLUTE)

    Base Addr    Size         Type   Attr      Idx    E Section Name        Object

    0x0000b044   0x0000000a   Data   RW           84    .data               joystick.o
    0x0000b04e   0x00000002   PAD
    0x0000b050   0x00000010   Data   RW          113    .data               blinky.o
    0x0000b060   0x00000005   Data   RW          156    .data               glcd_spi_lpc1700.o
    0x0000b065   0x00000001   PAD
    0x0000b066   0x00000004   Data   RW          192    .data               adc.o


    Execution Region ER_ZI (Base: 0x0000b06c, Size: 0x00000284, Max: 0xffffffff, ABSOLUTE)

    Base Addr    Size         Type   Attr      Idx    E Section Name        Object

    0x0000b06c   0x00000024   Zero   RW          112    .bss                blinky.o
    0x0000b090   0x00000060   Zero   RW          329    .bss                c_w.l(libspace.o)
    0x0000b0f0   0x00000000   Zero   RW            2    HEAP                startup_lpc17xx.o
    0x0000b0f0   0x00000200   Zero   RW            1    STACK               startup_lpc17xx.o



  Load Region LR$$.ARM.__at_0x02FC (Base: 0x000002fc, Size: 0x00000000, Max: 0x00000004, ABSOLUTE)

    Execution Region ER$$.ARM.__at_0x02FC (Base: 0x000002fc, Size: 0x00000000, Max: 0x00000004, ABSOLUTE, UNINIT)

    **** No section assigned to this execution region ****

