<html>
<body>
<pre>
<h1>µVision Build Log</h1>
<h2>Project:</h2>
S:\COE718\Blinky\Blinky.uvproj
Project File Date:  09/09/2019

<h2>Output:</h2>
Build target 'LCP1768'
linking...
Program Size: Code=6338 RO-data=6602 RW-data=40 ZI-data=624  
".\Blinky.axf" - 0 Error(s), 0 Warning(s).
Load "S:\\COE718\\Blinky\\Blinky.axf" 
Internal DLL Error
Error: Flash Download failed  -  Target DLL has been cancelled
Load "S:\\COE718\\Blinky\\Blinky.axf" 
Erase Done.
Programming Done.
Verify OK.

Load "S:\\COE718\\Blinky\\Blinky.axf" 
_____^
*** error 56: cannot open file
Error: Flash Download failed  -  Could not load file 'S:\COE718\Blinky\Blinky.axf'
Load "S:\\COE718\\Blinky\\Blinky.axf" 
_____^
*** error 56: cannot open file
Error: Flash Download failed  -  Could not load file 'S:\COE718\Blinky\Blinky.axf'
