<html>
<body>
<pre>
<h1>µVision Build Log</h1>
<h2>Project:</h2>
S:\COE718\Blinky\Blinky.uvproj
Project File Date:  09/23/2019

<h2>Output:</h2>
Rebuild target 'Target 1'
assembling startup_LPC17xx.s...
compiling system_LPC17xx.c...
compiling KDB.c...
compiling LED.c...
compiling Joystick.c...
compiling Blinky.c...
compiling GLCD_SPI_LPC1700.c...
compiling ADC.c...
compiling IRQ.c...
linking...
Program Size: Code=6932 RO-data=6600 RW-data=52 ZI-data=660  
".\Blinky.axf" - 0 Error(s), 0 Warning(s).
Load "S:\\COE718\\Blinky\\Blinky.axf" 
Erase Done.
Programming Done.
Verify OK.
</pre>
</body>
</html>
