<html>
<body>
<pre>
<h1>µVision Build Log</h1>
<h2>Project:</h2>
S:\COE718\Lab_3b\p2.2.uvproj
Project File Date:  10/28/2019

<h2>Output:</h2>
Rebuild target 'LPC1768'
assembling startup_LPC17xx.s...
compiling system_LPC17xx.c...
compiling Demo-2.c...
compiling ADC.c...
compiling GLCD_SPI_LPC1700.c...
compiling LED.c...
compiling RTX_Conf_CM.c...
part2\RTX_Conf_CM.c(277): warning:  #1-D: last line of file ends without a newline
   *---------------------------------------------------------------------------*/
part2\RTX_Conf_CM.c: 1 warning, 0 errors
linking...
Program Size: Code=21584 RO-data=6992 RW-data=120 ZI-data=30936  
".\p2.2" - 0 Error(s), 1 Warning(s).
Load "S:\\COE718\\Lab_3b\\p2.2" 
Erase Done.
Programming Done.
Verify OK.
ferenced
   char out[20];
part2\Demo-2.c: 5 warnings, 0 errors
compiling ADC.c...
compiling GLCD_SPI_LPC1700.c...
compiling LED.c...
compiling RTX_Conf_CM.c...
part2\RTX_Conf_CM.c(277): warning:  #1-D: last line of file ends without a newline
   *---------------------------------------------------------------------------*/
part2\RTX_Conf_CM.c: 1 warning, 0 errors
linking...
Program Size: Code=13892 RO-data=540 RW-data=112 ZI-data=30936  
".\p2.2" - 0 Error(s), 6 Warning(s).
Load "S:\\COE718\\Lab_3b\\p2.2" 
Erase Done.
Programming Done.
Verify OK.
nto .ANY selector(s).
Not enough information to list image symbols.
Not enough information to list the image map.
Finished: 2 information, 0 warning and 2 error messages.
".\p2.2" - 2 Error(s), 6 Warning(s).
Target not created
: Error: L6218E: Undefined symbol rt_tsk_pass (referred from demo-2.o).
.\p2.2: Error: L6218E: Undefined symbol osTimerThread (referred from rtx_conf_cm.o).
.\p2.2: Error: L6218E: Undefined symbol rt_mut_init (referred from rtx_conf_cm.o).
.\p2.2: Error: L6218E: Undefined symbol rt_mut_release (referred from rtx_conf_cm.o).
.\p2.2: Error: L6218E: Undefined symbol rt_mut_wait (referred from rtx_conf_cm.o).
.\p2.2: Error: L6218E: Undefined symbol rt_tsk_self (referred from rtx_conf_cm.o).
Not enough information to list image symbols.
Finished: 1 information, 0 warning and 11 error messages.
".\p2.2" - 11 Error(s), 6 Warning(s).
Target not created
