<html>
<body>
<pre>
<h1>µVision Build Log</h1>
<h2>Project:</h2>
S:\COE718\Bitbanding_L2\BitBand.uvproj
Project File Date:  09/25/2019

<h2>Output:</h2>
Build target 'LPC1768'
compiling bitbandled.c...
linking...
Program Size: Code=4948 RO-data=6540 RW-data=28 ZI-data=612  
".\BitBand.axf" - 0 Error(s), 0 Warning(s).
Load "S:\\COE718\\Bitbanding_L2\\BitBand.axf" 
Erase Done.
Programming Done.
Verify OK.
</pre>
</body>
</html>
 GLCD_DisplayString(1, 0, __FI, (unsigned char *)"P1.32 P2.2 ON with BB")'
bitbandled.c: 0 warnings, 2 errors
".\BitBand.axf" - 2 Error(s), 0 Warning(s).
Target not created
.
compiling IRQ.c...
".\BitBand.axf" - 2 Error(s), 0 Warning(s).
Target not created
